
┌─ 1 (root, init)
│   k: #execute ~> CONTINUATION:K
│   pc: 0
│   callDepth: 0
│   statusCode: STATUSCODE:StatusCode
│   src: test/nested/SimpleNested.t.sol:7:11
│   method: test%BMCLoopsTest.test_bmc(uint256)
│
│  (350 steps)
├─ 3 (split)
│   k: JUMPI 1989 bool2Word ( KV0_n:Int <=Int 0 ) ~> #pc [ JUMPI ] ~> #execute ~> CONTI ...
│   pc: 1960
│   callDepth: 0
│   statusCode: STATUSCODE:StatusCode
│   src: lib/forge-std/src/StdInvariant.sol:92:92
│   method: test%BMCLoopsTest.test_bmc(uint256)
┃
┃ (branch)
┣━━┓ subst: .Subst
┃  ┃ constraint:
┃  ┃     KV0_n:Int <=Int 0
┃  │
┃  ├─ 4
┃  │   k: JUMPI 1989 bool2Word ( KV0_n:Int <=Int 0 ) ~> #pc [ JUMPI ] ~> #execute ~> CONTI ...
┃  │   pc: 1960
┃  │   callDepth: 0
┃  │   statusCode: STATUSCODE:StatusCode
┃  │   src: lib/forge-std/src/StdInvariant.sol:92:92
┃  │   method: test%BMCLoopsTest.test_bmc(uint256)
┃  │
┃  │  (207 steps)
┃  ├─ 6
┃  │   k: STATICCALL 0 645326474426547203313410069153905908525362434349 128 68 128 0 ~> #p ...
┃  │   pc: 2914
┃  │   callDepth: 0
┃  │   statusCode: STATUSCODE:StatusCode
┃  │   method: test%BMCLoopsTest.test_bmc(uint256)
┃  │
┃  │  (1 step)
┃  ├─ 8
┃  │   k: #accessAccounts 645326474426547203313410069153905908525362434349 ~> #checkCall 7 ...
┃  │   pc: 2914
┃  │   callDepth: 0
┃  │   statusCode: STATUSCODE:StatusCode
┃  │   method: test%BMCLoopsTest.test_bmc(uint256)
┃  │
┃  │  (137 steps)
┃  ├─ 11
┃  │   k: #end EVMC_SUCCESS ~> #pc [ STOP ] ~> #execute ~> CONTINUATION:K
┃  │   pc: 326
┃  │   callDepth: 0
┃  │   statusCode: STATUSCODE:StatusCode
┃  │   src: lib/forge-std/src/StdInvariant.sol:103:105
┃  │   method: test%BMCLoopsTest.test_bmc(uint256)
┃  │
┃  │  (1 step)
┃  ├─ 14
┃  │   k: #halt ~> #pc [ STOP ] ~> #execute ~> CONTINUATION:K
┃  │   pc: 326
┃  │   callDepth: 0
┃  │   statusCode: EVMC_SUCCESS
┃  │   src: lib/forge-std/src/StdInvariant.sol:103:105
┃  │   method: test%BMCLoopsTest.test_bmc(uint256)
┃  │
┃  │  (2 steps)
┃  └─ 18 (leaf, pending)
┃      k: #halt ~> CONTINUATION:K
┃      pc: 326
┃      callDepth: 0
┃      statusCode: EVMC_SUCCESS
┃      src: lib/forge-std/src/StdInvariant.sol:103:105
┃      method: test%BMCLoopsTest.test_bmc(uint256)
┃
┗━━┓ subst: .Subst
   ┃ constraint:
   ┃     0 <Int KV0_n:Int
   │
   ├─ 5
   │   k: JUMPI 1989 bool2Word ( KV0_n:Int <=Int 0 ) ~> #pc [ JUMPI ] ~> #execute ~> CONTI ...
   │   pc: 1960
   │   callDepth: 0
   │   statusCode: STATUSCODE:StatusCode
   │   src: lib/forge-std/src/StdInvariant.sol:92:92
   │   method: test%BMCLoopsTest.test_bmc(uint256)
   │
   │  (224 steps)
   ├─ 7 (split)
   │   k: JUMPI 1989 bool2Word ( KV0_n:Int <=Int 1 ) ~> #pc [ JUMPI ] ~> #execute ~> CONTI ...
   │   pc: 1960
   │   callDepth: 0
   │   statusCode: STATUSCODE:StatusCode
   │   src: lib/forge-std/src/StdInvariant.sol:92:92
   │   method: test%BMCLoopsTest.test_bmc(uint256)
   ┃
   ┃ (branch)
   ┣━━┓ subst: .Subst
   ┃  ┃ constraint:
   ┃  ┃     KV0_n:Int <=Int 1
   ┃  │
   ┃  ├─ 9
   ┃  │   k: JUMPI 1989 bool2Word ( KV0_n:Int <=Int 1 ) ~> #pc [ JUMPI ] ~> #execute ~> CONTI ...
   ┃  │   pc: 1960
   ┃  │   callDepth: 0
   ┃  │   statusCode: STATUSCODE:StatusCode
   ┃  │   src: lib/forge-std/src/StdInvariant.sol:92:92
   ┃  │   method: test%BMCLoopsTest.test_bmc(uint256)
   ┃  │
   ┃  │  (207 steps)
   ┃  ├─ 12
   ┃  │   k: STATICCALL 0 645326474426547203313410069153905908525362434349 128 68 128 0 ~> #p ...
   ┃  │   pc: 2914
   ┃  │   callDepth: 0
   ┃  │   statusCode: STATUSCODE:StatusCode
   ┃  │   method: test%BMCLoopsTest.test_bmc(uint256)
   ┃  │
   ┃  │  (1 step)
   ┃  ├─ 15
   ┃  │   k: #accessAccounts 645326474426547203313410069153905908525362434349 ~> #checkCall 7 ...
   ┃  │   pc: 2914
   ┃  │   callDepth: 0
   ┃  │   statusCode: STATUSCODE:StatusCode
   ┃  │   method: test%BMCLoopsTest.test_bmc(uint256)
   ┃  │
   ┃  │  (137 steps)
   ┃  └─ 19 (leaf, pending)
   ┃      k: #end EVMC_SUCCESS ~> #pc [ STOP ] ~> #execute ~> CONTINUATION:K
   ┃      pc: 326
   ┃      callDepth: 0
   ┃      statusCode: STATUSCODE:StatusCode
   ┃      src: lib/forge-std/src/StdInvariant.sol:103:105
   ┃      method: test%BMCLoopsTest.test_bmc(uint256)
   ┃
   ┗━━┓ subst: .Subst
      ┃ constraint:
      ┃     1 <Int KV0_n:Int
      │
      ├─ 10
      │   k: JUMPI 1989 bool2Word ( KV0_n:Int <=Int 1 ) ~> #pc [ JUMPI ] ~> #execute ~> CONTI ...
      │   pc: 1960
      │   callDepth: 0
      │   statusCode: STATUSCODE:StatusCode
      │   src: lib/forge-std/src/StdInvariant.sol:92:92
      │   method: test%BMCLoopsTest.test_bmc(uint256)
      │
      │  (224 steps)
      ├─ 13 (split)
      │   k: JUMPI 1989 bool2Word ( KV0_n:Int <=Int 2 ) ~> #pc [ JUMPI ] ~> #execute ~> CONTI ...
      │   pc: 1960
      │   callDepth: 0
      │   statusCode: STATUSCODE:StatusCode
      │   src: lib/forge-std/src/StdInvariant.sol:92:92
      │   method: test%BMCLoopsTest.test_bmc(uint256)
      ┃
      ┃ (branch)
      ┣━━┓ subst: .Subst
      ┃  ┃ constraint:
      ┃  ┃     KV0_n:Int <=Int 2
      ┃  │
      ┃  ├─ 16
      ┃  │   k: JUMPI 1989 bool2Word ( KV0_n:Int <=Int 2 ) ~> #pc [ JUMPI ] ~> #execute ~> CONTI ...
      ┃  │   pc: 1960
      ┃  │   callDepth: 0
      ┃  │   statusCode: STATUSCODE:StatusCode
      ┃  │   src: lib/forge-std/src/StdInvariant.sol:92:92
      ┃  │   method: test%BMCLoopsTest.test_bmc(uint256)
      ┃  │
      ┃  │  (207 steps)
      ┃  └─ 20 (leaf, pending)
      ┃      k: STATICCALL 0 645326474426547203313410069153905908525362434349 128 68 128 0 ~> #p ...
      ┃      pc: 2914
      ┃      callDepth: 0
      ┃      statusCode: STATUSCODE:StatusCode
      ┃      method: test%BMCLoopsTest.test_bmc(uint256)
      ┃
      ┗━━┓ subst: .Subst
         ┃ constraint:
         ┃     2 <Int KV0_n:Int
         │
         └─ 17 (leaf, pending)
             k: JUMPI 1989 bool2Word ( KV0_n:Int <=Int 2 ) ~> #pc [ JUMPI ] ~> #execute ~> CONTI ...
             pc: 1960
             callDepth: 0
             statusCode: STATUSCODE:StatusCode
             src: lib/forge-std/src/StdInvariant.sol:92:92
             method: test%BMCLoopsTest.test_bmc(uint256)


┌─ 2 (root, leaf, target, terminal)
│   k: #halt ~> CONTINUATION:K
│   pc: PC_CELL_5d410f2a:Int
│   callDepth: CALLDEPTH_CELL_5d410f2a:Int
│   statusCode: STATUSCODE_FINAL:StatusCode



