requires "contracts.k"
requires "requires/lemmas.k"

module FOUNDRY-MAIN
    imports public AccountParamsTest-VERIFICATION
    imports public AddrTest-VERIFICATION
    imports public AllowChangesTest-VERIFICATION
    imports public ValueStore-VERIFICATION
    imports public AmbiguousTest-VERIFICATION
    imports public ArithmeticTest-VERIFICATION
    imports public AssumeTest-VERIFICATION
    imports public BMCLoopsTest-VERIFICATION
    imports public CommonBase-VERIFICATION
    imports public ScriptBase-VERIFICATION
    imports public TestBase-VERIFICATION
    imports public BlockParamsTest-VERIFICATION
    imports public BroadcastTest-VERIFICATION
    imports public Constants-VERIFICATION
    imports public Contract-VERIFICATION
    imports public ContractTest-VERIFICATION
    imports public ContractBTest-VERIFICATION
    imports public Counter-VERIFICATION
    imports public CounterTest-VERIFICATION
    imports public DynamicTypes-VERIFICATION
    imports public ExpectEmit-VERIFICATION
    imports public EmitContractTest-VERIFICATION
    imports public EnvTest-VERIFICATION
    imports public Dummy-VERIFICATION
    imports public ExpectCallTest-VERIFICATION
    imports public DepthReverter-VERIFICATION
    imports public ExpectRevertTest-VERIFICATION
    imports public Reverter-VERIFICATION
    imports public ReverterWithReturn-VERIFICATION
    imports public FfiTest-VERIFICATION
    imports public FilesTest-VERIFICATION
    imports public ForkTest-VERIFICATION
    imports public FreshIntTest-VERIFICATION
    imports public GasTest-VERIFICATION
    imports public GetCodeTest-VERIFICATION
    imports public IMulticall3-VERIFICATION
    imports public InitCodeTest-VERIFICATION
    imports public InitCodeBranchTest-VERIFICATION
    imports public KEVMCheats-VERIFICATION
    imports public KEVMCheatsBase-VERIFICATION
    imports public LabelTest-VERIFICATION
    imports public LoopsTest-VERIFICATION
    imports public MergeTest-VERIFICATION
    imports public MethodDisambiguateTest-VERIFICATION
    imports public MockCallTest-VERIFICATION
    imports public MyIERC20-VERIFICATION
    imports public MyToken-VERIFICATION
    imports public NoImport-VERIFICATION
    imports public OwnerUpOnly-VERIFICATION
    imports public OwnerUpOnlyTest-VERIFICATION
    imports public AdditionalToken-VERIFICATION
    imports public PlainPrankTest-VERIFICATION
    imports public Prank-VERIFICATION
    imports public PrankTest-VERIFICATION
    imports public PreconditionsTest-VERIFICATION
    imports public RecordLogsTest-VERIFICATION
    imports public Safe-VERIFICATION
    imports public SafeTest-VERIFICATION
    imports public Setup2Test-VERIFICATION
    imports public SetUpDeployTest-VERIFICATION
    imports public SetUpTest-VERIFICATION
    imports public SignTest-VERIFICATION
    imports public AssertTest-VERIFICATION
    imports public SnapshotTest-VERIFICATION
    imports public StdAssertions-VERIFICATION
    imports public StdChains-VERIFICATION
    imports public StdCheats-VERIFICATION
    imports public StdCheatsSafe-VERIFICATION
    imports public stdError-VERIFICATION
    imports public StdInvariant-VERIFICATION
    imports public stdJson-VERIFICATION
    imports public stdMath-VERIFICATION
    imports public stdStorage-VERIFICATION
    imports public stdStorageSafe-VERIFICATION
    imports public StdStyle-VERIFICATION
    imports public StdUtils-VERIFICATION
    imports public Store-VERIFICATION
    imports public StoreTest-VERIFICATION
    imports public SymbolicStorageTest-VERIFICATION
    imports public SymbolicStore-VERIFICATION
    imports public Test-VERIFICATION
    imports public TestNumber-VERIFICATION
    imports public ToStringTest-VERIFICATION
    imports public Token-VERIFICATION
    imports public BytesTypeTest-VERIFICATION
    imports public IntTypeTest-VERIFICATION
    imports public UintTypeTest-VERIFICATION
    imports public Vm-VERIFICATION
    imports public VmSafe-VERIFICATION
    imports public console-VERIFICATION
    imports public console2-VERIFICATION
    imports public safeconsole-VERIFICATION
    imports public DSTest-VERIFICATION
    
    

endmodule

module AccountParamsTest-VERIFICATION
    imports public AccountParamsTest-CONTRACT
    
    

endmodule

module AddrTest-VERIFICATION
    imports public AddrTest-CONTRACT
    
    

endmodule

module AllowChangesTest-VERIFICATION
    imports public AllowChangesTest-CONTRACT
    
    

endmodule

module ValueStore-VERIFICATION
    imports public ValueStore-CONTRACT
    
    

endmodule

module AmbiguousTest-VERIFICATION
    imports public AmbiguousTest-CONTRACT
    
    

endmodule

module ArithmeticTest-VERIFICATION
    imports public ArithmeticTest-CONTRACT
    
    

endmodule

module AssumeTest-VERIFICATION
    imports public AssumeTest-CONTRACT
    
    

endmodule

module BMCLoopsTest-VERIFICATION
    imports public BMCLoopsTest-CONTRACT
    
    

endmodule

module CommonBase-VERIFICATION
    imports public CommonBase-CONTRACT
    
    

endmodule

module ScriptBase-VERIFICATION
    imports public ScriptBase-CONTRACT
    
    

endmodule

module TestBase-VERIFICATION
    imports public TestBase-CONTRACT
    
    

endmodule

module BlockParamsTest-VERIFICATION
    imports public BlockParamsTest-CONTRACT
    
    

endmodule

module BroadcastTest-VERIFICATION
    imports public BroadcastTest-CONTRACT
    
    

endmodule

module Constants-VERIFICATION
    imports public Constants-CONTRACT
    
    

endmodule

module Contract-VERIFICATION
    imports public Contract-CONTRACT
    
    

endmodule

module ContractTest-VERIFICATION
    imports public ContractTest-CONTRACT
    
    

endmodule

module ContractBTest-VERIFICATION
    imports public ContractBTest-CONTRACT
    
    

endmodule

module Counter-VERIFICATION
    imports public Counter-CONTRACT
    
    

endmodule

module CounterTest-VERIFICATION
    imports public CounterTest-CONTRACT
    
    

endmodule

module DynamicTypes-VERIFICATION
    imports public DynamicTypes-CONTRACT
    
    

endmodule

module ExpectEmit-VERIFICATION
    imports public ExpectEmit-CONTRACT
    
    

endmodule

module EmitContractTest-VERIFICATION
    imports public EmitContractTest-CONTRACT
    
    

endmodule

module EnvTest-VERIFICATION
    imports public EnvTest-CONTRACT
    
    

endmodule

module Dummy-VERIFICATION
    imports public Dummy-CONTRACT
    
    

endmodule

module ExpectCallTest-VERIFICATION
    imports public ExpectCallTest-CONTRACT
    
    

endmodule

module DepthReverter-VERIFICATION
    imports public DepthReverter-CONTRACT
    
    

endmodule

module ExpectRevertTest-VERIFICATION
    imports public ExpectRevertTest-CONTRACT
    
    

endmodule

module Reverter-VERIFICATION
    imports public Reverter-CONTRACT
    
    

endmodule

module ReverterWithReturn-VERIFICATION
    imports public ReverterWithReturn-CONTRACT
    
    

endmodule

module FfiTest-VERIFICATION
    imports public FfiTest-CONTRACT
    
    

endmodule

module FilesTest-VERIFICATION
    imports public FilesTest-CONTRACT
    
    

endmodule

module ForkTest-VERIFICATION
    imports public ForkTest-CONTRACT
    
    

endmodule

module FreshIntTest-VERIFICATION
    imports public FreshIntTest-CONTRACT
    
    

endmodule

module GasTest-VERIFICATION
    imports public GasTest-CONTRACT
    
    

endmodule

module GetCodeTest-VERIFICATION
    imports public GetCodeTest-CONTRACT
    
    

endmodule

module IMulticall3-VERIFICATION
    imports public IMulticall3-CONTRACT
    
    

endmodule

module InitCodeTest-VERIFICATION
    imports public InitCodeTest-CONTRACT
    
    

endmodule

module InitCodeBranchTest-VERIFICATION
    imports public InitCodeBranchTest-CONTRACT
    
    

endmodule

module KEVMCheats-VERIFICATION
    imports public KEVMCheats-CONTRACT
    
    

endmodule

module KEVMCheatsBase-VERIFICATION
    imports public KEVMCheatsBase-CONTRACT
    
    

endmodule

module LabelTest-VERIFICATION
    imports public LabelTest-CONTRACT
    
    

endmodule

module LoopsTest-VERIFICATION
    imports public LoopsTest-CONTRACT
    imports public SUM-TO-N-INVARIANT
    
    

endmodule

module MergeTest-VERIFICATION
    imports public MergeTest-CONTRACT
    
    

endmodule

module MethodDisambiguateTest-VERIFICATION
    imports public MethodDisambiguateTest-CONTRACT
    
    

endmodule

module MockCallTest-VERIFICATION
    imports public MockCallTest-CONTRACT
    
    

endmodule

module MyIERC20-VERIFICATION
    imports public MyIERC20-CONTRACT
    
    

endmodule

module MyToken-VERIFICATION
    imports public MyToken-CONTRACT
    
    

endmodule

module NoImport-VERIFICATION
    imports public NoImport-CONTRACT
    
    

endmodule

module OwnerUpOnly-VERIFICATION
    imports public OwnerUpOnly-CONTRACT
    
    

endmodule

module OwnerUpOnlyTest-VERIFICATION
    imports public OwnerUpOnlyTest-CONTRACT
    
    

endmodule

module AdditionalToken-VERIFICATION
    imports public AdditionalToken-CONTRACT
    
    

endmodule

module PlainPrankTest-VERIFICATION
    imports public PlainPrankTest-CONTRACT
    
    

endmodule

module Prank-VERIFICATION
    imports public Prank-CONTRACT
    
    

endmodule

module PrankTest-VERIFICATION
    imports public PrankTest-CONTRACT
    
    

endmodule

module PreconditionsTest-VERIFICATION
    imports public PreconditionsTest-CONTRACT
    
    

endmodule

module RecordLogsTest-VERIFICATION
    imports public RecordLogsTest-CONTRACT
    
    

endmodule

module Safe-VERIFICATION
    imports public Safe-CONTRACT
    
    

endmodule

module SafeTest-VERIFICATION
    imports public SafeTest-CONTRACT
    
    

endmodule

module Setup2Test-VERIFICATION
    imports public Setup2Test-CONTRACT
    
    

endmodule

module SetUpDeployTest-VERIFICATION
    imports public SetUpDeployTest-CONTRACT
    
    

endmodule

module SetUpTest-VERIFICATION
    imports public SetUpTest-CONTRACT
    
    

endmodule

module SignTest-VERIFICATION
    imports public SignTest-CONTRACT
    
    

endmodule

module AssertTest-VERIFICATION
    imports public AssertTest-CONTRACT
    
    

endmodule

module SnapshotTest-VERIFICATION
    imports public SnapshotTest-CONTRACT
    
    

endmodule

module StdAssertions-VERIFICATION
    imports public StdAssertions-CONTRACT
    
    

endmodule

module StdChains-VERIFICATION
    imports public StdChains-CONTRACT
    
    

endmodule

module StdCheats-VERIFICATION
    imports public StdCheats-CONTRACT
    
    

endmodule

module StdCheatsSafe-VERIFICATION
    imports public StdCheatsSafe-CONTRACT
    
    

endmodule

module stdError-VERIFICATION
    imports public stdError-CONTRACT
    
    

endmodule

module StdInvariant-VERIFICATION
    imports public StdInvariant-CONTRACT
    
    

endmodule

module stdJson-VERIFICATION
    imports public stdJson-CONTRACT
    
    

endmodule

module stdMath-VERIFICATION
    imports public stdMath-CONTRACT
    
    

endmodule

module stdStorage-VERIFICATION
    imports public stdStorage-CONTRACT
    
    

endmodule

module stdStorageSafe-VERIFICATION
    imports public stdStorageSafe-CONTRACT
    
    

endmodule

module StdStyle-VERIFICATION
    imports public StdStyle-CONTRACT
    
    

endmodule

module StdUtils-VERIFICATION
    imports public StdUtils-CONTRACT
    
    

endmodule

module Store-VERIFICATION
    imports public Store-CONTRACT
    
    

endmodule

module StoreTest-VERIFICATION
    imports public StoreTest-CONTRACT
    
    

endmodule

module SymbolicStorageTest-VERIFICATION
    imports public SymbolicStorageTest-CONTRACT
    
    

endmodule

module SymbolicStore-VERIFICATION
    imports public SymbolicStore-CONTRACT
    
    

endmodule

module Test-VERIFICATION
    imports public Test-CONTRACT
    
    

endmodule

module TestNumber-VERIFICATION
    imports public TestNumber-CONTRACT
    
    

endmodule

module ToStringTest-VERIFICATION
    imports public ToStringTest-CONTRACT
    
    

endmodule

module Token-VERIFICATION
    imports public Token-CONTRACT
    
    

endmodule

module BytesTypeTest-VERIFICATION
    imports public BytesTypeTest-CONTRACT
    
    

endmodule

module IntTypeTest-VERIFICATION
    imports public IntTypeTest-CONTRACT
    
    

endmodule

module UintTypeTest-VERIFICATION
    imports public UintTypeTest-CONTRACT
    
    

endmodule

module Vm-VERIFICATION
    imports public Vm-CONTRACT
    
    

endmodule

module VmSafe-VERIFICATION
    imports public VmSafe-CONTRACT
    
    

endmodule

module console-VERIFICATION
    imports public console-CONTRACT
    
    

endmodule

module console2-VERIFICATION
    imports public console2-CONTRACT
    
    

endmodule

module safeconsole-VERIFICATION
    imports public safeconsole-CONTRACT
    
    

endmodule

module DSTest-VERIFICATION
    imports public DSTest-CONTRACT
    
    

endmodule
