
┌─ 1 (root, init)
│   k: #execute ~> CONTINUATION:K
│   pc: 0
│   callDepth: 0
│   statusCode: STATUSCODE:StatusCode
│
│  (493 steps)
└─ 10 (leaf, terminal)
    k: #halt ~> CONTINUATION:K
    pc: 2995
    callDepth: 0
    statusCode: EVMC_REVERT


┌─ 7 (root, leaf, target, terminal)
│   k: #halt ~> CONTINUATION:K
│   pc: PC_CELL_5d410f2a:Int
│   callDepth: CALLDEPTH_CELL_5d410f2a:Int
│   statusCode: STATUSCODE_FINAL:StatusCode


Node 10:

( <generatedTop>
  <foundry>
    <kevm>
      <k>
        #halt
        ~> CONTINUATION:K
      </k>
      <mode>
        NORMAL
      </mode>
      <schedule>
        SHANGHAI
      </schedule>
      <useGas>
        false
      </useGas>
      <ethereum>
        <evm>
          <output>
            b"NH{q\x00\x00\x00\x00\x00\x00\x00\x00\x00\x00\x00\x00\x00\x00\x00\x00\x00\x00\x00\x00\x00\x00\x00\x00\x00\x00\x00\x00\x00\x00\x00\x01"
          </output>
          <statusCode>
            EVMC_REVERT
          </statusCode>
          <callStack>
            .List
          </callStack>
          <interimStates>
            .List
          </interimStates>
          <touchedAccounts>
            .Set
          </touchedAccounts>
          <callState>
            <id>
              728815563385977040452943777879061427756277306518
            </id>
            <caller>
              CALLER_ID:Int
            </caller>
            <callData>
              b"]\xde\xcb\xfd"
            </callData>
            <callValue>
              0
            </callValue>
            <wordStack>
              ( 614 : ( 327 : ( selector ( "test_assert_false()" ) : .WordStack ) ) )
            </wordStack>
            <localMem>
              b"NH{q\x00\x00\x00\x00\x00\x00\x00\x00\x00\x00\x00\x00\x00\x00\x00\x00\x00\x00\x00\x00\x00\x00\x00\x00\x00\x00\x00\x00\x00\x00\x00\x01\x00\x00\x00\x00\x00\x00\x00\x00\x00\x00\x00\x00\x00\x00\x00\x00\x00\x00\x00\x00\x00\x00\x00\x00\x00\x00\x00\x00\x00\x00\x00\x00\x00\x00\x00\x00\x00\x00\x00\x00\x00\x00\x00\x00\x00\x00\x00\x00\x00\x00\x00\x00\x00\x00\x00\x00\x00\x00\x00\x80"
            </localMem>
            <memoryUsed>
              0
            </memoryUsed>
            <callGas>
              0
            </callGas>
            <static>
              false
            </static>
            <callDepth>
              0
            </callDepth>
            ...
          </callState>
          <substate>
            <log>
              .List
            </log>
            <refund>
              0
            </refund>
            <accessedAccounts>
              .Set
            </accessedAccounts>
            <accessedStorage>
              .Map
            </accessedStorage>
            ...
          </substate>
          <origin>
            ORIGIN_ID:Int
          </origin>
          <block>
            <number>
              NUMBER_CELL:Int
            </number>
            <timestamp>
              TIMESTAMP_CELL:Int
            </timestamp>
            ...
          </block>
          ...
        </evm>
        <network>
          <accounts>
            ( <account>
              <acctID>
                645326474426547203313410069153905908525362434349
              </acctID>
              <balance>
                0
              </balance>
              <storage>
                .Map
              </storage>
              <origStorage>
                .Map
              </origStorage>
              <transientStorage>
                .Map
              </transientStorage>
              <nonce>
                0
              </nonce>
              ...
            </account>
            <account>
              <acctID>
                728815563385977040452943777879061427756277306518
              </acctID>
              <balance>
                0
              </balance>
              <storage>
                .Map
              </storage>
              <origStorage>
                .Map
              </origStorage>
              <transientStorage>
                .Map
              </transientStorage>
              <nonce>
                1
              </nonce>
              ...
            </account> )
          </accounts>
          ...
        </network>
      </ethereum>
      ...
    </kevm>
    <cheatcodes>
      <prank>
        <active>
          false
        </active>
        <singleCall>
          false
        </singleCall>
        ...
      </prank>
      <expectedRevert>
        <isRevertExpected>
          false
        </isRevertExpected>
        ...
      </expectedRevert>
      <expectedOpcode>
        <isOpcodeExpected>
          false
        </isOpcodeExpected>
        ...
      </expectedOpcode>
      <expectEmit>
        <recordEvent>
          false
        </recordEvent>
        <isEventExpected>
          false
        </isEventExpected>
        ...
      </expectEmit>
      <whitelist>
        <isCallWhitelistActive>
          false
        </isCallWhitelistActive>
        <isStorageWhitelistActive>
          false
        </isStorageWhitelistActive>
        <addressSet>
          .Set
        </addressSet>
        <storageSlotSet>
          .Set
        </storageSlotSet>
      </whitelist>
      <mockCalls>
        .MockCallCellMap
      </mockCalls>
    </cheatcodes>
    <KEVMTracing>
      <activeTracing>
        false
      </activeTracing>
      <traceStorage>
        false
      </traceStorage>
      <traceWordStack>
        false
      </traceWordStack>
      <traceMemory>
        false
      </traceMemory>
      <recordedTrace>
        false
      </recordedTrace>
      <traceData>
        .List
      </traceData>
    </KEVMTracing>
  </foundry>
  ...
</generatedTop>
#And ( { true #Equals 0 <=Int CALLER_ID:Int }
#And ( { true #Equals 0 <=Int ORIGIN_ID:Int }
#And ( { true #Equals 0 <=Int NUMBER_CELL:Int }
#And ( { true #Equals 0 <=Int TIMESTAMP_CELL:Int }
#And ( { true #Equals CALLER_ID:Int <Int pow160 }
#And ( { true #Equals ORIGIN_ID:Int <Int pow160 }
#And ( { true #Equals NUMBER_CELL:Int <=Int maxSInt256 }
#And ( { true #Equals TIMESTAMP_CELL:Int <Int pow256 }
#And ( { true #Equals ( notBool CALLER_ID:Int ==Int 645326474426547203313410069153905908525362434349 ) }
#And ( { true #Equals ( notBool ORIGIN_ID:Int ==Int 645326474426547203313410069153905908525362434349 ) }
#And ( { true #Equals ( notBool #range ( 0 < CALLER_ID:Int <= 9 ) ) }
#And { true #Equals ( notBool #range ( 0 < ORIGIN_ID:Int <= 9 ) ) } ) ) ) ) ) ) ) ) ) ) ) )



module SUMMARY-TEST%ASSERTTEST.TEST-ASSERT-FALSE():0
    
    
    rule [BASIC-BLOCK-1-TO-10]: <foundry>
           <kevm>
             <k>
               ( #execute => #halt )
               ~> _CONTINUATION
             </k>
             <mode>
               NORMAL
             </mode>
             <schedule>
               SHANGHAI
             </schedule>
             <useGas>
               false
             </useGas>
             <ethereum>
               <evm>
                 <output>
                   ( b"" => b"NH{q\x00\x00\x00\x00\x00\x00\x00\x00\x00\x00\x00\x00\x00\x00\x00\x00\x00\x00\x00\x00\x00\x00\x00\x00\x00\x00\x00\x00\x00\x00\x00\x01" )
                 </output>
                 <statusCode>
                   ( _STATUSCODE => EVMC_REVERT )
                 </statusCode>
                 <callStack>
                   .List
                 </callStack>
                 <interimStates>
                   .List
                 </interimStates>
                 <touchedAccounts>
                   .Set
                 </touchedAccounts>
                 <callState>
                   <id>
                     728815563385977040452943777879061427756277306518
                   </id>
                   <caller>
                     CALLER_ID:Int
                   </caller>
                   <callData>
                     ( b"\n\x92T\xe4" => b"]\xde\xcb\xfd" )
                   </callData>
                   <callValue>
                     0
                   </callValue>
                   <wordStack>
                     ( .WordStack => ( 614 : ( 327 : ( selector ( "test_assert_false()" ) : .WordStack ) ) ) )
                   </wordStack>
                   <localMem>
                     ( b"" => b"NH{q\x00\x00\x00\x00\x00\x00\x00\x00\x00\x00\x00\x00\x00\x00\x00\x00\x00\x00\x00\x00\x00\x00\x00\x00\x00\x00\x00\x00\x00\x00\x00\x01\x00\x00\x00\x00\x00\x00\x00\x00\x00\x00\x00\x00\x00\x00\x00\x00\x00\x00\x00\x00\x00\x00\x00\x00\x00\x00\x00\x00\x00\x00\x00\x00\x00\x00\x00\x00\x00\x00\x00\x00\x00\x00\x00\x00\x00\x00\x00\x00\x00\x00\x00\x00\x00\x00\x00\x00\x00\x00\x00\x80" )
                   </localMem>
                   <memoryUsed>
                     0
                   </memoryUsed>
                   <callGas>
                     0
                   </callGas>
                   <static>
                     false
                   </static>
                   <callDepth>
                     0
                   </callDepth>
                   ...
                 </callState>
                 <substate>
                   <log>
                     .List
                   </log>
                   <refund>
                     0
                   </refund>
                   <accessedAccounts>
                     .Set
                   </accessedAccounts>
                   <accessedStorage>
                     .Map
                   </accessedStorage>
                   ...
                 </substate>
                 <origin>
                   ORIGIN_ID:Int
                 </origin>
                 <block>
                   <number>
                     NUMBER_CELL:Int
                   </number>
                   <timestamp>
                     TIMESTAMP_CELL:Int
                   </timestamp>
                   ...
                 </block>
                 ...
               </evm>
               <network>
                 <accounts>
                   ( <account>
                     <acctID>
                       645326474426547203313410069153905908525362434349
                     </acctID>
                     <balance>
                       0
                     </balance>
                     <storage>
                       .Map
                     </storage>
                     <origStorage>
                       .Map
                     </origStorage>
                     <transientStorage>
                       .Map
                     </transientStorage>
                     <nonce>
                       0
                     </nonce>
                     ...
                   </account>
                   <account>
                     <acctID>
                       728815563385977040452943777879061427756277306518
                     </acctID>
                     <balance>
                       0
                     </balance>
                     <storage>
                       .Map
                     </storage>
                     <origStorage>
                       .Map
                     </origStorage>
                     <transientStorage>
                       .Map
                     </transientStorage>
                     <nonce>
                       1
                     </nonce>
                     ...
                   </account> )
                 </accounts>
                 ...
               </network>
             </ethereum>
             ...
           </kevm>
           <cheatcodes>
             <prank>
               <active>
                 false
               </active>
               <singleCall>
                 false
               </singleCall>
               ...
             </prank>
             <expectedRevert>
               <isRevertExpected>
                 false
               </isRevertExpected>
               ...
             </expectedRevert>
             <expectedOpcode>
               <isOpcodeExpected>
                 false
               </isOpcodeExpected>
               ...
             </expectedOpcode>
             <expectEmit>
               <recordEvent>
                 false
               </recordEvent>
               <isEventExpected>
                 false
               </isEventExpected>
               ...
             </expectEmit>
             <whitelist>
               <isCallWhitelistActive>
                 false
               </isCallWhitelistActive>
               <isStorageWhitelistActive>
                 false
               </isStorageWhitelistActive>
               <addressSet>
                 .Set
               </addressSet>
               <storageSlotSet>
                 .Set
               </storageSlotSet>
             </whitelist>
             <mockCalls>
               .MockCallCellMap
             </mockCalls>
           </cheatcodes>
           <KEVMTracing>
             <activeTracing>
               false
             </activeTracing>
             <traceStorage>
               false
             </traceStorage>
             <traceWordStack>
               false
             </traceWordStack>
             <traceMemory>
               false
             </traceMemory>
             <recordedTrace>
               false
             </recordedTrace>
             <traceData>
               .List
             </traceData>
           </KEVMTracing>
         </foundry>
      requires ( 0 <=Int CALLER_ID:Int
       andBool ( 0 <=Int ORIGIN_ID:Int
       andBool ( 0 <=Int NUMBER_CELL:Int
       andBool ( 0 <=Int TIMESTAMP_CELL:Int
       andBool ( CALLER_ID:Int =/=Int 645326474426547203313410069153905908525362434349
       andBool ( ORIGIN_ID:Int =/=Int 645326474426547203313410069153905908525362434349
       andBool ( _C_ASSERTTEST_ID =/=Int 645326474426547203313410069153905908525362434349
       andBool ( CALLER_ID:Int <Int pow160
       andBool ( ORIGIN_ID:Int <Int pow160
       andBool ( NUMBER_CELL:Int <=Int maxSInt256
       andBool ( TIMESTAMP_CELL:Int <Int pow256
       andBool ( ( notBool #range ( 0 < CALLER_ID:Int <= 9 ) )
       andBool ( ( notBool #range ( 0 < ORIGIN_ID:Int <= 9 ) )
               )))))))))))))
      [priority(20), label(BASIC-BLOCK-1-TO-10)]

endmodule
1 Failure nodes. (0 pending and 1 failing)

Failing nodes:

  Node id: 10
  Failure reason:
    Matching failed.
    The remaining implication is:
    { true #Equals 0 <=Int CALLER_ID:Int }
    #And { true #Equals 0 <=Int ORIGIN_ID:Int }
    #And { true #Equals 0 <=Int NUMBER_CELL:Int }
    #And { true #Equals 0 <=Int TIMESTAMP_CELL:Int }
    #And #Not ( { CALLER_ID:Int #Equals 645326474426547203313410069153905908525362434349 } )
    #And #Not ( { ORIGIN_ID:Int #Equals 645326474426547203313410069153905908525362434349 } )
    #And { true #Equals CALLER_ID:Int <Int pow160 }
    #And { true #Equals ORIGIN_ID:Int <Int pow160 }
    #And { true #Equals NUMBER_CELL:Int <=Int maxSInt256 }
    #And { true #Equals TIMESTAMP_CELL:Int <Int pow256 }
    #And { false #Equals #range ( 0 < CALLER_ID:Int <= 9 ) }
    #And { false #Equals #range ( 0 < ORIGIN_ID:Int <= 9 ) } #Implies { true #Equals foundry_success ( ... statusCode: EVMC_REVERT , failed: #lookup ( .Map , 46308022326495007027972728677917914892729792999299745830475596687180801507328 ) , revertExpected: false , opcodeExpected: false , recordEventExpected: false , eventExpected: false ) }
  Path condition:
    #Top
  Model:
    CALLER_ID = 10
    NUMBER_CELL = 0
    ORIGIN_ID = 10
    TIMESTAMP_CELL = 0

Join the Runtime Verification Discord server (https://discord.com/invite/CurfmXNtbN) or Telegram group (https://t.me/rv_kontrol) for support.

See `foundry_success` predicate for more information:
https://github.com/runtimeverification/kontrol/blob/master/src/kontrol/kdist/foundry.md#foundry-success-predicate

Access documentation for Kontrol at https://docs.runtimeverification.com/kontrol