
┌─ 1 (root, init)
│   k: #execute ~> CONTINUATION:K
│   pc: 0
│   callDepth: 0
│   statusCode: STATUSCODE:StatusCode
│   src: test/nested/SimpleNested.t.sol:7:11
│   method: test%ArithmeticCallTest.setUp()
│
│  (3124 steps)
└─ 9 (leaf, terminal)
    k: #halt ~> CONTINUATION:K
    pc: 4379
    callDepth: 0
    statusCode: EVMC_REVERT
    method: test%ArithmeticCallTest.test_double_add_sub_external_revert(uint256,uint256,uint256)


┌─ 6 (root, leaf, target, terminal)
│   k: #halt ~> CONTINUATION:K
│   pc: PC_CELL_5d410f2a:Int
│   callDepth: CALLDEPTH_CELL_5d410f2a:Int
│   statusCode: STATUSCODE_FINAL:StatusCode



module SUMMARY-TEST%ARITHMETICCALLTEST.TEST-DOUBLE-ADD-SUB-EXTERNAL-REVERT(UINT256,UINT256,UINT256):0
    
    
    rule [BASIC-BLOCK-1-TO-9]: <foundry>
           <kevm>
             <k>
               ( #execute => #halt )
               ~> _CONTINUATION:K
             </k>
             <mode>
               NORMAL
             </mode>
             <schedule>
               CANCUN
             </schedule>
             <useGas>
               false
             </useGas>
             <ethereum>
               <evm>
                 <output>
                   ( b"" => b"NH{q\x00\x00\x00\x00\x00\x00\x00\x00\x00\x00\x00\x00\x00\x00\x00\x00\x00\x00\x00\x00\x00\x00\x00\x00\x00\x00\x00\x00\x00\x00\x00\x01" )
                 </output>
                 <statusCode>
                   ( _STATUSCODE:StatusCode => EVMC_REVERT )
                 </statusCode>
                 <callStack>
                   .List
                 </callStack>
                 <interimStates>
                   .List
                 </interimStates>
                 <touchedAccounts>
                   ( .Set => ( SetItem ( #address ( FoundryTest ) ) SetItem ( 491460923342184218035706888008750043977755113263 ) ) )
                 </touchedAccounts>
                 <callState>
                   <id>
                     #address ( FoundryTest )
                   </id>
                   <caller>
                     137122462167341575662000267002353578582749290296
                   </caller>
                   <callData>
                     ( b"\n\x92T\xe4" => b"\x00\xf0S-\xff\xff\xff\xff\xff\xff\xff\xff\xff\xff\xff\xff\xff\xff\xff\xff\xff\xff\xff\xff\xff\xff\xff\xff\xff\xff\xff\xff\xff\xff\xff\xff" +Bytes #buf ( 32 , ?KV1_y:Int ) +Bytes #buf ( 32 , ?KV2_z:Int ) )
                   </callData>
                   <callValue>
                     0
                   </callValue>
                   <wordStack>
                     ( .WordStack => ( 978 : ( 0 : ( ?KV2_z:Int : ( ?KV1_y:Int : ( maxUInt256 : ( 279 : ( 15749933 : .WordStack ) ) ) ) ) ) ) )
                   </wordStack>
                   <localMem>
                     ( b"" => b"NH{q\x00\x00\x00\x00\x00\x00\x00\x00\x00\x00\x00\x00\x00\x00\x00\x00\x00\x00\x00\x00\x00\x00\x00\x00\x00\x00\x00\x00\x00\x00\x00\x01\x00\x00\x00\x00\x00\x00\x00\x00\x00\x00\x00\x00\x00\x00\x00\x00\x00\x00\x00\x00\x00\x00\x00\x00\x00\x00\x00\x00\x00\x00\x00\x00\x00\x00\x00\x00\x00\x00\x00\x00\x00\x00\x00\x00\x00\x00\x00\x00\x00\x00\x00\x00\x00\x00\x00\x00\x00\x00\x02\x80\x00\x00\x00\x00\x00\x00\x00\x00\x00\x00\x00\x00\x00\x00\x00\x00\x00\x00\x00\x00\x00\x00\x00\x00\x00\x00\x00\x00\x00\x00\x00\x00\x00\x00\x00\x00\x00\x00\x00\x00\x00\x00\x00\x00\x00\x00\x00\x00\x00\x00\x00\x00\x00\x00\x00\x00\x00\x00\x00\x00\x00\x00\x00\x00\xff\xff\xff\xff" +Bytes #buf ( 32 , ?KV1_y:Int ) +Bytes #buf ( 32 , ?KV2_z:Int ) )
                   </localMem>
                   <memoryUsed>
                     0
                   </memoryUsed>
                   <callGas>
                     0
                   </callGas>
                   <static>
                     false
                   </static>
                   <callDepth>
                     0
                   </callDepth>
                   <codeAddr>
                     #address ( FoundryTest )
                   </codeAddr>
                   ...
                 </callState>
                 <substate>
                   <log>
                     .List
                   </log>
                   <refund>
                     0
                   </refund>
                   <accessedAccounts>
                     ( .Set => ( SetItem ( #address ( FoundryCheat ) ) SetItem ( 491460923342184218035706888008750043977755113263 ) ) )
                   </accessedAccounts>
                   <accessedStorage>
                     .Map
                   </accessedStorage>
                   <createdAccounts>
                     .Set
                   </createdAccounts>
                   ...
                 </substate>
                 <origin>
                   137122462167341575662000267002353578582749290296
                 </origin>
                 <block>
                   <number>
                     NUMBER_CELL:Int
                   </number>
                   <timestamp>
                     TIMESTAMP_CELL:Int
                   </timestamp>
                   ...
                 </block>
                 ...
               </evm>
               <network>
                 <chainID>
                   1
                 </chainID>
                 <accounts>
                   ( <account>
                     <acctID>
                       ( #address ( FoundryCheat ) => 491460923342184218035706888008750043977755113263 )
                     </acctID>
                     <balance>
                       0
                     </balance>
                     <storage>
                       .Map
                     </storage>
                     <origStorage>
                       .Map
                     </origStorage>
                     <transientStorage>
                       .Map
                     </transientStorage>
                     <nonce>
                       ( 0 => 1 )
                     </nonce>
                     ...
                   </account>
                   ( <account>
                     <acctID>
                       #address ( FoundryTest )
                     </acctID>
                     <balance>
                       maxUInt96
                     </balance>
                     <storage>
                       ( ( 11 |-> 1 )
                       ( 7 |-> 1 ) )
                     </storage>
                     <origStorage>
                       .Map
                     </origStorage>
                     <transientStorage>
                       .Map
                     </transientStorage>
                     <nonce>
                       1
                     </nonce>
                     ...
                   </account> => ( <account>
                     <acctID>
                       #address ( FoundryCheat )
                     </acctID>
                     <balance>
                       0
                     </balance>
                     <storage>
                       .Map
                     </storage>
                     <origStorage>
                       .Map
                     </origStorage>
                     <transientStorage>
                       .Map
                     </transientStorage>
                     <nonce>
                       0
                     </nonce>
                     ...
                   </account>
                   <account>
                     <acctID>
                       #address ( FoundryTest )
                     </acctID>
                     <balance>
                       maxUInt96
                     </balance>
                     <storage>
                       ( ( 11 |-> 1 )
                       ( ( 27 |-> 491460923342184218035706888008750043977755113263 )
                       ( 7 |-> 1 ) ) )
                     </storage>
                     <origStorage>
                       .Map
                     </origStorage>
                     <transientStorage>
                       .Map
                     </transientStorage>
                     <nonce>
                       2
                     </nonce>
                     ...
                   </account> ) ) )
                 </accounts>
                 ...
               </network>
             </ethereum>
             ...
           </kevm>
           <stackChecks>
             true
           </stackChecks>
           <cheatcodes>
             <prank>
               <active>
                 false
               </active>
               <depth>
                 0
               </depth>
               <singleCall>
                 false
               </singleCall>
               ...
             </prank>
             <expectedRevert>
               <isRevertExpected>
                 false
               </isRevertExpected>
               <expectedReason>
                 ( _EXPECTEDREASON_CELL:Bytes => b"" )
               </expectedReason>
               <expectedDepth>
                 0
               </expectedDepth>
             </expectedRevert>
             <expectedOpcode>
               <isOpcodeExpected>
                 false
               </isOpcodeExpected>
               ...
             </expectedOpcode>
             <expectEmit>
               <recordEvent>
                 false
               </recordEvent>
               <isEventExpected>
                 false
               </isEventExpected>
               ...
             </expectEmit>
             <whitelist>
               <isCallWhitelistActive>
                 false
               </isCallWhitelistActive>
               <allowedCallsList>
                 .List
               </allowedCallsList>
               <isStorageWhitelistActive>
                 false
               </isStorageWhitelistActive>
               <storageSlotList>
                 .List
               </storageSlotList>
             </whitelist>
             <mockCalls>
               .MockCallCellMap
             </mockCalls>
             <mockFunctions>
               .MockFunctionCellMap
             </mockFunctions>
           </cheatcodes>
         </foundry>
      requires ( pow24 <Int NUMBER_CELL:Int
       andBool ( NUMBER_CELL:Int <Int pow32
       andBool ( 1073741824 <Int TIMESTAMP_CELL:Int
       andBool ( TIMESTAMP_CELL:Int <Int 34359738368
               ))))
       ensures ( ?_KV0_x:Int ==Int maxUInt256
       andBool ( 0 <=Int ?KV1_y:Int
       andBool ( 0 <=Int ?KV2_z:Int
       andBool ( ?KV1_y:Int =/=Int 0
       andBool ( ?KV1_y:Int <Int pow256
       andBool ( ?KV2_z:Int <Int pow256
               ))))))
      [priority(20), label(BASIC-BLOCK-1-TO-9)]

endmodule