
┌─ 1 (root, split, init)
│   k: #execute ~> CONTINUATION:K
│   pc: 0
│   callDepth: CALLDEPTH_CELL:Int
│   statusCode: STATUSCODE:StatusCode
│   src: test/nested/SimpleNested.t.sol:7:11
│   method: src%ArithmeticContract.add(uint256,uint256)
┃
┃ (branch)
┣━━┓ constraint: VV0_x_114b9705:Int <=Int ( maxUInt256 -Int VV1_y_114b9705:Int )
┃  │
┃  ├─ 8
┃  │   k: #execute ~> CONTINUATION:K
┃  │   pc: 0
┃  │   callDepth: CALLDEPTH_CELL:Int
┃  │   statusCode: STATUSCODE:StatusCode
┃  │   src: test/nested/SimpleNested.t.sol:7:11
┃  │   method: src%ArithmeticContract.add(uint256,uint256)
┃  │
┃  │  (470 steps)
┃  ├─ 6 (terminal)
┃  │   k: #halt ~> CONTINUATION:K
┃  │   pc: 128
┃  │   callDepth: CALLDEPTH_CELL:Int
┃  │   statusCode: EVMC_SUCCESS
┃  │   src: test/nested/SimpleNested.t.sol:7:11
┃  │   method: src%ArithmeticContract.add(uint256,uint256)
┃  │
┃  ┊  constraint: OMITTED CONSTRAINT
┃  ┊  subst: OMITTED SUBST
┃  └─ 2 (leaf, target, terminal)
┃      k: #halt ~> CONTINUATION:K
┃      pc: PC_CELL_5d410f2a:Int
┃      callDepth: CALLDEPTH_CELL_5d410f2a:Int
┃      statusCode: STATUSCODE_FINAL:StatusCode
┃
┗━━┓ constraint: ( maxUInt256 -Int VV1_y_114b9705:Int ) <Int VV0_x_114b9705:Int
   │
   ├─ 9
   │   k: #execute ~> CONTINUATION:K
   │   pc: 0
   │   callDepth: CALLDEPTH_CELL:Int
   │   statusCode: STATUSCODE:StatusCode
   │   src: test/nested/SimpleNested.t.sol:7:11
   │   method: src%ArithmeticContract.add(uint256,uint256)
   │
   │  (407 steps)
   ├─ 7 (terminal)
   │   k: #halt ~> CONTINUATION:K
   │   pc: 550
   │   callDepth: CALLDEPTH_CELL:Int
   │   statusCode: EVMC_REVERT
   │   src: lib/forge-std/src/StdInvariant.sol:90:90
   │   method: src%ArithmeticContract.add(uint256,uint256)
   │
   ┊  constraint: OMITTED CONSTRAINT
   ┊  subst: OMITTED SUBST
   └─ 2 (leaf, target, terminal)
       k: #halt ~> CONTINUATION:K
       pc: PC_CELL_5d410f2a:Int
       callDepth: CALLDEPTH_CELL_5d410f2a:Int
       statusCode: STATUSCODE_FINAL:StatusCode




module SUMMARY-SRC%ARITHMETICCONTRACT.ADD(UINT256,UINT256):0
    
    
    rule [BASIC-BLOCK-8-TO-6]: <foundry>
           <kevm>
             <k>
               ( #execute => #halt )
               ~> _CONTINUATION
             </k>
             <mode>
               NORMAL
             </mode>
             <schedule>
               SHANGHAI
             </schedule>
             <useGas>
               false
             </useGas>
             <ethereum>
               <evm>
                 <output>
                   ( _OUTPUT_CELL => #buf ( 32 , ( VV0_x_114b9705:Int +Int VV1_y_114b9705:Int ) ) )
                 </output>
                 <statusCode>
                   ( _STATUSCODE => EVMC_SUCCESS )
                 </statusCode>
                 <callState>
                   <id>
                     C_ARITHMETICCONTRACT_ID:Int
                   </id>
                   <caller>
                     CALLER_ID:Int
                   </caller>
                   <callData>
                     b"w\x16\x02\xf7" +Bytes #buf ( 32 , VV0_x_114b9705:Int ) +Bytes #buf ( 32 , VV1_y_114b9705:Int )
                   </callData>
                   <callValue>
                     0
                   </callValue>
                   <wordStack>
                     ( .WordStack => ( selector ( "add(uint256,uint256)" ) : .WordStack ) )
                   </wordStack>
                   <localMem>
                     ( b"" => b"\x00\x00\x00\x00\x00\x00\x00\x00\x00\x00\x00\x00\x00\x00\x00\x00\x00\x00\x00\x00\x00\x00\x00\x00\x00\x00\x00\x00\x00\x00\x00\x00\x00\x00\x00\x00\x00\x00\x00\x00\x00\x00\x00\x00\x00\x00\x00\x00\x00\x00\x00\x00\x00\x00\x00\x00\x00\x00\x00\x00\x00\x00\x00\x00\x00\x00\x00\x00\x00\x00\x00\x00\x00\x00\x00\x00\x00\x00\x00\x00\x00\x00\x00\x00\x00\x00\x00\x00\x00\x00\x00\x00\x00\x00\x00\x80\x00\x00\x00\x00\x00\x00\x00\x00\x00\x00\x00\x00\x00\x00\x00\x00\x00\x00\x00\x00\x00\x00\x00\x00\x00\x00\x00\x00\x00\x00\x00\x00" +Bytes #buf ( 32 , ( VV0_x_114b9705:Int +Int VV1_y_114b9705:Int ) ) )
                   </localMem>
                   <memoryUsed>
                     0
                   </memoryUsed>
                   <callGas>
                     0
                   </callGas>
                   ...
                 </callState>
                 <substate>
                   <refund>
                     0
                   </refund>
                   ...
                 </substate>
                 <origin>
                   ORIGIN_ID:Int
                 </origin>
                 <block>
                   <number>
                     NUMBER_CELL:Int
                   </number>
                   <timestamp>
                     TIMESTAMP_CELL:Int
                   </timestamp>
                   ...
                 </block>
                 ...
               </evm>
               <network>
                 <chainID>
                   1
                 </chainID>
                 <accounts>
                   ( <account>
                     <acctID>
                       C_ARITHMETICCONTRACT_ID:Int
                     </acctID>
                     <balance>
                       C_ARITHMETICCONTRACT_BAL:Int
                     </balance>
                     <nonce>
                       C_ARITHMETICCONTRACT_NONCE:Int
                     </nonce>
                     ...
                   </account>
                   ACCOUNTS_REST:AccountCellMap )
                 </accounts>
                 ...
               </network>
             </ethereum>
             ...
           </kevm>
           <cheatcodes>
             <expectedOpcode>
               <isOpcodeExpected>
                 false
               </isOpcodeExpected>
               ...
             </expectedOpcode>
             <whitelist>
               <isCallWhitelistActive>
                 false
               </isCallWhitelistActive>
               <isStorageWhitelistActive>
                 false
               </isStorageWhitelistActive>
               <addressList>
                 .List
               </addressList>
               <storageSlotList>
                 .List
               </storageSlotList>
             </whitelist>
             <mockCalls>
               .MockCallCellMap
             </mockCalls>
             <mockFunctions>
               .MockFunctionCellMap
             </mockFunctions>
             ...
           </cheatcodes>
           <KEVMTracing>
             <activeTracing>
               false
             </activeTracing>
             <traceStorage>
               false
             </traceStorage>
             <traceWordStack>
               false
             </traceWordStack>
             <traceMemory>
               false
             </traceMemory>
             <recordedTrace>
               false
             </recordedTrace>
             <traceData>
               .List
             </traceData>
           </KEVMTracing>
         </foundry>
      requires ( 0 <=Int CALLER_ID:Int
       andBool ( 0 <=Int ORIGIN_ID:Int
       andBool ( 0 <=Int VV0_x_114b9705:Int
       andBool ( 0 <=Int VV1_y_114b9705:Int
       andBool ( pow24 <Int NUMBER_CELL:Int
       andBool ( NUMBER_CELL:Int <Int pow32
       andBool ( 1073741824 <Int TIMESTAMP_CELL:Int
       andBool ( 0 <=Int C_ARITHMETICCONTRACT_ID:Int
       andBool ( TIMESTAMP_CELL:Int <Int 34359738368
       andBool ( 0 <=Int C_ARITHMETICCONTRACT_BAL:Int
       andBool ( 0 <=Int C_ARITHMETICCONTRACT_NONCE:Int
       andBool ( CALLER_ID:Int =/=Int 645326474426547203313410069153905908525362434349
       andBool ( ORIGIN_ID:Int =/=Int 645326474426547203313410069153905908525362434349
       andBool ( C_ARITHMETICCONTRACT_NONCE:Int <Int maxUInt64
       andBool ( C_ARITHMETICCONTRACT_ID:Int =/=Int 645326474426547203313410069153905908525362434349
       andBool ( CALLER_ID:Int <Int pow160
       andBool ( ORIGIN_ID:Int <Int pow160
       andBool ( C_ARITHMETICCONTRACT_ID:Int <Int pow160
       andBool ( VV0_x_114b9705:Int <Int pow256
       andBool ( VV1_y_114b9705:Int <Int pow256
       andBool ( C_ARITHMETICCONTRACT_BAL:Int <Int pow256
       andBool ( ( notBool <acctID>
          C_ARITHMETICCONTRACT_ID:Int
        </acctID> in_keys ( ACCOUNTS_REST:AccountCellMap ) )
       andBool ( VV0_x_114b9705:Int <=Int ( maxUInt256 -Int VV1_y_114b9705:Int )
       andBool ( ( notBool #range ( 0 < CALLER_ID:Int <= 9 ) )
       andBool ( ( notBool #range ( 0 < ORIGIN_ID:Int <= 9 ) )
       andBool ( ( notBool #range ( 0 < C_ARITHMETICCONTRACT_ID:Int <= 9 ) )
               ))))))))))))))))))))))))))
      [priority(20), label(BASIC-BLOCK-8-TO-6)]
    
    rule [BASIC-BLOCK-9-TO-7]: <foundry>
           <kevm>
             <k>
               ( #execute => #halt )
               ~> _CONTINUATION
             </k>
             <mode>
               NORMAL
             </mode>
             <schedule>
               SHANGHAI
             </schedule>
             <useGas>
               false
             </useGas>
             <ethereum>
               <evm>
                 <output>
                   ( _OUTPUT_CELL => b"NH{q\x00\x00\x00\x00\x00\x00\x00\x00\x00\x00\x00\x00\x00\x00\x00\x00\x00\x00\x00\x00\x00\x00\x00\x00\x00\x00\x00\x00\x00\x00\x00\x11" )
                 </output>
                 <statusCode>
                   ( _STATUSCODE => EVMC_REVERT )
                 </statusCode>
                 <callState>
                   <id>
                     C_ARITHMETICCONTRACT_ID:Int
                   </id>
                   <caller>
                     CALLER_ID:Int
                   </caller>
                   <callData>
                     b"w\x16\x02\xf7" +Bytes #buf ( 32 , VV0_x_114b9705:Int ) +Bytes #buf ( 32 , VV1_y_114b9705:Int )
                   </callData>
                   <callValue>
                     0
                   </callValue>
                   <wordStack>
                     ( .WordStack => ( 570 : ( 0 : ( VV0_x_114b9705:Int : ( VV1_y_114b9705:Int : ( 217 : ( 0 : ( VV1_y_114b9705:Int : ( VV0_x_114b9705:Int : ( 111 : ( selector ( "add(uint256,uint256)" ) : .WordStack ) ) ) ) ) ) ) ) ) ) )
                   </wordStack>
                   <localMem>
                     ( b"" => b"NH{q\x00\x00\x00\x00\x00\x00\x00\x00\x00\x00\x00\x00\x00\x00\x00\x00\x00\x00\x00\x00\x00\x00\x00\x00\x00\x00\x00\x00\x00\x00\x00\x11\x00\x00\x00\x00\x00\x00\x00\x00\x00\x00\x00\x00\x00\x00\x00\x00\x00\x00\x00\x00\x00\x00\x00\x00\x00\x00\x00\x00\x00\x00\x00\x00\x00\x00\x00\x00\x00\x00\x00\x00\x00\x00\x00\x00\x00\x00\x00\x00\x00\x00\x00\x00\x00\x00\x00\x00\x00\x00\x00\x80" )
                   </localMem>
                   <memoryUsed>
                     0
                   </memoryUsed>
                   <callGas>
                     0
                   </callGas>
                   ...
                 </callState>
                 <substate>
                   <refund>
                     0
                   </refund>
                   ...
                 </substate>
                 <origin>
                   ORIGIN_ID:Int
                 </origin>
                 <block>
                   <number>
                     NUMBER_CELL:Int
                   </number>
                   <timestamp>
                     TIMESTAMP_CELL:Int
                   </timestamp>
                   ...
                 </block>
                 ...
               </evm>
               <network>
                 <chainID>
                   1
                 </chainID>
                 <accounts>
                   ( <account>
                     <acctID>
                       C_ARITHMETICCONTRACT_ID:Int
                     </acctID>
                     <balance>
                       C_ARITHMETICCONTRACT_BAL:Int
                     </balance>
                     <nonce>
                       C_ARITHMETICCONTRACT_NONCE:Int
                     </nonce>
                     ...
                   </account>
                   ACCOUNTS_REST:AccountCellMap )
                 </accounts>
                 ...
               </network>
             </ethereum>
             ...
           </kevm>
           <cheatcodes>
             <expectedOpcode>
               <isOpcodeExpected>
                 false
               </isOpcodeExpected>
               ...
             </expectedOpcode>
             <whitelist>
               <isCallWhitelistActive>
                 false
               </isCallWhitelistActive>
               <isStorageWhitelistActive>
                 false
               </isStorageWhitelistActive>
               <addressList>
                 .List
               </addressList>
               <storageSlotList>
                 .List
               </storageSlotList>
             </whitelist>
             <mockCalls>
               .MockCallCellMap
             </mockCalls>
             <mockFunctions>
               .MockFunctionCellMap
             </mockFunctions>
             ...
           </cheatcodes>
           <KEVMTracing>
             <activeTracing>
               false
             </activeTracing>
             <traceStorage>
               false
             </traceStorage>
             <traceWordStack>
               false
             </traceWordStack>
             <traceMemory>
               false
             </traceMemory>
             <recordedTrace>
               false
             </recordedTrace>
             <traceData>
               .List
             </traceData>
           </KEVMTracing>
         </foundry>
      requires ( 0 <=Int CALLER_ID:Int
       andBool ( 0 <=Int ORIGIN_ID:Int
       andBool ( 0 <=Int VV0_x_114b9705:Int
       andBool ( 0 <=Int VV1_y_114b9705:Int
       andBool ( pow24 <Int NUMBER_CELL:Int
       andBool ( NUMBER_CELL:Int <Int pow32
       andBool ( 1073741824 <Int TIMESTAMP_CELL:Int
       andBool ( 0 <=Int C_ARITHMETICCONTRACT_ID:Int
       andBool ( TIMESTAMP_CELL:Int <Int 34359738368
       andBool ( 0 <=Int C_ARITHMETICCONTRACT_BAL:Int
       andBool ( 0 <=Int C_ARITHMETICCONTRACT_NONCE:Int
       andBool ( CALLER_ID:Int =/=Int 645326474426547203313410069153905908525362434349
       andBool ( ORIGIN_ID:Int =/=Int 645326474426547203313410069153905908525362434349
       andBool ( C_ARITHMETICCONTRACT_NONCE:Int <Int maxUInt64
       andBool ( C_ARITHMETICCONTRACT_ID:Int =/=Int 645326474426547203313410069153905908525362434349
       andBool ( CALLER_ID:Int <Int pow160
       andBool ( ORIGIN_ID:Int <Int pow160
       andBool ( C_ARITHMETICCONTRACT_ID:Int <Int pow160
       andBool ( VV0_x_114b9705:Int <Int pow256
       andBool ( VV1_y_114b9705:Int <Int pow256
       andBool ( C_ARITHMETICCONTRACT_BAL:Int <Int pow256
       andBool ( ( notBool <acctID>
          C_ARITHMETICCONTRACT_ID:Int
        </acctID> in_keys ( ACCOUNTS_REST:AccountCellMap ) )
       andBool ( ( maxUInt256 -Int VV1_y_114b9705:Int ) <Int VV0_x_114b9705:Int
       andBool ( ( notBool #range ( 0 < CALLER_ID:Int <= 9 ) )
       andBool ( ( notBool #range ( 0 < ORIGIN_ID:Int <= 9 ) )
       andBool ( ( notBool #range ( 0 < C_ARITHMETICCONTRACT_ID:Int <= 9 ) )
               ))))))))))))))))))))))))))
      [priority(20), label(BASIC-BLOCK-9-TO-7)]

endmodule