
┌─ 1 (root, init)
│   k: #execute ~> CONTINUATION:K
│   pc: 0
│   callDepth: 0
│   statusCode: STATUSCODE:StatusCode
│
│  (383 steps)
├─ 3
│   k: #halt ~> #codeDeposit 491460923342184218035706888008750043977755113263 ~> #pc [  ...
│   pc: 30
│   callDepth: 1
│   statusCode: EVMC_SUCCESS
│
│  (163 steps)
├─ 4 (terminal)
│   k: #halt ~> CONTINUATION:K
│   pc: 248
│   callDepth: 0
│   statusCode: EVMC_SUCCESS
│
│  (1 step)
├─ 5
│   k: #execute ~> CONTINUATION:K
│   pc: 0
│   callDepth: 0
│   statusCode: STATUSCODE:StatusCode
│
│  (839 steps)
├─ 7 (split)
│   k: JUMPI 570 bool2Word ( VV0_x_114b9705:Int <=Int ( maxUInt256 -Int VV1_y_114b9705: ...
│   pc: 562
│   callDepth: 1
│   statusCode: STATUSCODE:StatusCode
┃
┃ (branch)
┣━━┓ constraint: VV0_x_114b9705:Int <=Int ( maxUInt256 -Int VV1_y_114b9705:Int )
┃  │
┃  ├─ 8
┃  │   k: JUMPI 570 bool2Word ( VV0_x_114b9705:Int <=Int ( maxUInt256 -Int VV1_y_114b9705: ...
┃  │   pc: 562
┃  │   callDepth: 1
┃  │   statusCode: STATUSCODE:StatusCode
┃  │
┃  │  (129 steps)
┃  ├─ 10
┃  │   k: #halt ~> #return 128 32 ~> #pc [ STATICCALL ] ~> #execute ~> CONTINUATION:K
┃  │   pc: 128
┃  │   callDepth: 1
┃  │   statusCode: EVMC_SUCCESS
┃  │
┃  │  (753 steps)
┃  ├─ 12 (split)
┃  │   k: JUMPI 570 bool2Word ( ( VV0_x_114b9705:Int +Int VV1_y_114b9705:Int ) <=Int ( max ...
┃  │   pc: 562
┃  │   callDepth: 1
┃  │   statusCode: EVMC_SUCCESS
┃  ┃
┃  ┃ (branch)
┃  ┣━━┓ constraint: ( VV0_x_114b9705:Int +Int VV1_y_114b9705:Int ) <=Int ( maxUInt256 -Int VV1_y_114b9705:Int )
┃  ┃  │
┃  ┃  ├─ 14
┃  ┃  │   k: JUMPI 570 bool2Word ( ( VV0_x_114b9705:Int +Int VV1_y_114b9705:Int ) <=Int ( max ...
┃  ┃  │   pc: 562
┃  ┃  │   callDepth: 1
┃  ┃  │   statusCode: EVMC_SUCCESS
┃  ┃  │
┃  ┃  │  (129 steps)
┃  ┃  ├─ 16
┃  ┃  │   k: #halt ~> #return 160 32 ~> #pc [ STATICCALL ] ~> #execute ~> CONTINUATION:K
┃  ┃  │   pc: 128
┃  ┃  │   callDepth: 1
┃  ┃  │   statusCode: EVMC_SUCCESS
┃  ┃  │
┃  ┃  │  (795 steps)
┃  ┃  ├─ 18 (split)
┃  ┃  │   k: JUMPI 618 bool2Word ( VV1_y_114b9705:Int <=Int VV0_x_114b9705:Int ) ~> #pc [ JUM ...
┃  ┃  │   pc: 610
┃  ┃  │   callDepth: 1
┃  ┃  │   statusCode: EVMC_SUCCESS
┃  ┃  ┃
┃  ┃  ┃ (branch)
┃  ┃  ┣━━┓ constraint: VV1_y_114b9705:Int <=Int VV0_x_114b9705:Int
┃  ┃  ┃  │
┃  ┃  ┃  ├─ 20
┃  ┃  ┃  │   k: JUMPI 618 bool2Word ( VV1_y_114b9705:Int <=Int VV0_x_114b9705:Int ) ~> #pc [ JUM ...
┃  ┃  ┃  │   pc: 610
┃  ┃  ┃  │   callDepth: 1
┃  ┃  ┃  │   statusCode: EVMC_SUCCESS
┃  ┃  ┃  │
┃  ┃  ┃  │  (129 steps)
┃  ┃  ┃  ├─ 22
┃  ┃  ┃  │   k: #halt ~> #return 192 32 ~> #pc [ STATICCALL ] ~> #execute ~> CONTINUATION:K
┃  ┃  ┃  │   pc: 128
┃  ┃  ┃  │   callDepth: 1
┃  ┃  ┃  │   statusCode: EVMC_SUCCESS
┃  ┃  ┃  │
┃  ┃  ┃  │  (787 steps)
┃  ┃  ┃  ├─ 24 (split)
┃  ┃  ┃  │   k: JUMPI 618 bool2Word ( VV1_y_114b9705:Int <=Int ( VV0_x_114b9705:Int -Int VV1_y_1 ...
┃  ┃  ┃  │   pc: 610
┃  ┃  ┃  │   callDepth: 1
┃  ┃  ┃  │   statusCode: EVMC_SUCCESS
┃  ┃  ┃  ┃
┃  ┃  ┃  ┃ (branch)
┃  ┃  ┃  ┣━━┓ constraint: VV1_y_114b9705:Int <=Int ( VV0_x_114b9705:Int -Int VV1_y_114b9705:Int )
┃  ┃  ┃  ┃  │
┃  ┃  ┃  ┃  ├─ 26
┃  ┃  ┃  ┃  │   k: JUMPI 618 bool2Word ( VV1_y_114b9705:Int <=Int ( VV0_x_114b9705:Int -Int VV1_y_1 ...
┃  ┃  ┃  ┃  │   pc: 610
┃  ┃  ┃  ┃  │   callDepth: 1
┃  ┃  ┃  ┃  │   statusCode: EVMC_SUCCESS
┃  ┃  ┃  ┃  │
┃  ┃  ┃  ┃  │  (129 steps)
┃  ┃  ┃  ┃  ├─ 28
┃  ┃  ┃  ┃  │   k: #halt ~> #return 224 32 ~> #pc [ STATICCALL ] ~> #execute ~> CONTINUATION:K
┃  ┃  ┃  ┃  │   pc: 128
┃  ┃  ┃  ┃  │   callDepth: 1
┃  ┃  ┃  ┃  │   statusCode: EVMC_SUCCESS
┃  ┃  ┃  ┃  │
┃  ┃  ┃  ┃  │  (265 steps)
┃  ┃  ┃  ┃  ├─ 30 (split)
┃  ┃  ┃  ┃  │   k: JUMPI 1762 ( ( ( VV0_x_114b9705:Int +Int VV1_y_114b9705:Int ) +Int VV1_y_114b970 ...
┃  ┃  ┃  ┃  │   pc: 3015
┃  ┃  ┃  ┃  │   callDepth: 0
┃  ┃  ┃  ┃  │   statusCode: EVMC_SUCCESS
┃  ┃  ┃  ┃  ┃
┃  ┃  ┃  ┃  ┃ (branch)
┃  ┃  ┃  ┃  ┣━━┓ constraint: ( ( ( VV0_x_114b9705:Int +Int VV1_y_114b9705:Int ) +Int VV1_y_114b9705:Int ) -Int ( ( VV0_x_114b9705:Int -Int VV1_y_114b9705:Int ) -Int VV1_y_114b9705:Int ) ) ==Int 0
┃  ┃  ┃  ┃  ┃  │
┃  ┃  ┃  ┃  ┃  ├─ 32
┃  ┃  ┃  ┃  ┃  │   k: JUMPI 1762 ( ( ( VV0_x_114b9705:Int +Int VV1_y_114b9705:Int ) +Int VV1_y_114b970 ...
┃  ┃  ┃  ┃  ┃  │   pc: 3015
┃  ┃  ┃  ┃  ┃  │   callDepth: 0
┃  ┃  ┃  ┃  ┃  │   statusCode: EVMC_SUCCESS
┃  ┃  ┃  ┃  ┃  │
┃  ┃  ┃  ┃  ┃  │  (66 steps)
┃  ┃  ┃  ┃  ┃  └─ 34 (leaf, terminal)
┃  ┃  ┃  ┃  ┃      k: #halt ~> CONTINUATION:K
┃  ┃  ┃  ┃  ┃      pc: 3736
┃  ┃  ┃  ┃  ┃      callDepth: 0
┃  ┃  ┃  ┃  ┃      statusCode: EVMC_REVERT
┃  ┃  ┃  ┃  ┃
┃  ┃  ┃  ┃  ┗━━┓ constraint: ( notBool ( ( ( VV0_x_114b9705:Int +Int VV1_y_114b9705:Int ) +Int VV1_y_114b9705:Int ) -Int ( ( VV0_x_114b9705:Int -Int VV1_y_114b9705:Int ) -Int VV1_y_114b9705:Int ) ) ==Int 0 )
┃  ┃  ┃  ┃     │
┃  ┃  ┃  ┃     ├─ 33
┃  ┃  ┃  ┃     │   k: JUMPI 1762 ( ( ( VV0_x_114b9705:Int +Int VV1_y_114b9705:Int ) +Int VV1_y_114b970 ...
┃  ┃  ┃  ┃     │   pc: 3015
┃  ┃  ┃  ┃     │   callDepth: 0
┃  ┃  ┃  ┃     │   statusCode: EVMC_SUCCESS
┃  ┃  ┃  ┃     │
┃  ┃  ┃  ┃     │  (63 steps)
┃  ┃  ┃  ┃     ├─ 35 (terminal)
┃  ┃  ┃  ┃     │   k: #halt ~> CONTINUATION:K
┃  ┃  ┃  ┃     │   pc: 248
┃  ┃  ┃  ┃     │   callDepth: 0
┃  ┃  ┃  ┃     │   statusCode: EVMC_SUCCESS
┃  ┃  ┃  ┃     │
┃  ┃  ┃  ┃     ┊  constraint: true
┃  ┃  ┃  ┃     ┊  subst: OMITTED SUBST
┃  ┃  ┃  ┃     └─ 6 (leaf, target, terminal)
┃  ┃  ┃  ┃         k: #halt ~> CONTINUATION:K
┃  ┃  ┃  ┃         pc: PC_CELL_5d410f2a:Int
┃  ┃  ┃  ┃         callDepth: CALLDEPTH_CELL_5d410f2a:Int
┃  ┃  ┃  ┃         statusCode: STATUSCODE_FINAL:StatusCode
┃  ┃  ┃  ┃
┃  ┃  ┃  ┗━━┓ constraint: ( notBool VV1_y_114b9705:Int <=Int ( VV0_x_114b9705:Int -Int VV1_y_114b9705:Int ) )
┃  ┃  ┃     │
┃  ┃  ┃     ├─ 27
┃  ┃  ┃     │   k: JUMPI 618 bool2Word ( VV1_y_114b9705:Int <=Int ( VV0_x_114b9705:Int -Int VV1_y_1 ...
┃  ┃  ┃     │   pc: 610
┃  ┃  ┃     │   callDepth: 1
┃  ┃  ┃     │   statusCode: EVMC_SUCCESS
┃  ┃  ┃     │
┃  ┃  ┃     │  (66 steps)
┃  ┃  ┃     ├─ 29
┃  ┃  ┃     │   k: #halt ~> #return 224 32 ~> #pc [ STATICCALL ] ~> #execute ~> CONTINUATION:K
┃  ┃  ┃     │   pc: 550
┃  ┃  ┃     │   callDepth: 1
┃  ┃  ┃     │   statusCode: EVMC_REVERT
┃  ┃  ┃     │
┃  ┃  ┃     │  (72 steps)
┃  ┃  ┃     └─ 31 (leaf, terminal)
┃  ┃  ┃         k: #halt ~> CONTINUATION:K
┃  ┃  ┃         pc: 2969
┃  ┃  ┃         callDepth: 0
┃  ┃  ┃         statusCode: EVMC_REVERT
┃  ┃  ┃
┃  ┃  ┗━━┓ constraint: ( notBool VV1_y_114b9705:Int <=Int VV0_x_114b9705:Int )
┃  ┃     │
┃  ┃     ├─ 21
┃  ┃     │   k: JUMPI 618 bool2Word ( VV1_y_114b9705:Int <=Int VV0_x_114b9705:Int ) ~> #pc [ JUM ...
┃  ┃     │   pc: 610
┃  ┃     │   callDepth: 1
┃  ┃     │   statusCode: EVMC_SUCCESS
┃  ┃     │
┃  ┃     │  (66 steps)
┃  ┃     ├─ 23
┃  ┃     │   k: #halt ~> #return 192 32 ~> #pc [ STATICCALL ] ~> #execute ~> CONTINUATION:K
┃  ┃     │   pc: 550
┃  ┃     │   callDepth: 1
┃  ┃     │   statusCode: EVMC_REVERT
┃  ┃     │
┃  ┃     │  (72 steps)
┃  ┃     └─ 25 (leaf, terminal)
┃  ┃         k: #halt ~> CONTINUATION:K
┃  ┃         pc: 2852
┃  ┃         callDepth: 0
┃  ┃         statusCode: EVMC_REVERT
┃  ┃
┃  ┗━━┓ constraint: ( notBool ( VV0_x_114b9705:Int +Int VV1_y_114b9705:Int ) <=Int ( maxUInt256 -Int VV1_y_114b9705:Int ) )
┃     │
┃     ├─ 15
┃     │   k: JUMPI 570 bool2Word ( ( VV0_x_114b9705:Int +Int VV1_y_114b9705:Int ) <=Int ( max ...
┃     │   pc: 562
┃     │   callDepth: 1
┃     │   statusCode: EVMC_SUCCESS
┃     │
┃     │  (66 steps)
┃     ├─ 17
┃     │   k: #halt ~> #return 160 32 ~> #pc [ STATICCALL ] ~> #execute ~> CONTINUATION:K
┃     │   pc: 550
┃     │   callDepth: 1
┃     │   statusCode: EVMC_REVERT
┃     │
┃     │  (72 steps)
┃     └─ 19 (leaf, terminal)
┃         k: #halt ~> CONTINUATION:K
┃         pc: 2730
┃         callDepth: 0
┃         statusCode: EVMC_REVERT
┃
┗━━┓ constraint: ( notBool VV0_x_114b9705:Int <=Int ( maxUInt256 -Int VV1_y_114b9705:Int ) )
   │
   ├─ 9
   │   k: JUMPI 570 bool2Word ( VV0_x_114b9705:Int <=Int ( maxUInt256 -Int VV1_y_114b9705: ...
   │   pc: 562
   │   callDepth: 1
   │   statusCode: STATUSCODE:StatusCode
   │
   │  (66 steps)
   ├─ 11
   │   k: #halt ~> #return 128 32 ~> #pc [ STATICCALL ] ~> #execute ~> CONTINUATION:K
   │   pc: 550
   │   callDepth: 1
   │   statusCode: EVMC_REVERT
   │
   │  (72 steps)
   └─ 13 (leaf, terminal)
       k: #halt ~> CONTINUATION:K
       pc: 2613
       callDepth: 0
       statusCode: EVMC_REVERT



