
┌─ 1 (root, init)
│   k: #execute ~> CONTINUATION:K
│   pc: 0
│   callDepth: 0
│   statusCode: STATUSCODE:StatusCode
│
│  (383 steps)
├─ 3
│   k: #halt ~> #codeDeposit 491460923342184218035706888008750043977755113263 ~> #pc [  ...
│   pc: 30
│   callDepth: 1
│   statusCode: EVMC_SUCCESS
│
│  (163 steps)
├─ 4 (terminal)
│   k: #halt ~> CONTINUATION:K
│   pc: 248
│   callDepth: 0
│   statusCode: EVMC_SUCCESS
│
│  (1 step)
├─ 5
│   k: #execute ~> CONTINUATION:K
│   pc: 0
│   callDepth: 0
│   statusCode: STATUSCODE:StatusCode
│
│  (818 steps)
├─ 7 (split)
│   k: JUMPI 570 bool2Word ( VV0_x_114b9705:Int <=Int ( maxUInt256 -Int VV1_y_114b9705: ...
│   pc: 562
│   callDepth: 1
│   statusCode: STATUSCODE:StatusCode
┃
┃ (branch)
┣━━┓ constraint: VV0_x_114b9705:Int <=Int ( maxUInt256 -Int VV1_y_114b9705:Int )
┃  │
┃  ├─ 8
┃  │   k: JUMPI 570 bool2Word ( VV0_x_114b9705:Int <=Int ( maxUInt256 -Int VV1_y_114b9705: ...
┃  │   pc: 562
┃  │   callDepth: 1
┃  │   statusCode: STATUSCODE:StatusCode
┃  │
┃  │  (129 steps)
┃  ├─ 10
┃  │   k: #halt ~> #return 128 32 ~> #pc [ STATICCALL ] ~> #execute ~> CONTINUATION:K
┃  │   pc: 128
┃  │   callDepth: 1
┃  │   statusCode: EVMC_SUCCESS
┃  │
┃  │  (753 steps)
┃  ├─ 12 (split)
┃  │   k: JUMPI 570 bool2Word ( ( VV0_x_114b9705:Int +Int VV1_y_114b9705:Int ) <=Int ( max ...
┃  │   pc: 562
┃  │   callDepth: 1
┃  │   statusCode: EVMC_SUCCESS
┃  ┃
┃  ┃ (branch)
┃  ┣━━┓ constraint: ( VV0_x_114b9705:Int +Int VV1_y_114b9705:Int ) <=Int ( maxUInt256 -Int VV1_y_114b9705:Int )
┃  ┃  │
┃  ┃  ├─ 14
┃  ┃  │   k: JUMPI 570 bool2Word ( ( VV0_x_114b9705:Int +Int VV1_y_114b9705:Int ) <=Int ( max ...
┃  ┃  │   pc: 562
┃  ┃  │   callDepth: 1
┃  ┃  │   statusCode: EVMC_SUCCESS
┃  ┃  │
┃  ┃  │  (129 steps)
┃  ┃  ├─ 16
┃  ┃  │   k: #halt ~> #return 160 32 ~> #pc [ STATICCALL ] ~> #execute ~> CONTINUATION:K
┃  ┃  │   pc: 128
┃  ┃  │   callDepth: 1
┃  ┃  │   statusCode: EVMC_SUCCESS
┃  ┃  │
┃  ┃  │  (265 steps)
┃  ┃  ├─ 18 (split)
┃  ┃  │   k: JUMPI 2528 bool2Word ( VV0_x_114b9705:Int <Int ( ( VV0_x_114b9705:Int +Int VV1_y ...
┃  ┃  │   pc: 2520
┃  ┃  │   callDepth: 0
┃  ┃  │   statusCode: EVMC_SUCCESS
┃  ┃  ┃
┃  ┃  ┃ (branch)
┃  ┃  ┣━━┓ constraint: VV0_x_114b9705:Int <Int ( ( VV0_x_114b9705:Int +Int VV1_y_114b9705:Int ) +Int VV1_y_114b9705:Int )
┃  ┃  ┃  │
┃  ┃  ┃  ├─ 20
┃  ┃  ┃  │   k: JUMPI 2528 bool2Word ( VV0_x_114b9705:Int <Int ( ( VV0_x_114b9705:Int +Int VV1_y ...
┃  ┃  ┃  │   pc: 2520
┃  ┃  ┃  │   callDepth: 0
┃  ┃  ┃  │   statusCode: EVMC_SUCCESS
┃  ┃  ┃  │
┃  ┃  ┃  │  (56 steps)
┃  ┃  ┃  ├─ 22 (terminal)
┃  ┃  ┃  │   k: #halt ~> CONTINUATION:K
┃  ┃  ┃  │   pc: 248
┃  ┃  ┃  │   callDepth: 0
┃  ┃  ┃  │   statusCode: EVMC_SUCCESS
┃  ┃  ┃  │
┃  ┃  ┃  ┊  constraint: true
┃  ┃  ┃  ┊  subst: OMITTED SUBST
┃  ┃  ┃  └─ 6 (leaf, target, terminal)
┃  ┃  ┃      k: #halt ~> CONTINUATION:K
┃  ┃  ┃      pc: PC_CELL_5d410f2a:Int
┃  ┃  ┃      callDepth: CALLDEPTH_CELL_5d410f2a:Int
┃  ┃  ┃      statusCode: STATUSCODE_FINAL:StatusCode
┃  ┃  ┃
┃  ┃  ┗━━┓ constraint: ( notBool VV0_x_114b9705:Int <Int ( ( VV0_x_114b9705:Int +Int VV1_y_114b9705:Int ) +Int VV1_y_114b9705:Int ) )
┃  ┃     │
┃  ┃     ├─ 21
┃  ┃     │   k: JUMPI 2528 bool2Word ( VV0_x_114b9705:Int <Int ( ( VV0_x_114b9705:Int +Int VV1_y ...
┃  ┃     │   pc: 2520
┃  ┃     │   callDepth: 0
┃  ┃     │   statusCode: EVMC_SUCCESS
┃  ┃     │
┃  ┃     │  (66 steps)
┃  ┃     └─ 23 (leaf, terminal)
┃  ┃         k: #halt ~> CONTINUATION:K
┃  ┃         pc: 3736
┃  ┃         callDepth: 0
┃  ┃         statusCode: EVMC_REVERT
┃  ┃
┃  ┗━━┓ constraint: ( notBool ( VV0_x_114b9705:Int +Int VV1_y_114b9705:Int ) <=Int ( maxUInt256 -Int VV1_y_114b9705:Int ) )
┃     │
┃     ├─ 15
┃     │   k: JUMPI 570 bool2Word ( ( VV0_x_114b9705:Int +Int VV1_y_114b9705:Int ) <=Int ( max ...
┃     │   pc: 562
┃     │   callDepth: 1
┃     │   statusCode: EVMC_SUCCESS
┃     │
┃     │  (66 steps)
┃     ├─ 17
┃     │   k: #halt ~> #return 160 32 ~> #pc [ STATICCALL ] ~> #execute ~> CONTINUATION:K
┃     │   pc: 550
┃     │   callDepth: 1
┃     │   statusCode: EVMC_REVERT
┃     │
┃     │  (72 steps)
┃     └─ 19 (leaf, terminal)
┃         k: #halt ~> CONTINUATION:K
┃         pc: 2474
┃         callDepth: 0
┃         statusCode: EVMC_REVERT
┃
┗━━┓ constraint: ( notBool VV0_x_114b9705:Int <=Int ( maxUInt256 -Int VV1_y_114b9705:Int ) )
   │
   ├─ 9
   │   k: JUMPI 570 bool2Word ( VV0_x_114b9705:Int <=Int ( maxUInt256 -Int VV1_y_114b9705: ...
   │   pc: 562
   │   callDepth: 1
   │   statusCode: STATUSCODE:StatusCode
   │
   │  (66 steps)
   ├─ 11
   │   k: #halt ~> #return 128 32 ~> #pc [ STATICCALL ] ~> #execute ~> CONTINUATION:K
   │   pc: 550
   │   callDepth: 1
   │   statusCode: EVMC_REVERT
   │
   │  (72 steps)
   └─ 13 (leaf, terminal)
       k: #halt ~> CONTINUATION:K
       pc: 2357
       callDepth: 0
       statusCode: EVMC_REVERT



