
┌─ 1 (root, init)
│   k: #execute ~> CONTINUATION:K
│   pc: 0
│   callDepth: 0
│   statusCode: STATUSCODE:StatusCode
│
│  (182 steps)
├─ 5 (terminal)
│   k: #halt ~> CONTINUATION:K
│   pc: 328
│   callDepth: 0
│   statusCode: EVMC_SUCCESS
│
│  (1 step)
├─ 6
│   k: #execute ~> CONTINUATION:K
│   pc: 0
│   callDepth: 0
│   statusCode: STATUSCODE:StatusCode
│
│  (307 steps)
├─ 8
│   k: #end EVMC_REVERT ~> #pc [ REVERT ] ~> #execute ~> CONTINUATION:K
│   pc: 2995
│   callDepth: 0
│   statusCode: STATUSCODE:StatusCode
│
│  (1 step)
├─ 9
│   k: #halt ~> #pc [ REVERT ] ~> #execute ~> CONTINUATION:K
│   pc: 2995
│   callDepth: 0
│   statusCode: EVMC_REVERT
│
│  (2 steps)
├─ 10 (terminal)
│   k: #halt ~> CONTINUATION:K
│   pc: 2995
│   callDepth: 0
│   statusCode: EVMC_REVERT
│
┊  constraint: true
┊  subst: OMITTED SUBST
└─ 7 (leaf, target, terminal)
    k: #halt ~> CONTINUATION:K
    pc: PC_CELL_5d410f2a:Int
    callDepth: CALLDEPTH_CELL_5d410f2a:Int
    statusCode: STATUSCODE_FINAL:StatusCode




module SUMMARY-TEST%ASSERTTEST.CHECKFAIL-ASSERT-FALSE():0
    
    
    rule [BASIC-BLOCK-1-TO-5]: <foundry>
           <kevm>
             <k>
               ( #execute => #halt )
               ~> _CONTINUATION
             </k>
             <mode>
               NORMAL
             </mode>
             <schedule>
               SHANGHAI
             </schedule>
             <useGas>
               false
             </useGas>
             <ethereum>
               <evm>
                 <output>
                   b""
                 </output>
                 <statusCode>
                   ( _STATUSCODE => EVMC_SUCCESS )
                 </statusCode>
                 <callStack>
                   .List
                 </callStack>
                 <interimStates>
                   .List
                 </interimStates>
                 <touchedAccounts>
                   .Set
                 </touchedAccounts>
                 <callState>
                   <id>
                     728815563385977040452943777879061427756277306518
                   </id>
                   <caller>
                     CALLER_ID:Int
                   </caller>
                   <callData>
                     b"\n\x92T\xe4"
                   </callData>
                   <callValue>
                     0
                   </callValue>
                   <wordStack>
                     ( .WordStack => ( selector ( "setUp()" ) : .WordStack ) )
                   </wordStack>
                   <localMem>
                     ( b"" => b"\x00\x00\x00\x00\x00\x00\x00\x00\x00\x00\x00\x00\x00\x00\x00\x00\x00\x00\x00\x00\x00\x00\x00\x00\x00\x00\x00\x00\x00\x00\x00\x00\x00\x00\x00\x00\x00\x00\x00\x00\x00\x00\x00\x00\x00\x00\x00\x00\x00\x00\x00\x00\x00\x00\x00\x00\x00\x00\x00\x00\x00\x00\x00\x00\x00\x00\x00\x00\x00\x00\x00\x00\x00\x00\x00\x00\x00\x00\x00\x00\x00\x00\x00\x00\x00\x00\x00\x00\x00\x00\x00\x00\x00\x00\x00\x80" )
                   </localMem>
                   <memoryUsed>
                     0
                   </memoryUsed>
                   <callGas>
                     0
                   </callGas>
                   <static>
                     false
                   </static>
                   <callDepth>
                     0
                   </callDepth>
                   ...
                 </callState>
                 <substate>
                   <log>
                     .List
                   </log>
                   <refund>
                     0
                   </refund>
                   <accessedAccounts>
                     .Set
                   </accessedAccounts>
                   <accessedStorage>
                     .Map
                   </accessedStorage>
                   ...
                 </substate>
                 <origin>
                   ORIGIN_ID:Int
                 </origin>
                 <block>
                   <number>
                     NUMBER_CELL:Int
                   </number>
                   <timestamp>
                     TIMESTAMP_CELL:Int
                   </timestamp>
                   ...
                 </block>
                 ...
               </evm>
               <network>
                 <accounts>
                   ( <account>
                     <acctID>
                       645326474426547203313410069153905908525362434349
                     </acctID>
                     <balance>
                       0
                     </balance>
                     <storage>
                       .Map
                     </storage>
                     <origStorage>
                       .Map
                     </origStorage>
                     <nonce>
                       0
                     </nonce>
                     ...
                   </account>
                   <account>
                     <acctID>
                       728815563385977040452943777879061427756277306518
                     </acctID>
                     <balance>
                       0
                     </balance>
                     <storage>
                       .Map
                     </storage>
                     <origStorage>
                       .Map
                     </origStorage>
                     <nonce>
                       1
                     </nonce>
                     ...
                   </account> )
                 </accounts>
                 ...
               </network>
             </ethereum>
             ...
           </kevm>
           <cheatcodes>
             <prank>
               <active>
                 false
               </active>
               <singleCall>
                 false
               </singleCall>
               ...
             </prank>
             <expectedRevert>
               <isRevertExpected>
                 false
               </isRevertExpected>
               ...
             </expectedRevert>
             <expectedOpcode>
               <isOpcodeExpected>
                 false
               </isOpcodeExpected>
               ...
             </expectedOpcode>
             <expectEmit>
               <recordEvent>
                 false
               </recordEvent>
               <isEventExpected>
                 false
               </isEventExpected>
               ...
             </expectEmit>
             <whitelist>
               <isCallWhitelistActive>
                 false
               </isCallWhitelistActive>
               <isStorageWhitelistActive>
                 false
               </isStorageWhitelistActive>
               <addressSet>
                 .Set
               </addressSet>
               <storageSlotSet>
                 .Set
               </storageSlotSet>
             </whitelist>
             <mockCalls>
               .MockCallCellMap
             </mockCalls>
           </cheatcodes>
           <KEVMTracing>
             <activeTracing>
               false
             </activeTracing>
             <traceStorage>
               false
             </traceStorage>
             <traceWordStack>
               false
             </traceWordStack>
             <traceMemory>
               false
             </traceMemory>
             <recordedTrace>
               false
             </recordedTrace>
             <traceData>
               .List
             </traceData>
           </KEVMTracing>
         </foundry>
      requires ( 0 <=Int CALLER_ID:Int
       andBool ( 0 <=Int ORIGIN_ID:Int
       andBool ( 0 <=Int NUMBER_CELL:Int
       andBool ( 0 <=Int TIMESTAMP_CELL:Int
       andBool ( CALLER_ID:Int =/=K 645326474426547203313410069153905908525362434349
       andBool ( ORIGIN_ID:Int =/=K 645326474426547203313410069153905908525362434349
       andBool ( _CONTRACT_ID =/=K 645326474426547203313410069153905908525362434349
       andBool ( CALLER_ID:Int <Int pow160
       andBool ( ORIGIN_ID:Int <Int pow160
       andBool ( NUMBER_CELL:Int <=Int maxSInt256
       andBool ( TIMESTAMP_CELL:Int <Int pow256
       andBool ( ( notBool #range ( 0 < CALLER_ID:Int <= 9 ) )
       andBool ( ( notBool #range ( 0 < ORIGIN_ID:Int <= 9 ) )
               )))))))))))))
      [priority(20), label(BASIC-BLOCK-1-TO-5)]
    
    rule [BASIC-BLOCK-5-TO-6]: <foundry>
           <kevm>
             <k>
               ( #halt => #execute )
               ~> _CONTINUATION
             </k>
             <mode>
               NORMAL
             </mode>
             <schedule>
               SHANGHAI
             </schedule>
             <useGas>
               false
             </useGas>
             <ethereum>
               <evm>
                 <output>
                   b""
                 </output>
                 <statusCode>
                   ( EVMC_SUCCESS => ?_STATUSCODE )
                 </statusCode>
                 <callStack>
                   .List
                 </callStack>
                 <interimStates>
                   .List
                 </interimStates>
                 <touchedAccounts>
                   .Set
                 </touchedAccounts>
                 <callState>
                   <id>
                     728815563385977040452943777879061427756277306518
                   </id>
                   <caller>
                     CALLER_ID:Int
                   </caller>
                   <callData>
                     ( b"\n\x92T\xe4" => b"\xa2]\xdf\xf4" )
                   </callData>
                   <callValue>
                     0
                   </callValue>
                   <wordStack>
                     ( ( selector ( "setUp()" ) : .WordStack ) => .WordStack )
                   </wordStack>
                   <localMem>
                     ( b"\x00\x00\x00\x00\x00\x00\x00\x00\x00\x00\x00\x00\x00\x00\x00\x00\x00\x00\x00\x00\x00\x00\x00\x00\x00\x00\x00\x00\x00\x00\x00\x00\x00\x00\x00\x00\x00\x00\x00\x00\x00\x00\x00\x00\x00\x00\x00\x00\x00\x00\x00\x00\x00\x00\x00\x00\x00\x00\x00\x00\x00\x00\x00\x00\x00\x00\x00\x00\x00\x00\x00\x00\x00\x00\x00\x00\x00\x00\x00\x00\x00\x00\x00\x00\x00\x00\x00\x00\x00\x00\x00\x00\x00\x00\x00\x80" => b"" )
                   </localMem>
                   <memoryUsed>
                     0
                   </memoryUsed>
                   <callGas>
                     0
                   </callGas>
                   <static>
                     false
                   </static>
                   <callDepth>
                     0
                   </callDepth>
                   ...
                 </callState>
                 <substate>
                   <log>
                     .List
                   </log>
                   <refund>
                     0
                   </refund>
                   <accessedAccounts>
                     .Set
                   </accessedAccounts>
                   <accessedStorage>
                     .Map
                   </accessedStorage>
                   ...
                 </substate>
                 <origin>
                   ORIGIN_ID:Int
                 </origin>
                 <block>
                   <number>
                     NUMBER_CELL:Int
                   </number>
                   <timestamp>
                     TIMESTAMP_CELL:Int
                   </timestamp>
                   ...
                 </block>
                 ...
               </evm>
               <network>
                 <accounts>
                   ( <account>
                     <acctID>
                       645326474426547203313410069153905908525362434349
                     </acctID>
                     <balance>
                       0
                     </balance>
                     <storage>
                       .Map
                     </storage>
                     <origStorage>
                       .Map
                     </origStorage>
                     <nonce>
                       0
                     </nonce>
                     ...
                   </account>
                   <account>
                     <acctID>
                       728815563385977040452943777879061427756277306518
                     </acctID>
                     <balance>
                       0
                     </balance>
                     <storage>
                       .Map
                     </storage>
                     <origStorage>
                       .Map
                     </origStorage>
                     <nonce>
                       1
                     </nonce>
                     ...
                   </account> )
                 </accounts>
                 ...
               </network>
             </ethereum>
             ...
           </kevm>
           <cheatcodes>
             <prank>
               <active>
                 false
               </active>
               <singleCall>
                 false
               </singleCall>
               ...
             </prank>
             <expectedRevert>
               <isRevertExpected>
                 false
               </isRevertExpected>
               ...
             </expectedRevert>
             <expectedOpcode>
               <isOpcodeExpected>
                 false
               </isOpcodeExpected>
               ...
             </expectedOpcode>
             <expectEmit>
               <recordEvent>
                 false
               </recordEvent>
               <isEventExpected>
                 false
               </isEventExpected>
               ...
             </expectEmit>
             <whitelist>
               <isCallWhitelistActive>
                 false
               </isCallWhitelistActive>
               <isStorageWhitelistActive>
                 false
               </isStorageWhitelistActive>
               <addressSet>
                 .Set
               </addressSet>
               <storageSlotSet>
                 .Set
               </storageSlotSet>
             </whitelist>
             <mockCalls>
               .MockCallCellMap
             </mockCalls>
           </cheatcodes>
           <KEVMTracing>
             <activeTracing>
               false
             </activeTracing>
             <traceStorage>
               false
             </traceStorage>
             <traceWordStack>
               false
             </traceWordStack>
             <traceMemory>
               false
             </traceMemory>
             <recordedTrace>
               false
             </recordedTrace>
             <traceData>
               .List
             </traceData>
           </KEVMTracing>
         </foundry>
      requires ( 0 <=Int CALLER_ID:Int
       andBool ( 0 <=Int ORIGIN_ID:Int
       andBool ( 0 <=Int NUMBER_CELL:Int
       andBool ( 0 <=Int TIMESTAMP_CELL:Int
       andBool ( CALLER_ID:Int =/=K 645326474426547203313410069153905908525362434349
       andBool ( ORIGIN_ID:Int =/=K 645326474426547203313410069153905908525362434349
       andBool ( _CONTRACT_ID =/=K 645326474426547203313410069153905908525362434349
       andBool ( CALLER_ID:Int <Int pow160
       andBool ( ORIGIN_ID:Int <Int pow160
       andBool ( NUMBER_CELL:Int <=Int maxSInt256
       andBool ( TIMESTAMP_CELL:Int <Int pow256
       andBool ( ( notBool #range ( 0 < CALLER_ID:Int <= 9 ) )
       andBool ( ( notBool #range ( 0 < ORIGIN_ID:Int <= 9 ) )
               )))))))))))))
      [priority(20), label(BASIC-BLOCK-5-TO-6)]
    
    rule [BASIC-BLOCK-6-TO-8]: <foundry>
           <kevm>
             <k>
               ( .K => #end EVMC_REVERT
               ~> #pc [ REVERT ] )
               ~> #execute
               ~> _CONTINUATION
             </k>
             <mode>
               NORMAL
             </mode>
             <schedule>
               SHANGHAI
             </schedule>
             <useGas>
               false
             </useGas>
             <ethereum>
               <evm>
                 <output>
                   ( b"" => b"NH{q\x00\x00\x00\x00\x00\x00\x00\x00\x00\x00\x00\x00\x00\x00\x00\x00\x00\x00\x00\x00\x00\x00\x00\x00\x00\x00\x00\x00\x00\x00\x00\x01" )
                 </output>
                 <callStack>
                   .List
                 </callStack>
                 <interimStates>
                   .List
                 </interimStates>
                 <touchedAccounts>
                   .Set
                 </touchedAccounts>
                 <callState>
                   <id>
                     728815563385977040452943777879061427756277306518
                   </id>
                   <caller>
                     CALLER_ID:Int
                   </caller>
                   <callData>
                     b"\xa2]\xdf\xf4"
                   </callData>
                   <callValue>
                     0
                   </callValue>
                   <wordStack>
                     ( .WordStack => ( 614 : ( 327 : ( selector ( "checkFail_assert_false()" ) : .WordStack ) ) ) )
                   </wordStack>
                   <localMem>
                     ( b"" => b"NH{q\x00\x00\x00\x00\x00\x00\x00\x00\x00\x00\x00\x00\x00\x00\x00\x00\x00\x00\x00\x00\x00\x00\x00\x00\x00\x00\x00\x00\x00\x00\x00\x01\x00\x00\x00\x00\x00\x00\x00\x00\x00\x00\x00\x00\x00\x00\x00\x00\x00\x00\x00\x00\x00\x00\x00\x00\x00\x00\x00\x00\x00\x00\x00\x00\x00\x00\x00\x00\x00\x00\x00\x00\x00\x00\x00\x00\x00\x00\x00\x00\x00\x00\x00\x00\x00\x00\x00\x00\x00\x00\x00\x80" )
                   </localMem>
                   <memoryUsed>
                     0
                   </memoryUsed>
                   <callGas>
                     0
                   </callGas>
                   <static>
                     false
                   </static>
                   <callDepth>
                     0
                   </callDepth>
                   ...
                 </callState>
                 <substate>
                   <log>
                     .List
                   </log>
                   <refund>
                     0
                   </refund>
                   <accessedAccounts>
                     .Set
                   </accessedAccounts>
                   <accessedStorage>
                     .Map
                   </accessedStorage>
                   ...
                 </substate>
                 <origin>
                   ORIGIN_ID:Int
                 </origin>
                 <block>
                   <number>
                     NUMBER_CELL:Int
                   </number>
                   <timestamp>
                     TIMESTAMP_CELL:Int
                   </timestamp>
                   ...
                 </block>
                 ...
               </evm>
               <network>
                 <accounts>
                   ( <account>
                     <acctID>
                       645326474426547203313410069153905908525362434349
                     </acctID>
                     <balance>
                       0
                     </balance>
                     <storage>
                       .Map
                     </storage>
                     <origStorage>
                       .Map
                     </origStorage>
                     <nonce>
                       0
                     </nonce>
                     ...
                   </account>
                   <account>
                     <acctID>
                       728815563385977040452943777879061427756277306518
                     </acctID>
                     <balance>
                       0
                     </balance>
                     <storage>
                       .Map
                     </storage>
                     <origStorage>
                       .Map
                     </origStorage>
                     <nonce>
                       1
                     </nonce>
                     ...
                   </account> )
                 </accounts>
                 ...
               </network>
             </ethereum>
             ...
           </kevm>
           <cheatcodes>
             <prank>
               <active>
                 false
               </active>
               <singleCall>
                 false
               </singleCall>
               ...
             </prank>
             <expectedRevert>
               <isRevertExpected>
                 false
               </isRevertExpected>
               ...
             </expectedRevert>
             <expectedOpcode>
               <isOpcodeExpected>
                 false
               </isOpcodeExpected>
               ...
             </expectedOpcode>
             <expectEmit>
               <recordEvent>
                 false
               </recordEvent>
               <isEventExpected>
                 false
               </isEventExpected>
               ...
             </expectEmit>
             <whitelist>
               <isCallWhitelistActive>
                 false
               </isCallWhitelistActive>
               <isStorageWhitelistActive>
                 false
               </isStorageWhitelistActive>
               <addressSet>
                 .Set
               </addressSet>
               <storageSlotSet>
                 .Set
               </storageSlotSet>
             </whitelist>
             <mockCalls>
               .MockCallCellMap
             </mockCalls>
           </cheatcodes>
           <KEVMTracing>
             <activeTracing>
               false
             </activeTracing>
             <traceStorage>
               false
             </traceStorage>
             <traceWordStack>
               false
             </traceWordStack>
             <traceMemory>
               false
             </traceMemory>
             <recordedTrace>
               false
             </recordedTrace>
             <traceData>
               .List
             </traceData>
           </KEVMTracing>
         </foundry>
      requires ( 0 <=Int CALLER_ID:Int
       andBool ( 0 <=Int ORIGIN_ID:Int
       andBool ( 0 <=Int NUMBER_CELL:Int
       andBool ( 0 <=Int TIMESTAMP_CELL:Int
       andBool ( CALLER_ID:Int =/=K 645326474426547203313410069153905908525362434349
       andBool ( ORIGIN_ID:Int =/=K 645326474426547203313410069153905908525362434349
       andBool ( CONTRACT_ID:Int =/=K 645326474426547203313410069153905908525362434349
       andBool ( CALLER_ID:Int <Int pow160
       andBool ( ORIGIN_ID:Int <Int pow160
       andBool ( NUMBER_CELL:Int <=Int maxSInt256
       andBool ( TIMESTAMP_CELL:Int <Int pow256
       andBool ( ( notBool #range ( 0 < CALLER_ID:Int <= 9 ) )
       andBool ( ( notBool #range ( 0 < ORIGIN_ID:Int <= 9 ) )
               )))))))))))))
       ensures ( CALLER_ID:Int =/=Int 645326474426547203313410069153905908525362434349
       andBool ( ORIGIN_ID:Int =/=Int 645326474426547203313410069153905908525362434349
       andBool ( CONTRACT_ID:Int =/=Int 645326474426547203313410069153905908525362434349
       andBool ( ( notBool #range ( 0 < CALLER_ID:Int <= 9 ) )
       andBool ( ( notBool #range ( 0 < ORIGIN_ID:Int <= 9 ) )
               )))))
      [priority(20), label(BASIC-BLOCK-6-TO-8)]
    
    rule [BASIC-BLOCK-8-TO-9]: <foundry>
           <kevm>
             <k>
               ( #end EVMC_REVERT => #halt )
               ~> #pc [ REVERT ]
               ~> #execute
               ~> _CONTINUATION
             </k>
             <mode>
               NORMAL
             </mode>
             <schedule>
               SHANGHAI
             </schedule>
             <useGas>
               false
             </useGas>
             <ethereum>
               <evm>
                 <output>
                   b"NH{q\x00\x00\x00\x00\x00\x00\x00\x00\x00\x00\x00\x00\x00\x00\x00\x00\x00\x00\x00\x00\x00\x00\x00\x00\x00\x00\x00\x00\x00\x00\x00\x01"
                 </output>
                 <statusCode>
                   ( _STATUSCODE => EVMC_REVERT )
                 </statusCode>
                 <callStack>
                   .List
                 </callStack>
                 <interimStates>
                   .List
                 </interimStates>
                 <touchedAccounts>
                   .Set
                 </touchedAccounts>
                 <callState>
                   <id>
                     728815563385977040452943777879061427756277306518
                   </id>
                   <caller>
                     CALLER_ID:Int
                   </caller>
                   <callData>
                     b"\xa2]\xdf\xf4"
                   </callData>
                   <callValue>
                     0
                   </callValue>
                   <wordStack>
                     ( 614 : ( 327 : ( selector ( "checkFail_assert_false()" ) : .WordStack ) ) )
                   </wordStack>
                   <localMem>
                     b"NH{q\x00\x00\x00\x00\x00\x00\x00\x00\x00\x00\x00\x00\x00\x00\x00\x00\x00\x00\x00\x00\x00\x00\x00\x00\x00\x00\x00\x00\x00\x00\x00\x01\x00\x00\x00\x00\x00\x00\x00\x00\x00\x00\x00\x00\x00\x00\x00\x00\x00\x00\x00\x00\x00\x00\x00\x00\x00\x00\x00\x00\x00\x00\x00\x00\x00\x00\x00\x00\x00\x00\x00\x00\x00\x00\x00\x00\x00\x00\x00\x00\x00\x00\x00\x00\x00\x00\x00\x00\x00\x00\x00\x80"
                   </localMem>
                   <memoryUsed>
                     0
                   </memoryUsed>
                   <callGas>
                     0
                   </callGas>
                   <static>
                     false
                   </static>
                   <callDepth>
                     0
                   </callDepth>
                   ...
                 </callState>
                 <substate>
                   <log>
                     .List
                   </log>
                   <refund>
                     0
                   </refund>
                   <accessedAccounts>
                     .Set
                   </accessedAccounts>
                   <accessedStorage>
                     .Map
                   </accessedStorage>
                   ...
                 </substate>
                 <origin>
                   ORIGIN_ID:Int
                 </origin>
                 <block>
                   <number>
                     NUMBER_CELL:Int
                   </number>
                   <timestamp>
                     TIMESTAMP_CELL:Int
                   </timestamp>
                   ...
                 </block>
                 ...
               </evm>
               <network>
                 <accounts>
                   ( <account>
                     <acctID>
                       645326474426547203313410069153905908525362434349
                     </acctID>
                     <balance>
                       0
                     </balance>
                     <storage>
                       .Map
                     </storage>
                     <origStorage>
                       .Map
                     </origStorage>
                     <nonce>
                       0
                     </nonce>
                     ...
                   </account>
                   <account>
                     <acctID>
                       728815563385977040452943777879061427756277306518
                     </acctID>
                     <balance>
                       0
                     </balance>
                     <storage>
                       .Map
                     </storage>
                     <origStorage>
                       .Map
                     </origStorage>
                     <nonce>
                       1
                     </nonce>
                     ...
                   </account> )
                 </accounts>
                 ...
               </network>
             </ethereum>
             ...
           </kevm>
           <cheatcodes>
             <prank>
               <active>
                 false
               </active>
               <singleCall>
                 false
               </singleCall>
               ...
             </prank>
             <expectedRevert>
               <isRevertExpected>
                 false
               </isRevertExpected>
               ...
             </expectedRevert>
             <expectedOpcode>
               <isOpcodeExpected>
                 false
               </isOpcodeExpected>
               ...
             </expectedOpcode>
             <expectEmit>
               <recordEvent>
                 false
               </recordEvent>
               <isEventExpected>
                 false
               </isEventExpected>
               ...
             </expectEmit>
             <whitelist>
               <isCallWhitelistActive>
                 false
               </isCallWhitelistActive>
               <isStorageWhitelistActive>
                 false
               </isStorageWhitelistActive>
               <addressSet>
                 .Set
               </addressSet>
               <storageSlotSet>
                 .Set
               </storageSlotSet>
             </whitelist>
             <mockCalls>
               .MockCallCellMap
             </mockCalls>
           </cheatcodes>
           <KEVMTracing>
             <activeTracing>
               false
             </activeTracing>
             <traceStorage>
               false
             </traceStorage>
             <traceWordStack>
               false
             </traceWordStack>
             <traceMemory>
               false
             </traceMemory>
             <recordedTrace>
               false
             </recordedTrace>
             <traceData>
               .List
             </traceData>
           </KEVMTracing>
         </foundry>
      requires ( 0 <=Int CALLER_ID:Int
       andBool ( 0 <=Int ORIGIN_ID:Int
       andBool ( 0 <=Int NUMBER_CELL:Int
       andBool ( 0 <=Int TIMESTAMP_CELL:Int
       andBool ( CALLER_ID:Int <Int pow160
       andBool ( ORIGIN_ID:Int <Int pow160
       andBool ( CALLER_ID:Int =/=Int 645326474426547203313410069153905908525362434349
       andBool ( ORIGIN_ID:Int =/=Int 645326474426547203313410069153905908525362434349
       andBool ( _CONTRACT_ID =/=Int 645326474426547203313410069153905908525362434349
       andBool ( NUMBER_CELL:Int <=Int maxSInt256
       andBool ( TIMESTAMP_CELL:Int <Int pow256
       andBool ( ( notBool #range ( 0 < CALLER_ID:Int <= 9 ) )
       andBool ( ( notBool #range ( 0 < ORIGIN_ID:Int <= 9 ) )
               )))))))))))))
      [priority(20), label(BASIC-BLOCK-8-TO-9)]
    
    rule [BASIC-BLOCK-9-TO-10]: <foundry>
           <kevm>
             <k>
               #halt
               ~> ( #pc [ REVERT ]
               ~> #execute => .K )
               ~> _CONTINUATION
             </k>
             <mode>
               NORMAL
             </mode>
             <schedule>
               SHANGHAI
             </schedule>
             <useGas>
               false
             </useGas>
             <ethereum>
               <evm>
                 <output>
                   b"NH{q\x00\x00\x00\x00\x00\x00\x00\x00\x00\x00\x00\x00\x00\x00\x00\x00\x00\x00\x00\x00\x00\x00\x00\x00\x00\x00\x00\x00\x00\x00\x00\x01"
                 </output>
                 <statusCode>
                   EVMC_REVERT
                 </statusCode>
                 <callStack>
                   .List
                 </callStack>
                 <interimStates>
                   .List
                 </interimStates>
                 <touchedAccounts>
                   .Set
                 </touchedAccounts>
                 <callState>
                   <id>
                     728815563385977040452943777879061427756277306518
                   </id>
                   <caller>
                     CALLER_ID:Int
                   </caller>
                   <callData>
                     b"\xa2]\xdf\xf4"
                   </callData>
                   <callValue>
                     0
                   </callValue>
                   <wordStack>
                     ( 614 : ( 327 : ( selector ( "checkFail_assert_false()" ) : .WordStack ) ) )
                   </wordStack>
                   <localMem>
                     b"NH{q\x00\x00\x00\x00\x00\x00\x00\x00\x00\x00\x00\x00\x00\x00\x00\x00\x00\x00\x00\x00\x00\x00\x00\x00\x00\x00\x00\x00\x00\x00\x00\x01\x00\x00\x00\x00\x00\x00\x00\x00\x00\x00\x00\x00\x00\x00\x00\x00\x00\x00\x00\x00\x00\x00\x00\x00\x00\x00\x00\x00\x00\x00\x00\x00\x00\x00\x00\x00\x00\x00\x00\x00\x00\x00\x00\x00\x00\x00\x00\x00\x00\x00\x00\x00\x00\x00\x00\x00\x00\x00\x00\x80"
                   </localMem>
                   <memoryUsed>
                     0
                   </memoryUsed>
                   <callGas>
                     0
                   </callGas>
                   <static>
                     false
                   </static>
                   <callDepth>
                     0
                   </callDepth>
                   ...
                 </callState>
                 <substate>
                   <log>
                     .List
                   </log>
                   <refund>
                     0
                   </refund>
                   <accessedAccounts>
                     .Set
                   </accessedAccounts>
                   <accessedStorage>
                     .Map
                   </accessedStorage>
                   ...
                 </substate>
                 <origin>
                   ORIGIN_ID:Int
                 </origin>
                 <block>
                   <number>
                     NUMBER_CELL:Int
                   </number>
                   <timestamp>
                     TIMESTAMP_CELL:Int
                   </timestamp>
                   ...
                 </block>
                 ...
               </evm>
               <network>
                 <accounts>
                   ( <account>
                     <acctID>
                       645326474426547203313410069153905908525362434349
                     </acctID>
                     <balance>
                       0
                     </balance>
                     <storage>
                       .Map
                     </storage>
                     <origStorage>
                       .Map
                     </origStorage>
                     <nonce>
                       0
                     </nonce>
                     ...
                   </account>
                   <account>
                     <acctID>
                       728815563385977040452943777879061427756277306518
                     </acctID>
                     <balance>
                       0
                     </balance>
                     <storage>
                       .Map
                     </storage>
                     <origStorage>
                       .Map
                     </origStorage>
                     <nonce>
                       1
                     </nonce>
                     ...
                   </account> )
                 </accounts>
                 ...
               </network>
             </ethereum>
             ...
           </kevm>
           <cheatcodes>
             <prank>
               <active>
                 false
               </active>
               <singleCall>
                 false
               </singleCall>
               ...
             </prank>
             <expectedRevert>
               <isRevertExpected>
                 false
               </isRevertExpected>
               ...
             </expectedRevert>
             <expectedOpcode>
               <isOpcodeExpected>
                 false
               </isOpcodeExpected>
               ...
             </expectedOpcode>
             <expectEmit>
               <recordEvent>
                 false
               </recordEvent>
               <isEventExpected>
                 false
               </isEventExpected>
               ...
             </expectEmit>
             <whitelist>
               <isCallWhitelistActive>
                 false
               </isCallWhitelistActive>
               <isStorageWhitelistActive>
                 false
               </isStorageWhitelistActive>
               <addressSet>
                 .Set
               </addressSet>
               <storageSlotSet>
                 .Set
               </storageSlotSet>
             </whitelist>
             <mockCalls>
               .MockCallCellMap
             </mockCalls>
           </cheatcodes>
           <KEVMTracing>
             <activeTracing>
               false
             </activeTracing>
             <traceStorage>
               false
             </traceStorage>
             <traceWordStack>
               false
             </traceWordStack>
             <traceMemory>
               false
             </traceMemory>
             <recordedTrace>
               false
             </recordedTrace>
             <traceData>
               .List
             </traceData>
           </KEVMTracing>
         </foundry>
      requires ( 0 <=Int CALLER_ID:Int
       andBool ( 0 <=Int ORIGIN_ID:Int
       andBool ( 0 <=Int NUMBER_CELL:Int
       andBool ( 0 <=Int TIMESTAMP_CELL:Int
       andBool ( CALLER_ID:Int <Int pow160
       andBool ( ORIGIN_ID:Int <Int pow160
       andBool ( CALLER_ID:Int =/=Int 645326474426547203313410069153905908525362434349
       andBool ( ORIGIN_ID:Int =/=Int 645326474426547203313410069153905908525362434349
       andBool ( _CONTRACT_ID =/=Int 645326474426547203313410069153905908525362434349
       andBool ( NUMBER_CELL:Int <=Int maxSInt256
       andBool ( TIMESTAMP_CELL:Int <Int pow256
       andBool ( ( notBool #range ( 0 < CALLER_ID:Int <= 9 ) )
       andBool ( ( notBool #range ( 0 < ORIGIN_ID:Int <= 9 ) )
               )))))))))))))
      [priority(20), label(BASIC-BLOCK-9-TO-10)]

endmodule
0 Failure nodes. (0 pending and 0 failing)

Join the Runtime Verification Discord server for support: https://discord.com/invite/CurfmXNtbN

See `foundry_success` predicate for more information:
https://github.com/runtimeverification/kontrol/blob/master/src/kontrol/kdist/foundry.md#foundry-success-predicate

Access documentation for Kontrol at https://docs.runtimeverification.com/kontrol