
┌─ 1 (root, init)
│   k: #execute ~> CONTINUATION:K
│   pc: 0
│   callDepth: 0
│   statusCode: STATUSCODE:StatusCode
│
│  (1000 steps)
├─ 3
│   k: #execute ~> CONTINUATION:K
│   pc: 3592
│   callDepth: 0
│   statusCode: STATUSCODE:StatusCode
│
│  (939 steps)
├─ 4 (terminal)
│   k: #halt ~> CONTINUATION:K
│   pc: 281
│   callDepth: 0
│   statusCode: EVMC_SUCCESS
│
┊  constraint: true
┊  subst: OMITTED SUBST
└─ 2 (leaf, target, terminal)
    k: #halt ~> CONTINUATION:K
    pc: PC_CELL_5d410f2a:Int
    callDepth: CALLDEPTH_CELL_5d410f2a:Int
    statusCode: STATUSCODE_FINAL:StatusCode




module SUMMARY-TEST%ASSUMETEST.TESTFAIL-ASSUME-TRUE(UINT256,UINT256):0
    
    
    rule [BASIC-BLOCK-1-TO-3]: <foundry>
           <kevm>
             <k>
               #execute
               ~> _CONTINUATION
             </k>
             <mode>
               NORMAL
             </mode>
             <schedule>
               SHANGHAI
             </schedule>
             <useGas>
               false
             </useGas>
             <ethereum>
               <evm>
                 <output>
                   b""
                 </output>
                 <callStack>
                   .List
                 </callStack>
                 <interimStates>
                   .List
                 </interimStates>
                 <touchedAccounts>
                   .Set
                 </touchedAccounts>
                 <callState>
                   <id>
                     728815563385977040452943777879061427756277306518
                   </id>
                   <caller>
                     CALLER_ID:Int
                   </caller>
                   <callData>
                     b"\x0e\xb6V\xda" +Bytes #buf ( 32 , VV0_a_114b9705:Int ) +Bytes #buf ( 32 , VV1_b_114b9705:Int )
                   </callData>
                   <callValue>
                     0
                   </callValue>
                   <wordStack>
                     ( .WordStack => ( 80904256614161075919025625882663817043659112028191499838463115877652359487912 : ( 128 : ( 128 : ( VV1_b_114b9705:Int : ( VV0_a_114b9705:Int : ( 594 : ( VV1_b_114b9705:Int : ( VV0_a_114b9705:Int : ( 280 : ( selector ( "testFail_assume_true(uint256,uint256)" ) : .WordStack ) ) ) ) ) ) ) ) ) ) )
                   </wordStack>
                   <localMem>
                     ( b"" => b"\x00\x00\x00\x00\x00\x00\x00\x00\x00\x00\x00\x00\x00\x00\x00\x00\x00\x00\x00\x00\x00\x00\x00\x00\x00\x00\x00\x00\x00\x00\x00\x00\x00\x00\x00\x00\x00\x00\x00\x00\x00\x00\x00\x00\x00\x00\x00\x00\x00\x00\x00\x00\x00\x00\x00\x00\x00\x00\x00\x00\x00\x00\x00\x00\x00\x00\x00\x00\x00\x00\x00\x00\x00\x00\x00\x00\x00\x00\x00\x00\x00\x00\x00\x00\x00\x00\x00\x00\x00\x00\x00\x00\x00\x00\x00\x80\x00\x00\x00\x00\x00\x00\x00\x00\x00\x00\x00\x00\x00\x00\x00\x00\x00\x00\x00\x00\x00\x00\x00\x00\x00\x00\x00\x00\x00\x00\x00\x00\x00\x00\x00\x00\x00\x00\x00\x00\x00\x00\x00\x00\x00\x00\x00\x00\x00\x00\x00\x00\x00\x00\x00\x00\x00\x00\x00\x00\x00\x00\x00@" +Bytes #buf ( 32 , VV1_b_114b9705:Int ) +Bytes b"\x00\x00\x00\x00\x00\x00\x00\x00\x00\x00\x00\x00\x00\x00\x00\x00\x00\x00\x00\x00\x00\x00\x00\x00\x00\x00\x00\x00\x00\x00\x00\n     Right\x00\x00\x00\x00\x00\x00\x00\x00\x00\x00\x00\x00\x00\x00\x00\x00\x00\x00\x00\x00\x00\x00" )
                   </localMem>
                   <memoryUsed>
                     0
                   </memoryUsed>
                   <callGas>
                     0
                   </callGas>
                   <static>
                     false
                   </static>
                   <callDepth>
                     0
                   </callDepth>
                   ...
                 </callState>
                 <substate>
                   <log>
                     ( .List => ListItem ( { 728815563385977040452943777879061427756277306518 | ListItem ( 29485693714967335757563038618841744472215891622979272243827124658718922284880 ) | b"\x00\x00\x00\x00\x00\x00\x00\x00\x00\x00\x00\x00\x00\x00\x00\x00\x00\x00\x00\x00\x00\x00\x00\x00\x00\x00\x00\x00\x00\x00\x00 \x00\x00\x00\x00\x00\x00\x00\x00\x00\x00\x00\x00\x00\x00\x00\x00\x00\x00\x00\x00\x00\x00\x00\x00\x00\x00\x00\x00\x00\x00\x00\"Error: a == b not satisfied [uint]\x00\x00\x00\x00\x00\x00\x00\x00\x00\x00\x00\x00\x00\x00\x00\x00\x00\x00\x00\x00\x00\x00\x00\x00\x00\x00\x00\x00\x00\x00" } ) ListItem ( { 728815563385977040452943777879061427756277306518 | ListItem ( 80904256614161075919025625882663817043659112028191499838463115877652359487912 ) | b"\x00\x00\x00\x00\x00\x00\x00\x00\x00\x00\x00\x00\x00\x00\x00\x00\x00\x00\x00\x00\x00\x00\x00\x00\x00\x00\x00\x00\x00\x00\x00@" +Bytes #buf ( 32 , VV0_a_114b9705:Int ) +Bytes b"\x00\x00\x00\x00\x00\x00\x00\x00\x00\x00\x00\x00\x00\x00\x00\x00\x00\x00\x00\x00\x00\x00\x00\x00\x00\x00\x00\x00\x00\x00\x00\n      Left\x00\x00\x00\x00\x00\x00\x00\x00\x00\x00\x00\x00\x00\x00\x00\x00\x00\x00\x00\x00\x00\x00" } ) )
                   </log>
                   <refund>
                     0
                   </refund>
                   <accessedAccounts>
                     ( .Set => SetItem ( 645326474426547203313410069153905908525362434349 ) )
                   </accessedAccounts>
                   <accessedStorage>
                     .Map
                   </accessedStorage>
                   ...
                 </substate>
                 <origin>
                   ORIGIN_ID:Int
                 </origin>
                 <block>
                   <number>
                     NUMBER_CELL:Int
                   </number>
                   <timestamp>
                     TIMESTAMP_CELL:Int
                   </timestamp>
                   ...
                 </block>
                 ...
               </evm>
               <network>
                 <accounts>
                   ( <account>
                     <acctID>
                       645326474426547203313410069153905908525362434349
                     </acctID>
                     <balance>
                       0
                     </balance>
                     <storage>
                       .Map
                     </storage>
                     <origStorage>
                       .Map
                     </origStorage>
                     <nonce>
                       0
                     </nonce>
                     ...
                   </account>
                   <account>
                     <acctID>
                       728815563385977040452943777879061427756277306518
                     </acctID>
                     <balance>
                       0
                     </balance>
                     <storage>
                       .Map
                     </storage>
                     <origStorage>
                       .Map
                     </origStorage>
                     <nonce>
                       1
                     </nonce>
                     ...
                   </account> )
                 </accounts>
                 ...
               </network>
             </ethereum>
             ...
           </kevm>
           <cheatcodes>
             <prank>
               <active>
                 false
               </active>
               <singleCall>
                 false
               </singleCall>
               ...
             </prank>
             <expectedRevert>
               <isRevertExpected>
                 false
               </isRevertExpected>
               ...
             </expectedRevert>
             <expectedOpcode>
               <isOpcodeExpected>
                 false
               </isOpcodeExpected>
               ...
             </expectedOpcode>
             <expectEmit>
               <recordEvent>
                 false
               </recordEvent>
               <isEventExpected>
                 false
               </isEventExpected>
               ...
             </expectEmit>
             <whitelist>
               <isCallWhitelistActive>
                 false
               </isCallWhitelistActive>
               <isStorageWhitelistActive>
                 false
               </isStorageWhitelistActive>
               <addressSet>
                 .Set
               </addressSet>
               <storageSlotSet>
                 .Set
               </storageSlotSet>
             </whitelist>
             <mockCalls>
               .MockCallCellMap
             </mockCalls>
           </cheatcodes>
         </foundry>
      requires ( 0 <=Int CALLER_ID:Int
       andBool ( 0 <=Int ORIGIN_ID:Int
       andBool ( 0 <=Int NUMBER_CELL:Int
       andBool ( 0 <=Int TIMESTAMP_CELL:Int
       andBool ( 0 <=Int VV0_a_114b9705:Int
       andBool ( 0 <=Int VV1_b_114b9705:Int
       andBool ( CALLER_ID:Int =/=K 645326474426547203313410069153905908525362434349
       andBool ( ORIGIN_ID:Int =/=K 645326474426547203313410069153905908525362434349
       andBool ( CONTRACT_ID:Int =/=K 645326474426547203313410069153905908525362434349
       andBool ( CALLER_ID:Int <Int pow160
       andBool ( ORIGIN_ID:Int <Int pow160
       andBool ( NUMBER_CELL:Int <=Int maxSInt256
       andBool ( TIMESTAMP_CELL:Int <Int pow256
       andBool ( VV0_a_114b9705:Int <Int pow256
       andBool ( VV1_b_114b9705:Int <Int pow256
       andBool ( ( notBool ( 0 <Int CALLER_ID:Int andBool CALLER_ID:Int <=Int 9 ) )
       andBool ( ( notBool ( 0 <Int ORIGIN_ID:Int andBool ORIGIN_ID:Int <=Int 9 ) )
               )))))))))))))))))
       ensures ( VV0_a_114b9705:Int =/=Int VV1_b_114b9705:Int
       andBool ( CALLER_ID:Int =/=Int 645326474426547203313410069153905908525362434349
       andBool ( ORIGIN_ID:Int =/=Int 645326474426547203313410069153905908525362434349
       andBool ( CONTRACT_ID:Int =/=Int 645326474426547203313410069153905908525362434349
       andBool ( ( notBool ( 0 <Int CALLER_ID:Int andBool CALLER_ID:Int <=Int 9 ) )
       andBool ( ( notBool ( 0 <Int ORIGIN_ID:Int andBool ORIGIN_ID:Int <=Int 9 ) )
               ))))))
      [priority(20), label(BASIC-BLOCK-1-TO-3)]
    
    rule [BASIC-BLOCK-3-TO-4]: <foundry>
           <kevm>
             <k>
               ( #execute => #halt )
               ~> _CONTINUATION
             </k>
             <mode>
               NORMAL
             </mode>
             <schedule>
               SHANGHAI
             </schedule>
             <useGas>
               false
             </useGas>
             <ethereum>
               <evm>
                 <output>
                   b""
                 </output>
                 <statusCode>
                   ( _STATUSCODE => EVMC_SUCCESS )
                 </statusCode>
                 <callStack>
                   .List
                 </callStack>
                 <interimStates>
                   .List
                 </interimStates>
                 <touchedAccounts>
                   .Set
                 </touchedAccounts>
                 <callState>
                   <id>
                     728815563385977040452943777879061427756277306518
                   </id>
                   <caller>
                     CALLER_ID:Int
                   </caller>
                   <callData>
                     b"\x0e\xb6V\xda" +Bytes #buf ( 32 , VV0_a_114b9705:Int ) +Bytes #buf ( 32 , VV1_b_114b9705:Int )
                   </callData>
                   <callValue>
                     0
                   </callValue>
                   <wordStack>
                     ( ( 80904256614161075919025625882663817043659112028191499838463115877652359487912 => selector ( "testFail_assume_true(uint256,uint256)" ) ) : ( ( 128 : ( 128 : ( VV1_b_114b9705:Int : ( VV0_a_114b9705:Int : ( 594 : ( VV1_b_114b9705:Int : ( VV0_a_114b9705:Int : ( 280 : ( selector ( "testFail_assume_true(uint256,uint256)" ) : .WordStack ) ) ) ) ) ) ) ) ) => .WordStack ) )
                   </wordStack>
                   <localMem>
                     ( b"\x00\x00\x00\x00\x00\x00\x00\x00\x00\x00\x00\x00\x00\x00\x00\x00\x00\x00\x00\x00\x00\x00\x00\x00\x00\x00\x00\x00\x00\x00\x00\x00\x00\x00\x00\x00\x00\x00\x00\x00\x00\x00\x00\x00\x00\x00\x00\x00\x00\x00\x00\x00\x00\x00\x00\x00\x00\x00\x00\x00\x00\x00\x00\x00\x00\x00\x00\x00\x00\x00\x00\x00\x00\x00\x00\x00\x00\x00\x00\x00\x00\x00\x00\x00\x00\x00\x00\x00\x00\x00\x00\x00\x00\x00\x00\x80\x00\x00\x00\x00\x00\x00\x00\x00\x00\x00\x00\x00\x00\x00\x00\x00\x00\x00\x00\x00\x00\x00\x00\x00\x00\x00\x00\x00\x00\x00\x00\x00\x00\x00\x00\x00\x00\x00\x00\x00\x00\x00\x00\x00\x00\x00\x00\x00\x00\x00\x00\x00\x00\x00\x00\x00\x00\x00\x00\x00\x00\x00\x00@" +Bytes #buf ( 32 , VV1_b_114b9705:Int ) +Bytes b"\x00\x00\x00\x00\x00\x00\x00\x00\x00\x00\x00\x00\x00\x00\x00\x00\x00\x00\x00\x00\x00\x00\x00\x00\x00\x00\x00\x00\x00\x00\x00\n     Right\x00\x00\x00\x00\x00\x00\x00\x00\x00\x00\x00\x00\x00\x00\x00\x00\x00\x00\x00\x00\x00\x00" => b"\x00\x00\x00\x00\x00\x00\x00\x00\x00\x00\x00\x00\x00\x00\x00\x00\x00\x00\x00\x00\x00\x00\x00\x00\x00\x00\x00\x00\x00\x00\x00\x00\x00\x00\x00\x00\x00\x00\x00\x00\x00\x00\x00\x00\x00\x00\x00\x00\x00\x00\x00\x00\x00\x00\x00\x00\x00\x00\x00\x00\x00\x00\x00\x00\x00\x00\x00\x00\x00\x00\x00\x00\x00\x00\x00\x00\x00\x00\x00\x00\x00\x00\x00\x00\x00\x00\x00\x00\x00\x00\x00\x00\x00\x00\x01\x84\x00\x00\x00\x00\x00\x00\x00\x00\x00\x00\x00\x00\x00\x00\x00\x00\x00\x00\x00\x00\x00\x00\x00\x00\x00\x00\x00\x00\x00\x00\x00\x00\x00\x00\x00\x00\x00\x00\x00\x00\x00\x00\x00\x00\x00\x00\x00\x00\x00\x00\x00\x00\x00\x00\x00\x00\x00\x00\x00\x00\x00\x00\x00`\x00\x00\x00\x00\x00\x00\x00\x00\x00\x00\x00\x00q\tp\x9e\xcf\xa9\x1a\x80bo\xf3\x98\x9dh\xf6\x7f[\x1d\xd1-failed\x00\x00\x00\x00\x00\x00\x00\x00\x00\x00\x00\x00\x00\x00\x00\x00\x00\x00\x00\x00\x00\x00\x00\x00\x00\x00\x00\x00\x00\x00\x00\x00\x00\x00\x00\x00\x00\x00\x00\x00\x00\x00\x00\x00\x00\x00\x00\x00\x00\x00\x00\x00\x00\x00\x00\x00\x00\x01\x00\x00\x00\x00\x00\x00\x00\x00\x00\x00\x00\x00\x00\x00\x00\x00\x00\x00\x00\x00\x00\x00\x00\x00\x00\x00\x00\x00\x00\x00\x00dp\xca\x10\xbb\x00\x00\x00\x00\x00\x00\x00\x00\x00\x00\x00\x00q\tp\x9e\xcf\xa9\x1a\x80bo\xf3\x98\x9dh\xf6\x7f[\x1d\xd1-failed\x00\x00\x00\x00\x00\x00\x00\x00\x00\x00\x00\x00\x00\x00\x00\x00\x00\x00\x00\x00\x00\x00\x00\x00\x00\x00\x00\x00\x00\x00\x00\x00\x00\x00\x00\x00\x00\x00\x00\x00\x00\x00\x00\x00\x00\x00\x00\x00\x00\x00\x00\x00\x00\x00\x00\x00\x00\x01p\xca\x10\xbb\x00\x00\x00\x00\x00\x00\x00\x00\x00\x00\x00\x00q\tp\x9e\xcf\xa9\x1a\x80bo\xf3\x98\x9dh\xf6\x7f[\x1d\xd1-failed\x00\x00\x00\x00\x00\x00\x00\x00\x00\x00\x00\x00\x00\x00\x00\x00\x00\x00\x00\x00\x00\x00\x00\x00\x00\x00\x00\x00\x00\x00\x00\x00\x00\x00\x00\x00\x00\x00\x00\x00\x00\x00\x00\x00\x00\x00\x00\x00\x00\x00\x00\x00\x00\x00\x00\x00\x00\x01\x00\x00\x00\x00\x00\x00\x00\x00\x00\x00\x00\x00\x00\x00\x00\x00\x00\x00\x00\x00\x00\x00\x00\x00\x00\x00\x00\x00\x00\x00\x00\x00" )
                   </localMem>
                   <memoryUsed>
                     0
                   </memoryUsed>
                   <callGas>
                     0
                   </callGas>
                   <static>
                     false
                   </static>
                   <callDepth>
                     0
                   </callDepth>
                   ...
                 </callState>
                 <substate>
                   <log>
                     ListItem ( { 728815563385977040452943777879061427756277306518 | ListItem ( 29485693714967335757563038618841744472215891622979272243827124658718922284880 ) | b"\x00\x00\x00\x00\x00\x00\x00\x00\x00\x00\x00\x00\x00\x00\x00\x00\x00\x00\x00\x00\x00\x00\x00\x00\x00\x00\x00\x00\x00\x00\x00 \x00\x00\x00\x00\x00\x00\x00\x00\x00\x00\x00\x00\x00\x00\x00\x00\x00\x00\x00\x00\x00\x00\x00\x00\x00\x00\x00\x00\x00\x00\x00\"Error: a == b not satisfied [uint]\x00\x00\x00\x00\x00\x00\x00\x00\x00\x00\x00\x00\x00\x00\x00\x00\x00\x00\x00\x00\x00\x00\x00\x00\x00\x00\x00\x00\x00\x00" } ) ( ListItem ( { 728815563385977040452943777879061427756277306518 | ListItem ( 80904256614161075919025625882663817043659112028191499838463115877652359487912 ) | b"\x00\x00\x00\x00\x00\x00\x00\x00\x00\x00\x00\x00\x00\x00\x00\x00\x00\x00\x00\x00\x00\x00\x00\x00\x00\x00\x00\x00\x00\x00\x00@" +Bytes #buf ( 32 , VV0_a_114b9705:Int ) +Bytes b"\x00\x00\x00\x00\x00\x00\x00\x00\x00\x00\x00\x00\x00\x00\x00\x00\x00\x00\x00\x00\x00\x00\x00\x00\x00\x00\x00\x00\x00\x00\x00\n      Left\x00\x00\x00\x00\x00\x00\x00\x00\x00\x00\x00\x00\x00\x00\x00\x00\x00\x00\x00\x00\x00\x00" } ) => ListItem ( { 728815563385977040452943777879061427756277306518 | ListItem ( 80904256614161075919025625882663817043659112028191499838463115877652359487912 ) | b"\x00\x00\x00\x00\x00\x00\x00\x00\x00\x00\x00\x00\x00\x00\x00\x00\x00\x00\x00\x00\x00\x00\x00\x00\x00\x00\x00\x00\x00\x00\x00@" +Bytes #buf ( 32 , VV0_a_114b9705:Int ) +Bytes b"\x00\x00\x00\x00\x00\x00\x00\x00\x00\x00\x00\x00\x00\x00\x00\x00\x00\x00\x00\x00\x00\x00\x00\x00\x00\x00\x00\x00\x00\x00\x00\n      Left\x00\x00\x00\x00\x00\x00\x00\x00\x00\x00\x00\x00\x00\x00\x00\x00\x00\x00\x00\x00\x00\x00" } ) ListItem ( { 728815563385977040452943777879061427756277306518 | ListItem ( 80904256614161075919025625882663817043659112028191499838463115877652359487912 ) | b"\x00\x00\x00\x00\x00\x00\x00\x00\x00\x00\x00\x00\x00\x00\x00\x00\x00\x00\x00\x00\x00\x00\x00\x00\x00\x00\x00\x00\x00\x00\x00@" +Bytes #buf ( 32 , VV1_b_114b9705:Int ) +Bytes b"\x00\x00\x00\x00\x00\x00\x00\x00\x00\x00\x00\x00\x00\x00\x00\x00\x00\x00\x00\x00\x00\x00\x00\x00\x00\x00\x00\x00\x00\x00\x00\n     Right\x00\x00\x00\x00\x00\x00\x00\x00\x00\x00\x00\x00\x00\x00\x00\x00\x00\x00\x00\x00\x00\x00" } ) )
                   </log>
                   <refund>
                     0
                   </refund>
                   <accessedAccounts>
                     SetItem ( 645326474426547203313410069153905908525362434349 )
                   </accessedAccounts>
                   <accessedStorage>
                     .Map
                   </accessedStorage>
                   ...
                 </substate>
                 <origin>
                   ORIGIN_ID:Int
                 </origin>
                 <block>
                   <number>
                     NUMBER_CELL:Int
                   </number>
                   <timestamp>
                     TIMESTAMP_CELL:Int
                   </timestamp>
                   ...
                 </block>
                 ...
               </evm>
               <network>
                 <accounts>
                   ( <account>
                     <acctID>
                       645326474426547203313410069153905908525362434349
                     </acctID>
                     <balance>
                       0
                     </balance>
                     <storage>
                       ( .Map => ( 46308022326495007027972728677917914892729792999299745830475596687180801507328 |-> 1 ) )
                     </storage>
                     <origStorage>
                       .Map
                     </origStorage>
                     <nonce>
                       0
                     </nonce>
                     ...
                   </account>
                   <account>
                     <acctID>
                       728815563385977040452943777879061427756277306518
                     </acctID>
                     <balance>
                       0
                     </balance>
                     <storage>
                       ( .Map => ( 7 |-> 256 ) )
                     </storage>
                     <origStorage>
                       .Map
                     </origStorage>
                     <nonce>
                       1
                     </nonce>
                     ...
                   </account> )
                 </accounts>
                 ...
               </network>
             </ethereum>
             ...
           </kevm>
           <cheatcodes>
             <prank>
               <active>
                 false
               </active>
               <singleCall>
                 false
               </singleCall>
               ...
             </prank>
             <expectedRevert>
               <isRevertExpected>
                 false
               </isRevertExpected>
               ...
             </expectedRevert>
             <expectedOpcode>
               <isOpcodeExpected>
                 false
               </isOpcodeExpected>
               ...
             </expectedOpcode>
             <expectEmit>
               <recordEvent>
                 false
               </recordEvent>
               <isEventExpected>
                 false
               </isEventExpected>
               ...
             </expectEmit>
             <whitelist>
               <isCallWhitelistActive>
                 false
               </isCallWhitelistActive>
               <isStorageWhitelistActive>
                 false
               </isStorageWhitelistActive>
               <addressSet>
                 .Set
               </addressSet>
               <storageSlotSet>
                 .Set
               </storageSlotSet>
             </whitelist>
             <mockCalls>
               .MockCallCellMap
             </mockCalls>
           </cheatcodes>
         </foundry>
      requires ( 0 <=Int CALLER_ID:Int
       andBool ( 0 <=Int ORIGIN_ID:Int
       andBool ( 0 <=Int NUMBER_CELL:Int
       andBool ( 0 <=Int TIMESTAMP_CELL:Int
       andBool ( 0 <=Int VV0_a_114b9705:Int
       andBool ( 0 <=Int VV1_b_114b9705:Int
       andBool ( VV0_a_114b9705:Int =/=Int VV1_b_114b9705:Int
       andBool ( CALLER_ID:Int <Int pow160
       andBool ( ORIGIN_ID:Int <Int pow160
       andBool ( CALLER_ID:Int =/=Int 645326474426547203313410069153905908525362434349
       andBool ( ORIGIN_ID:Int =/=Int 645326474426547203313410069153905908525362434349
       andBool ( _CONTRACT_ID =/=Int 645326474426547203313410069153905908525362434349
       andBool ( NUMBER_CELL:Int <=Int maxSInt256
       andBool ( TIMESTAMP_CELL:Int <Int pow256
       andBool ( VV0_a_114b9705:Int <Int pow256
       andBool ( VV1_b_114b9705:Int <Int pow256
       andBool ( ( notBool ( 0 <Int CALLER_ID:Int andBool CALLER_ID:Int <=Int 9 ) )
       andBool ( ( notBool ( 0 <Int ORIGIN_ID:Int andBool ORIGIN_ID:Int <=Int 9 ) )
               ))))))))))))))))))
      [priority(20), label(BASIC-BLOCK-3-TO-4)]

endmodule
0 Failure nodes. (0 pending and 0 failing)

Join the Runtime Verification Discord server for support: https://discord.com/invite/CurfmXNtbN

See `foundry_success` predicate for more information:
https://github.com/runtimeverification/kontrol/blob/master/src/kontrol/kdist/foundry.md#foundry-success-predicate

Access documentation for Kontrol at https://docs.runtimeverification.com/kontrol