
┌─ 1 (root, init)
│   k: #execute ~> CONTINUATION:K
│   pc: 0
│   callDepth: 0
│   statusCode: STATUSCODE:StatusCode
│
│  (3775 steps)
├─ 7 (terminal)
│   k: #halt ~> CONTINUATION:K
│   pc: 240
│   callDepth: 0
│   statusCode: EVMC_SUCCESS
│
┊  constraint: true
┊  subst: OMITTED SUBST
└─ 6 (leaf, target, terminal)
    k: #halt ~> CONTINUATION:K
    pc: PC_CELL_5d410f2a:Int
    callDepth: CALLDEPTH_CELL_5d410f2a:Int
    statusCode: STATUSCODE_FINAL:StatusCode




module SUMMARY-TEST%CALLABLESTORAGETEST.TEST-STR():0
    
    
    rule [BASIC-BLOCK-1-TO-7]: <foundry>
           <kevm>
             <k>
               ( #execute => #halt )
               ~> _CONTINUATION
             </k>
             <mode>
               NORMAL
             </mode>
             <schedule>
               SHANGHAI
             </schedule>
             <useGas>
               false
             </useGas>
             <ethereum>
               <evm>
                 <output>
                   b""
                 </output>
                 <statusCode>
                   ( _STATUSCODE => EVMC_SUCCESS )
                 </statusCode>
                 <callStack>
                   .List
                 </callStack>
                 <interimStates>
                   .List
                 </interimStates>
                 <touchedAccounts>
                   ( .Set => ( SetItem ( 491460923342184218035706888008750043977755113263 ) SetItem ( 728815563385977040452943777879061427756277306518 ) ) )
                 </touchedAccounts>
                 <callState>
                   <id>
                     728815563385977040452943777879061427756277306518
                   </id>
                   <caller>
                     CALLER_ID:Int
                   </caller>
                   <callData>
                     ( b"\n\x92T\xe4" => b"\x0e\xa2\nJ" )
                   </callData>
                   <callValue>
                     0
                   </callValue>
                   <wordStack>
                     ( .WordStack => ( selector ( "test_str()" ) : .WordStack ) )
                   </wordStack>
                   <localMem>
                     ( b"" => b"\x00\x00\x00\x00\x00\x00\x00\x00\x00\x00\x00\x00\x00\x00\x00\x00\x00\x00\x00\x00\x00\x00\x00\x00\x00\x00\x00\x00\x00\x00\x00\x00\x00\x00\x00\x00\x00\x00\x00\x00\x00\x00\x00\x00\x00\x00\x00\x00\x00\x00\x00\x00\x00\x00\x00\x00\x00\x00\x00\x00\x00\x00\x00\x00\x00\x00\x00\x00\x00\x00\x00\x00\x00\x00\x00\x00\x00\x00\x00\x00\x00\x00\x00\x00\x00\x00\x00\x00\x00\x00\x00\x00\x00\x00\x01\xb6\x00\x00\x00\x00\x00\x00\x00\x00\x00\x00\x00\x00\x00\x00\x00\x00\x00\x00\x00\x00\x00\x00\x00\x00\x00\x00\x00\x00\x00\x00\x00\x00\x00\x00\x00\x00\x00\x00\x00\x00\x00\x00\x00\x00\x00\x00\x00\x00\x00\x00\x00\x00\x00\x00\x00\x00\x00\x00\x00\x00\x00\x00\x00 \x00\x00\x00\x00\x00\x00\x00\x00\x00\x00\x00\x00\x00\x00\x00\x00\x00\x00\x00\x00\x00\x00\x00\x00\x00\x00\x00\x00\x00\x00\x00\x0bTest String\x00\x00\x00\x00\x00\x00\x00\x00\x00\x00\x00\x00\x00\x00\x00\x00\x00\x00\x00\x00\x00\x00\x00\x00\x00\x00\x00\x00\x00\x00\x00\x00\x00\x00\x00\x00\x00\x00\x00\x00\x00\x00\x00\x00\x00\x00\x00\x00\x00\x00\x00\x00\x0bTest String\x00\x00\x00\x00\x00\x00\x00\x00\x00\x00\x00\x00\x00\x00\x00\x00\x00\x00\x00\x00\x00\x00\x00\x00\x00\x00\x00\x00\x00\x00\x00\x00\x00\x00\x00\x00\x00\x00\x00\x00\x00\x00\x00\x00\x00\x00\x00\x00\x00\x00\x00\x00\x0bTest String\x00\x00\x00\x00\x00\x00\x00\x00\x00\x00\x00\x00\x00\x00\x00\x00\x00\x00\x00\x00\x00\x00\x00\x00\x00\x00\x00\x00\x00\x00\x00\x00\x00\x00\x00\x00\x00\x00\x00\x00\x00\x00\x00\x00\x00\x00\x00\x00\x00\x00\x00\x00\x0bTest String\x00\x00\x00\x00\x00\x00\x00\x00\x00\x00\x00\x00\x00\x00\x00\x00\x00\x00\x00\x00\x00\x00\x00\x00\x00\x00\x00\x00\x00\x00\x00\x0bTest String\x00\x00\x00\x00\x00\x00\x00\x00\x00\x00\x00\x00\x00\x00\x00\x00\x00\x00\x00\x00\x00\x00\x00\x00\x00\x00\x00\x00\x00\x00\x00\x00" )
                   </localMem>
                   <memoryUsed>
                     0
                   </memoryUsed>
                   <callGas>
                     0
                   </callGas>
                   <static>
                     false
                   </static>
                   <callDepth>
                     0
                   </callDepth>
                   ...
                 </callState>
                 <substate>
                   <log>
                     .List
                   </log>
                   <refund>
                     0
                   </refund>
                   <accessedAccounts>
                     ( .Set => ( SetItem ( 491460923342184218035706888008750043977755113263 ) SetItem ( 728815563385977040452943777879061427756277306518 ) ) )
                   </accessedAccounts>
                   <accessedStorage>
                     .Map
                   </accessedStorage>
                   ...
                 </substate>
                 <origin>
                   ORIGIN_ID:Int
                 </origin>
                 <block>
                   <number>
                     NUMBER_CELL:Int
                   </number>
                   <timestamp>
                     TIMESTAMP_CELL:Int
                   </timestamp>
                   ...
                 </block>
                 ...
               </evm>
               <network>
                 <accounts>
                   ( <account>
                     <acctID>
                       ( 645326474426547203313410069153905908525362434349 => 491460923342184218035706888008750043977755113263 )
                     </acctID>
                     <balance>
                       0
                     </balance>
                     <storage>
                       ( .Map => ( 1 |-> 38173527666125012420903057510883648337146588125343045899690344136765597548566 ) )
                     </storage>
                     <origStorage>
                       .Map
                     </origStorage>
                     <transientStorage>
                       .Map
                     </transientStorage>
                     <nonce>
                       ( 0 => 1 )
                     </nonce>
                     ...
                   </account>
                   ( <account>
                     <acctID>
                       728815563385977040452943777879061427756277306518
                     </acctID>
                     <balance>
                       0
                     </balance>
                     <storage>
                       .Map
                     </storage>
                     <origStorage>
                       .Map
                     </origStorage>
                     <transientStorage>
                       .Map
                     </transientStorage>
                     <nonce>
                       1
                     </nonce>
                     ...
                   </account> => ( <account>
                     <acctID>
                       645326474426547203313410069153905908525362434349
                     </acctID>
                     <balance>
                       0
                     </balance>
                     <storage>
                       .Map
                     </storage>
                     <origStorage>
                       .Map
                     </origStorage>
                     <transientStorage>
                       .Map
                     </transientStorage>
                     <nonce>
                       0
                     </nonce>
                     ...
                   </account>
                   <account>
                     <acctID>
                       728815563385977040452943777879061427756277306518
                     </acctID>
                     <balance>
                       0
                     </balance>
                     <storage>
                       ( 27 |-> 491460923342184218035706888008750043977755113263 )
                     </storage>
                     <origStorage>
                       .Map
                     </origStorage>
                     <transientStorage>
                       .Map
                     </transientStorage>
                     <nonce>
                       2
                     </nonce>
                     ...
                   </account> ) ) )
                 </accounts>
                 ...
               </network>
             </ethereum>
             ...
           </kevm>
           <cheatcodes>
             <prank>
               <active>
                 false
               </active>
               <singleCall>
                 false
               </singleCall>
               ...
             </prank>
             <expectedRevert>
               <isRevertExpected>
                 false
               </isRevertExpected>
               ...
             </expectedRevert>
             <expectedOpcode>
               <isOpcodeExpected>
                 false
               </isOpcodeExpected>
               ...
             </expectedOpcode>
             <expectEmit>
               <recordEvent>
                 false
               </recordEvent>
               <isEventExpected>
                 false
               </isEventExpected>
               ...
             </expectEmit>
             <whitelist>
               <isCallWhitelistActive>
                 false
               </isCallWhitelistActive>
               <isStorageWhitelistActive>
                 false
               </isStorageWhitelistActive>
               <addressSet>
                 .Set
               </addressSet>
               <storageSlotSet>
                 .Set
               </storageSlotSet>
             </whitelist>
             <mockCalls>
               .MockCallCellMap
             </mockCalls>
             <mockFunctions>
               .MockFunctionCellMap
             </mockFunctions>
           </cheatcodes>
           <KEVMTracing>
             <activeTracing>
               false
             </activeTracing>
             <traceStorage>
               false
             </traceStorage>
             <traceWordStack>
               false
             </traceWordStack>
             <traceMemory>
               false
             </traceMemory>
             <recordedTrace>
               false
             </recordedTrace>
             <traceData>
               .List
             </traceData>
           </KEVMTracing>
         </foundry>
      requires ( 0 <=Int CALLER_ID:Int
       andBool ( 0 <=Int ORIGIN_ID:Int
       andBool ( 0 <=Int NUMBER_CELL:Int
       andBool ( 0 <=Int TIMESTAMP_CELL:Int
       andBool ( CALLER_ID:Int =/=Int 645326474426547203313410069153905908525362434349
       andBool ( ORIGIN_ID:Int =/=Int 645326474426547203313410069153905908525362434349
       andBool ( _C_CALLABLESTORAGETEST_ID =/=Int 645326474426547203313410069153905908525362434349
       andBool ( CALLER_ID:Int <Int pow160
       andBool ( ORIGIN_ID:Int <Int pow160
       andBool ( NUMBER_CELL:Int <=Int maxSInt256
       andBool ( TIMESTAMP_CELL:Int <Int pow256
       andBool ( ( notBool #range ( 0 < CALLER_ID:Int <= 9 ) )
       andBool ( ( notBool #range ( 0 < ORIGIN_ID:Int <= 9 ) )
               )))))))))))))
       ensures ?_C_CALLABLESTORAGECONTRACT_STR_S_LENGTH ==Int 11
      [priority(20), label(BASIC-BLOCK-1-TO-7)]

endmodule