
┌─ 1 (root, split, init)
│   k: #execute ~> CONTINUATION:K
│   pc: 0
│   callDepth: CALLDEPTH_CELL:Int
│   statusCode: STATUSCODE:StatusCode
┃
┃ (branch)
┣━━┓ constraint: C_CALLABLESTORAGECONTRACT_STR_S_LENGTH:Int ==Int 0
┃  │
┃  ├─ 8
┃  │   k: #execute ~> CONTINUATION:K
┃  │   pc: 0
┃  │   callDepth: CALLDEPTH_CELL:Int
┃  │   statusCode: STATUSCODE:StatusCode
┃  │
┃  │  (867 steps)
┃  ├─ 6 (terminal)
┃  │   k: #halt ~> CONTINUATION:K
┃  │   pc: 86
┃  │   callDepth: CALLDEPTH_CELL:Int
┃  │   statusCode: EVMC_SUCCESS
┃  │
┃  ┊  constraint: OMITTED CONSTRAINT
┃  ┊  subst: OMITTED SUBST
┃  └─ 2 (leaf, target, terminal)
┃      k: #halt ~> CONTINUATION:K
┃      pc: PC_CELL_5d410f2a:Int
┃      callDepth: CALLDEPTH_CELL_5d410f2a:Int
┃      statusCode: STATUSCODE_FINAL:StatusCode
┃
┗━━┓ constraint: ( notBool C_CALLABLESTORAGECONTRACT_STR_S_LENGTH:Int ==Int 0 )
   │
   ├─ 9
   │   k: #execute ~> CONTINUATION:K
   │   pc: 0
   │   callDepth: CALLDEPTH_CELL:Int
   │   statusCode: STATUSCODE:StatusCode
   │
   │  (1033 steps)
   ├─ 7 (terminal)
   │   k: #halt ~> CONTINUATION:K
   │   pc: 86
   │   callDepth: CALLDEPTH_CELL:Int
   │   statusCode: EVMC_SUCCESS
   │
   ┊  constraint: OMITTED CONSTRAINT
   ┊  subst: OMITTED SUBST
   └─ 2 (leaf, target, terminal)
       k: #halt ~> CONTINUATION:K
       pc: PC_CELL_5d410f2a:Int
       callDepth: CALLDEPTH_CELL_5d410f2a:Int
       statusCode: STATUSCODE_FINAL:StatusCode




module SUMMARY-TEST%CALLABLESTORAGECONTRACT.STR():0
    
    
    rule [BASIC-BLOCK-8-TO-6]: <foundry>
           <kevm>
             <k>
               ( #execute => #halt )
               ~> _CONTINUATION
             </k>
             <mode>
               NORMAL
             </mode>
             <schedule>
               SHANGHAI
             </schedule>
             <useGas>
               false
             </useGas>
             <ethereum>
               <evm>
                 <output>
                   ( _OUTPUT_CELL => b"\x00\x00\x00\x00\x00\x00\x00\x00\x00\x00\x00\x00\x00\x00\x00\x00\x00\x00\x00\x00\x00\x00\x00\x00\x00\x00\x00\x00\x00\x00\x00 \x00\x00\x00\x00\x00\x00\x00\x00\x00\x00\x00\x00\x00\x00\x00\x00\x00\x00\x00\x00\x00\x00\x00\x00\x00\x00\x00\x00\x00\x00\x00\x00" )
                 </output>
                 <statusCode>
                   ( _STATUSCODE => EVMC_SUCCESS )
                 </statusCode>
                 <callState>
                   <id>
                     C_CALLABLESTORAGECONTRACT_ID:Int
                   </id>
                   <caller>
                     CALLER_ID:Int
                   </caller>
                   <callData>
                     b"\xc1[\xae\x84"
                   </callData>
                   <callValue>
                     0
                   </callValue>
                   <wordStack>
                     ( .WordStack => ( 95 : ( selector ( "str()" ) : .WordStack ) ) )
                   </wordStack>
                   <localMem>
                     ( b"" => b"\x00\x00\x00\x00\x00\x00\x00\x00\x00\x00\x00\x00\x00\x00\x00\x00\x00\x00\x00\x00\x00\x00\x00\x00\x00\x00\x00\x00\x00\x00\x00\x00\x00\x00\x00\x00\x00\x00\x00\x00\x00\x00\x00\x00\x00\x00\x00\x00\x00\x00\x00\x00\x00\x00\x00\x00\x00\x00\x00\x00\x00\x00\x00\x00\x00\x00\x00\x00\x00\x00\x00\x00\x00\x00\x00\x00\x00\x00\x00\x00\x00\x00\x00\x00\x00\x00\x00\x00\x00\x00\x00\x00\x00\x00\x00\xa0\x00\x00\x00\x00\x00\x00\x00\x00\x00\x00\x00\x00\x00\x00\x00\x00\x00\x00\x00\x00\x00\x00\x00\x00\x00\x00\x00\x00\x00\x00\x00\x00\x00\x00\x00\x00\x00\x00\x00\x00\x00\x00\x00\x00\x00\x00\x00\x00\x00\x00\x00\x00\x00\x00\x00\x00\x00\x00\x00\x00\x00\x00\x00\x00\x00\x00\x00\x00\x00\x00\x00\x00\x00\x00\x00\x00\x00\x00\x00\x00\x00\x00\x00\x00\x00\x00\x00\x00\x00\x00\x00\x00\x00\x00\x00 \x00\x00\x00\x00\x00\x00\x00\x00\x00\x00\x00\x00\x00\x00\x00\x00\x00\x00\x00\x00\x00\x00\x00\x00\x00\x00\x00\x00\x00\x00\x00\x00" )
                   </localMem>
                   <memoryUsed>
                     0
                   </memoryUsed>
                   <callGas>
                     0
                   </callGas>
                   ...
                 </callState>
                 <substate>
                   <refund>
                     0
                   </refund>
                   ...
                 </substate>
                 <origin>
                   ORIGIN_ID:Int
                 </origin>
                 <block>
                   <number>
                     NUMBER_CELL:Int
                   </number>
                   <timestamp>
                     TIMESTAMP_CELL:Int
                   </timestamp>
                   ...
                 </block>
                 ...
               </evm>
               <network>
                 <accounts>
                   ( <account>
                     <acctID>
                       C_CALLABLESTORAGECONTRACT_ID:Int
                     </acctID>
                     <balance>
                       C_CALLABLESTORAGECONTRACT_BAL:Int
                     </balance>
                     <storage>
                       ( ( 1 |-> #asWord ( C_CALLABLESTORAGECONTRACT_STR_S_CONTENTS:Bytes +Bytes ( #buf ( 1 , ( 2 *Int C_CALLABLESTORAGECONTRACT_STR_S_LENGTH:Int ) ) => b"\x00" ) ) )
                       C_CALLABLESTORAGECONTRACT_STORAGE:Map )
                     </storage>
                     <nonce>
                       C_CALLABLESTORAGECONTRACT_NONCE:Int
                     </nonce>
                     ...
                   </account>
                   ACCOUNTS_REST:AccountCellMap )
                 </accounts>
                 ...
               </network>
             </ethereum>
             ...
           </kevm>
           <cheatcodes>
             <expectedOpcode>
               <isOpcodeExpected>
                 false
               </isOpcodeExpected>
               ...
             </expectedOpcode>
             <whitelist>
               <isCallWhitelistActive>
                 false
               </isCallWhitelistActive>
               <isStorageWhitelistActive>
                 false
               </isStorageWhitelistActive>
               <addressList>
                 .List
               </addressList>
               <storageSlotList>
                 .List
               </storageSlotList>
             </whitelist>
             <mockCalls>
               .MockCallCellMap
             </mockCalls>
             <mockFunctions>
               .MockFunctionCellMap
             </mockFunctions>
             ...
           </cheatcodes>
           <KEVMTracing>
             <activeTracing>
               false
             </activeTracing>
             <traceStorage>
               false
             </traceStorage>
             <traceWordStack>
               false
             </traceWordStack>
             <traceMemory>
               false
             </traceMemory>
             <recordedTrace>
               false
             </recordedTrace>
             <traceData>
               .List
             </traceData>
           </KEVMTracing>
         </foundry>
      requires ( C_CALLABLESTORAGECONTRACT_STR_S_LENGTH:Int ==Int 0
       andBool ( 0 <=Int CALLER_ID:Int
       andBool ( 0 <=Int ORIGIN_ID:Int
       andBool ( 0 <=Int NUMBER_CELL:Int
       andBool ( 0 <=Int TIMESTAMP_CELL:Int
       andBool ( maxUInt5 ==Int lengthBytes ( C_CALLABLESTORAGECONTRACT_STR_S_CONTENTS:Bytes )
       andBool ( 0 <=Int C_CALLABLESTORAGECONTRACT_ID:Int
       andBool ( 0 <=Int C_CALLABLESTORAGECONTRACT_BAL:Int
       andBool ( 0 <=Int C_CALLABLESTORAGECONTRACT_NONCE:Int
       andBool ( CALLER_ID:Int =/=Int 645326474426547203313410069153905908525362434349
       andBool ( ORIGIN_ID:Int =/=Int 645326474426547203313410069153905908525362434349
       andBool ( 0 <=Int C_CALLABLESTORAGECONTRACT_STR_S_LENGTH:Int
       andBool ( C_CALLABLESTORAGECONTRACT_STR_S_LENGTH:Int <Int 32
       andBool ( C_CALLABLESTORAGECONTRACT_NONCE:Int <Int maxUInt64
       andBool ( CALLER_ID:Int <Int pow160
       andBool ( ORIGIN_ID:Int <Int pow160
       andBool ( C_CALLABLESTORAGECONTRACT_ID:Int =/=Int 645326474426547203313410069153905908525362434349
       andBool ( ( notBool 1 in_keys ( C_CALLABLESTORAGECONTRACT_STORAGE:Map ) )
       andBool ( C_CALLABLESTORAGECONTRACT_ID:Int <Int pow160
       andBool ( NUMBER_CELL:Int <=Int maxSInt256
       andBool ( TIMESTAMP_CELL:Int <Int pow256
       andBool ( C_CALLABLESTORAGECONTRACT_BAL:Int <Int pow256
       andBool ( ( notBool <acctID>
          C_CALLABLESTORAGECONTRACT_ID:Int
        </acctID> in_keys ( ACCOUNTS_REST:AccountCellMap ) )
       andBool ( ( notBool #range ( 0 < CALLER_ID:Int <= 9 ) )
       andBool ( ( notBool #range ( 0 < ORIGIN_ID:Int <= 9 ) )
       andBool ( ( notBool #range ( 0 < C_CALLABLESTORAGECONTRACT_ID:Int <= 9 ) )
               ))))))))))))))))))))))))))
      [priority(20), label(BASIC-BLOCK-8-TO-6)]
    
    rule [BASIC-BLOCK-9-TO-7]: <foundry>
           <kevm>
             <k>
               ( #execute => #halt )
               ~> _CONTINUATION
             </k>
             <mode>
               NORMAL
             </mode>
             <schedule>
               SHANGHAI
             </schedule>
             <useGas>
               false
             </useGas>
             <ethereum>
               <evm>
                 <output>
                   ( _OUTPUT_CELL => #range ( #range ( b"\x00\x00\x00\x00\x00\x00\x00\x00\x00\x00\x00\x00\x00\x00\x00\x00\x00\x00\x00\x00\x00\x00\x00\x00\x00\x00\x00\x00\x00\x00\x00 " +Bytes #buf ( 32 , C_CALLABLESTORAGECONTRACT_STR_S_LENGTH:Int ) , ( ( ( ( C_CALLABLESTORAGECONTRACT_STR_S_LENGTH:Int +Int maxUInt5 ) /Int 32 ) *Int 32 ) +Int -32 ) , ( 96 -Int ( ( ( C_CALLABLESTORAGECONTRACT_STR_S_LENGTH:Int +Int maxUInt5 ) /Int 32 ) *Int 32 ) ) ) +Bytes #range ( #buf ( 32 , chop ( ( #asWord ( C_CALLABLESTORAGECONTRACT_STR_S_CONTENTS:Bytes ) *Int 256 ) ) ) , 0 , ( ( ( ( ( C_CALLABLESTORAGECONTRACT_STR_S_LENGTH:Int +Int maxUInt5 ) /Int 32 ) *Int 32 ) +Int C_CALLABLESTORAGECONTRACT_STR_S_LENGTH:Int ) +Int -32 ) ) +Bytes b"\x00\x00\x00\x00\x00\x00\x00\x00\x00\x00\x00\x00\x00\x00\x00\x00\x00\x00\x00\x00\x00\x00\x00\x00\x00\x00\x00\x00\x00\x00\x00\x00" , 0 , chop ( ( ( chop ( ( ( ( notMaxUInt5 &Int ( C_CALLABLESTORAGECONTRACT_STR_S_LENGTH:Int +Int maxUInt5 ) ) +Int ( ( ( C_CALLABLESTORAGECONTRACT_STR_S_LENGTH:Int +Int maxUInt5 ) /Int 32 ) *Int 32 ) ) +Int 224 ) ) -Int ( ( ( C_CALLABLESTORAGECONTRACT_STR_S_LENGTH:Int +Int maxUInt5 ) /Int 32 ) *Int 32 ) ) +Int -160 ) ) ) )
                 </output>
                 <statusCode>
                   ( _STATUSCODE => EVMC_SUCCESS )
                 </statusCode>
                 <callState>
                   <id>
                     C_CALLABLESTORAGECONTRACT_ID:Int
                   </id>
                   <caller>
                     CALLER_ID:Int
                   </caller>
                   <callData>
                     b"\xc1[\xae\x84"
                   </callData>
                   <callValue>
                     0
                   </callValue>
                   <wordStack>
                     ( .WordStack => ( 95 : ( selector ( "str()" ) : .WordStack ) ) )
                   </wordStack>
                   <localMem>
                     ( b"" => b"\x00\x00\x00\x00\x00\x00\x00\x00\x00\x00\x00\x00\x00\x00\x00\x00\x00\x00\x00\x00\x00\x00\x00\x00\x00\x00\x00\x00\x00\x00\x00\x00\x00\x00\x00\x00\x00\x00\x00\x00\x00\x00\x00\x00\x00\x00\x00\x00\x00\x00\x00\x00\x00\x00\x00\x00\x00\x00\x00\x00\x00\x00\x00\x00" +Bytes #buf ( 32 , ( ( ( ( C_CALLABLESTORAGECONTRACT_STR_S_LENGTH:Int +Int maxUInt5 ) /Int 32 ) *Int 32 ) +Int 160 ) ) +Bytes b"\x00\x00\x00\x00\x00\x00\x00\x00\x00\x00\x00\x00\x00\x00\x00\x00\x00\x00\x00\x00\x00\x00\x00\x00\x00\x00\x00\x00\x00\x00\x00\x00" +Bytes #buf ( 32 , C_CALLABLESTORAGECONTRACT_STR_S_LENGTH:Int ) +Bytes #buf ( 32 , chop ( ( #asWord ( C_CALLABLESTORAGECONTRACT_STR_S_CONTENTS:Bytes ) *Int 256 ) ) ) +Bytes b"\x00\x00\x00\x00\x00\x00\x00\x00\x00\x00\x00\x00\x00\x00\x00\x00\x00\x00\x00\x00\x00\x00\x00\x00\x00\x00\x00\x00\x00\x00\x00 " +Bytes #buf ( 32 , C_CALLABLESTORAGECONTRACT_STR_S_LENGTH:Int ) +Bytes #range ( #buf ( 32 , chop ( ( #asWord ( C_CALLABLESTORAGECONTRACT_STR_S_CONTENTS:Bytes ) *Int 256 ) ) ) , 0 , ( ( ( ( ( C_CALLABLESTORAGECONTRACT_STR_S_LENGTH:Int +Int maxUInt5 ) /Int 32 ) *Int 32 ) +Int C_CALLABLESTORAGECONTRACT_STR_S_LENGTH:Int ) +Int -32 ) ) +Bytes b"\x00\x00\x00\x00\x00\x00\x00\x00\x00\x00\x00\x00\x00\x00\x00\x00\x00\x00\x00\x00\x00\x00\x00\x00\x00\x00\x00\x00\x00\x00\x00\x00" )
                   </localMem>
                   <memoryUsed>
                     0
                   </memoryUsed>
                   <callGas>
                     0
                   </callGas>
                   ...
                 </callState>
                 <substate>
                   <refund>
                     0
                   </refund>
                   ...
                 </substate>
                 <origin>
                   ORIGIN_ID:Int
                 </origin>
                 <block>
                   <number>
                     NUMBER_CELL:Int
                   </number>
                   <timestamp>
                     TIMESTAMP_CELL:Int
                   </timestamp>
                   ...
                 </block>
                 ...
               </evm>
               <network>
                 <accounts>
                   ( <account>
                     <acctID>
                       C_CALLABLESTORAGECONTRACT_ID:Int
                     </acctID>
                     <balance>
                       C_CALLABLESTORAGECONTRACT_BAL:Int
                     </balance>
                     <storage>
                       ( ( 1 |-> #asWord ( C_CALLABLESTORAGECONTRACT_STR_S_CONTENTS:Bytes +Bytes #buf ( 1 , ( 2 *Int C_CALLABLESTORAGECONTRACT_STR_S_LENGTH:Int ) ) ) )
                       C_CALLABLESTORAGECONTRACT_STORAGE:Map )
                     </storage>
                     <nonce>
                       C_CALLABLESTORAGECONTRACT_NONCE:Int
                     </nonce>
                     ...
                   </account>
                   ACCOUNTS_REST:AccountCellMap )
                 </accounts>
                 ...
               </network>
             </ethereum>
             ...
           </kevm>
           <cheatcodes>
             <expectedOpcode>
               <isOpcodeExpected>
                 false
               </isOpcodeExpected>
               ...
             </expectedOpcode>
             <whitelist>
               <isCallWhitelistActive>
                 false
               </isCallWhitelistActive>
               <isStorageWhitelistActive>
                 false
               </isStorageWhitelistActive>
               <addressList>
                 .List
               </addressList>
               <storageSlotList>
                 .List
               </storageSlotList>
             </whitelist>
             <mockCalls>
               .MockCallCellMap
             </mockCalls>
             <mockFunctions>
               .MockFunctionCellMap
             </mockFunctions>
             ...
           </cheatcodes>
           <KEVMTracing>
             <activeTracing>
               false
             </activeTracing>
             <traceStorage>
               false
             </traceStorage>
             <traceWordStack>
               false
             </traceWordStack>
             <traceMemory>
               false
             </traceMemory>
             <recordedTrace>
               false
             </recordedTrace>
             <traceData>
               .List
             </traceData>
           </KEVMTracing>
         </foundry>
      requires ( 0 <=Int CALLER_ID:Int
       andBool ( 0 <=Int ORIGIN_ID:Int
       andBool ( 0 <=Int NUMBER_CELL:Int
       andBool ( 0 <=Int TIMESTAMP_CELL:Int
       andBool ( C_CALLABLESTORAGECONTRACT_STR_S_LENGTH:Int =/=Int 0
       andBool ( maxUInt5 ==Int lengthBytes ( C_CALLABLESTORAGECONTRACT_STR_S_CONTENTS:Bytes )
       andBool ( 0 <=Int C_CALLABLESTORAGECONTRACT_ID:Int
       andBool ( 0 <=Int C_CALLABLESTORAGECONTRACT_BAL:Int
       andBool ( 0 <=Int C_CALLABLESTORAGECONTRACT_NONCE:Int
       andBool ( CALLER_ID:Int =/=Int 645326474426547203313410069153905908525362434349
       andBool ( ORIGIN_ID:Int =/=Int 645326474426547203313410069153905908525362434349
       andBool ( 0 <=Int C_CALLABLESTORAGECONTRACT_STR_S_LENGTH:Int
       andBool ( C_CALLABLESTORAGECONTRACT_STR_S_LENGTH:Int <Int 32
       andBool ( C_CALLABLESTORAGECONTRACT_NONCE:Int <Int maxUInt64
       andBool ( CALLER_ID:Int <Int pow160
       andBool ( ORIGIN_ID:Int <Int pow160
       andBool ( C_CALLABLESTORAGECONTRACT_ID:Int =/=Int 645326474426547203313410069153905908525362434349
       andBool ( ( notBool 1 in_keys ( C_CALLABLESTORAGECONTRACT_STORAGE:Map ) )
       andBool ( C_CALLABLESTORAGECONTRACT_ID:Int <Int pow160
       andBool ( NUMBER_CELL:Int <=Int maxSInt256
       andBool ( TIMESTAMP_CELL:Int <Int pow256
       andBool ( C_CALLABLESTORAGECONTRACT_BAL:Int <Int pow256
       andBool ( ( notBool <acctID>
          C_CALLABLESTORAGECONTRACT_ID:Int
        </acctID> in_keys ( ACCOUNTS_REST:AccountCellMap ) )
       andBool ( ( notBool #range ( 0 < CALLER_ID:Int <= 9 ) )
       andBool ( ( notBool #range ( 0 < ORIGIN_ID:Int <= 9 ) )
       andBool ( ( notBool #range ( 0 < C_CALLABLESTORAGECONTRACT_ID:Int <= 9 ) )
               ))))))))))))))))))))))))))
       ensures 0 <Int C_CALLABLESTORAGECONTRACT_STR_S_LENGTH:Int
      [priority(20), label(BASIC-BLOCK-9-TO-7)]

endmodule