
┌─ 1 (root, init)
│   k: #execute ~> CONTINUATION:K
│   pc: 0
│   callDepth: 0
│   statusCode: STATUSCODE:StatusCode
│
│  (1161 steps)
├─ 5 (terminal)
│   k: #halt ~> CONTINUATION:K
│   pc: 253
│   callDepth: 0
│   statusCode: EVMC_SUCCESS
│
┊  constraint: true
┊  subst: OMITTED SUBST
└─ 2 (leaf, target, terminal)
    k: #halt ~> CONTINUATION:K
    pc: PC_CELL_5d410f2a:Int
    callDepth: CALLDEPTH_CELL_5d410f2a:Int
    statusCode: STATUSCODE_FINAL:StatusCode




module SUMMARY-TEST%CONSTRUCTORTEST.INIT:0
    
    
    rule [BASIC-BLOCK-1-TO-5]: <foundry>
           <kevm>
             <k>
               ( #execute => #halt )
               ~> _CONTINUATION
             </k>
             <mode>
               NORMAL
             </mode>
             <schedule>
               SHANGHAI
             </schedule>
             <useGas>
               false
             </useGas>
             <ethereum>
               <evm>
                 <output>
                   ( b"" => b"`\x80`@R4\x80\x15a\x00\x10W`\x00\x80\xfd[P`\x046\x10a\x00\xeaW`\x005`\xe0\x1c\x80c\x92\xdfO\xbd\x11a\x00\x8cW\x80c\xe0\x18\x0b\x0b\x11a\x00fW\x80c\xe0\x18\x0b\x0b\x14a\x01\x81W\x80c\xe2\f\x9fq\x14a\x01\x89W\x80c\xe9\x9bk1\x14a\x01\x81W\x80c\xfav&\xd4\x14a\x01\x91W`\x00\x80\xfd[\x80c\x92\xdfO\xbd\x14a\x01YW\x80c\xb5P\x8a\xa9\x14a\x01aW\x80c\xbaAO\xa6\x14a\x01iW`\x00\x80\xfd[\x80c?r\x86\xf4\x11a\x00\xc8W\x80c?r\x86\xf4\x14a\x01\x1fW\x80cf\xd9\xa9\xa0\x14a\x01'W\x80c\x85\"l\x81\x14a\x01<W\x80c\x91j\x17\xc6\x14a\x01QW`\x00\x80\xfd[\x80c\x1e\xd7\x83\x1c\x14a\x00\xefW\x80c'\\RV\x14a\x01\rW\x80c>^<#\x14a\x01\x17W[`\x00\x80\xfd[a\x00\xf7a\x01\x9eV[`@Qa\x01\x04\x91\x90a\fvV[`@Q\x80\x91\x03\x90\xf3[a\x01\x15a\x02\x00V[\x00[a\x00\xf7a\x04IV[a\x00\xf7a\x04\xa9V[a\x01/a\x05\tV[`@Qa\x01\x04\x91\x90a\f\xc3V[a\x01Da\x05\xf8V[`@Qa\x01\x04\x91\x90a\r\xa6V[a\x01/a\x06\xc8V[a\x01\x15a\x07\xaeV[a\x01Da\x07\xc3V[a\x01qa\x08\x93V[`@Q\x90\x15\x15\x81R` \x01a\x01\x04V[a\x01\x15a\t\xc0V[a\x00\xf7a\t\xd2V[`\x07Ta\x01q\x90`\xff\x16\x81V[```\x14\x80T\x80` \x02` \x01`@Q\x90\x81\x01`@R\x80\x92\x91\x90\x81\x81R` \x01\x82\x80T\x80\x15a\x01\xf6W` \x02\x82\x01\x91\x90`\x00R` `\x00 \x90[\x81T`\x01`\x01`\xa0\x1b\x03\x16\x81R`\x01\x90\x91\x01\x90` \x01\x80\x83\x11a\x01\xd8W[PPPPP\x90P\x90V[`\x1bT`\xff\x16a\x02\x12Wa\x02\x12a\x0e V[`\x00`@Qa\x02 \x90a\fiV[`@Q\x80\x91\x03\x90`\x00\xf0\x80\x15\x80\x15a\x02<W=`\x00\x80>=`\x00\xfd[P`@Qc`\xfeG\xb1`\xe0\x1b\x81Ra\x158`\x04\x82\x01R\x90\x91P`\x01`\x01`\xa0\x1b\x03\x82\x16\x90c`\xfeG\xb1\x90`$\x01`\x00`@Q\x80\x83\x03\x81`\x00\x87\x80;\x15\x80\x15a\x02\x83W`\x00\x80\xfd[PZ\xf1\x15\x80\x15a\x02\x97W=`\x00\x80>=`\x00\xfd[PP`\x1bT`@Qc\x08\x01\xf1i`\xe1\x1b\x81R`\x03`\x04\x82\x01Ra\x01\x00\x90\x91\x04`\x01`\x01`\xa0\x1b\x03\x16\x92Pc\x10\x03\xe2\xd2\x91P`$\x01`\x00`@Q\x80\x83\x03\x81`\x00\x87\x80;\x15\x80\x15a\x02\xe5W`\x00\x80\xfd[PZ\xf1\x15\x80\x15a\x02\xf9W=`\x00\x80>=`\x00\xfd[PPPPa\x03\x7f`\x1b`\x01\x90T\x90a\x01\x00\n\x90\x04`\x01`\x01`\xa0\x1b\x03\x16`\x01`\x01`\xa0\x1b\x03\x16c\x06f\x1a\xbd`@Q\x81c\xff\xff\xff\xff\x16`\xe0\x1b\x81R`\x04\x01` `@Q\x80\x83\x03\x81\x86Z\xfa\x15\x80\x15a\x03SW=`\x00\x80>=`\x00\xfd[PPPP`@Q=`\x1f\x19`\x1f\x82\x01\x16\x82\x01\x80`@RP\x81\x01\x90a\x03w\x91\x90a\x0e6V[a\x10\xe4a\n2V[`@Qc\x08\x01\xf1i`\xe1\x1b\x81R`\x05`\x04\x82\x01R`\x01`\x01`\xa0\x1b\x03\x82\x16\x90c\x10\x03\xe2\xd2\x90`$\x01`\x00`@Q\x80\x83\x03\x81`\x00\x87\x80;\x15\x80\x15a\x03\xc1W`\x00\x80\xfd[PZ\xf1\x15\x80\x15a\x03\xd5W=`\x00\x80>=`\x00\xfd[PPPPa\x04F\x81`\x01`\x01`\xa0\x1b\x03\x16c\x06f\x1a\xbd`@Q\x81c\xff\xff\xff\xff\x16`\xe0\x1b\x81R`\x04\x01` `@Q\x80\x83\x03\x81\x86Z\xfa\x15\x80\x15a\x04\x1aW=`\x00\x80>=`\x00\xfd[PPPP`@Q=`\x1f\x19`\x1f\x82\x01\x16\x82\x01\x80`@RP\x81\x01\x90a\x04>\x91\x90a\x0e6V[a\x15=a\n2V[PV[```\x16\x80T\x80` \x02` \x01`@Q\x90\x81\x01`@R\x80\x92\x91\x90\x81\x81R` \x01\x82\x80T\x80\x15a\x01\xf6W` \x02\x82\x01\x91\x90`\x00R` `\x00 \x90\x81T`\x01`\x01`\xa0\x1b\x03\x16\x81R`\x01\x90\x91\x01\x90` \x01\x80\x83\x11a\x01\xd8WPPPPP\x90P\x90V[```\x15\x80T\x80` \x02` \x01`@Q\x90\x81\x01`@R\x80\x92\x91\x90\x81\x81R` \x01\x82\x80T\x80\x15a\x01\xf6W` \x02\x82\x01\x91\x90`\x00R` `\x00 \x90\x81T`\x01`\x01`\xa0\x1b\x03\x16\x81R`\x01\x90\x91\x01\x90` \x01\x80\x83\x11a\x01\xd8WPPPPP\x90P\x90V[```\x19\x80T\x80` \x02` \x01`@Q\x90\x81\x01`@R\x80\x92\x91\x90\x81\x81R` \x01`\x00\x90[\x82\x82\x10\x15a\x05\xefW`\x00\x84\x81R` \x90\x81\x90 `@\x80Q\x80\x82\x01\x82R`\x02\x86\x02\x90\x92\x01\x80T`\x01`\x01`\xa0\x1b\x03\x16\x83R`\x01\x81\x01\x80T\x83Q\x81\x87\x02\x81\x01\x87\x01\x90\x94R\x80\x84R\x93\x94\x91\x93\x85\x83\x01\x93\x92\x83\x01\x82\x82\x80\x15a\x05\xd7W` \x02\x82\x01\x91\x90`\x00R` `\x00 \x90`\x00\x90[\x82\x82\x90T\x90a\x01\x00\n\x90\x04`\xe0\x1b`\x01`\x01`\xe0\x1b\x03\x19\x16\x81R` \x01\x90`\x04\x01\x90` \x82`\x03\x01\x04\x92\x83\x01\x92`\x01\x03\x82\x02\x91P\x80\x84\x11a\x05\x99W\x90P[PPPPP\x81RPP\x81R` \x01\x90`\x01\x01\x90a\x05-V[PPPP\x90P\x90V[```\x18\x80T\x80` \x02` \x01`@Q\x90\x81\x01`@R\x80\x92\x91\x90\x81\x81R` \x01`\x00\x90[\x82\x82\x10\x15a\x05\xefW\x83\x82\x90`\x00R` `\x00 \x01\x80Ta\x06;\x90a\x0eOV[\x80`\x1f\x01` \x80\x91\x04\x02` \x01`@Q\x90\x81\x01`@R\x80\x92\x91\x90\x81\x81R` \x01\x82\x80Ta\x06g\x90a\x0eOV[\x80\x15a\x06\xb4W\x80`\x1f\x10a\x06\x89Wa\x01\x00\x80\x83T\x04\x02\x83R\x91` \x01\x91a\x06\xb4V[\x82\x01\x91\x90`\x00R` `\x00 \x90[\x81T\x81R\x90`\x01\x01\x90` \x01\x80\x83\x11a\x06\x97W\x82\x90\x03`\x1f\x16\x82\x01\x91[PPPPP\x81R` \x01\x90`\x01\x01\x90a\x06\x1cV[```\x1a\x80T\x80` \x02` \x01`@Q\x90\x81\x01`@R\x80\x92\x91\x90\x81\x81R` \x01`\x00\x90[\x82\x82\x10\x15a\x05\xefW`\x00\x84\x81R` \x90\x81\x90 `@\x80Q\x80\x82\x01\x82R`\x02\x86\x02\x90\x92\x01\x80T`\x01`\x01`\xa0\x1b\x03\x16\x83R`\x01\x81\x01\x80T\x83Q\x81\x87\x02\x81\x01\x87\x01\x90\x94R\x80\x84R\x93\x94\x91\x93\x85\x83\x01\x93\x92\x83\x01\x82\x82\x80\x15a\x07\x96W` \x02\x82\x01\x91\x90`\x00R` `\x00 \x90`\x00\x90[\x82\x82\x90T\x90a\x01\x00\n\x90\x04`\xe0\x1b`\x01`\x01`\xe0\x1b\x03\x19\x16\x81R` \x01\x90`\x04\x01\x90` \x82`\x03\x01\x04\x92\x83\x01\x92`\x01\x03\x82\x02\x91P\x80\x84\x11a\x07XW\x90P[PPPPP\x81RPP\x81R` \x01\x90`\x01\x01\x90a\x06\xecV[`\x1bT`\xff\x16\x15a\x07\xc1Wa\x07\xc1a\x0e V[V[```\x17\x80T\x80` \x02` \x01`@Q\x90\x81\x01`@R\x80\x92\x91\x90\x81\x81R` \x01`\x00\x90[\x82\x82\x10\x15a\x05\xefW\x83\x82\x90`\x00R` `\x00 \x01\x80Ta\x08\x06\x90a\x0eOV[\x80`\x1f\x01` \x80\x91\x04\x02` \x01`@Q\x90\x81\x01`@R\x80\x92\x91\x90\x81\x81R` \x01\x82\x80Ta\x082\x90a\x0eOV[\x80\x15a\x08\x7fW\x80`\x1f\x10a\x08TWa\x01\x00\x80\x83T\x04\x02\x83R\x91` \x01\x91a\x08\x7fV[\x82\x01\x91\x90`\x00R` `\x00 \x90[\x81T\x81R\x90`\x01\x01\x90` \x01\x80\x83\x11a\x08bW\x82\x90\x03`\x1f\x16\x82\x01\x91[PPPPP\x81R` \x01\x90`\x01\x01\x90a\x07\xe7V[`\x07T`\x00\x90a\x01\x00\x90\x04`\xff\x16\x15a\x08\xb5WP`\x07Ta\x01\x00\x90\x04`\xff\x16\x90V[`\x00sq\tp\x9e\xcf\xa9\x1a\x80bo\xf3\x98\x9dh\xf6\x7f[\x1d\xd1-;\x15a\t\xbbW`@\x80Qsq\tp\x9e\xcf\xa9\x1a\x80bo\xf3\x98\x9dh\xf6\x7f[\x1d\xd1-` \x82\x01\x81\x90Re\x19\x98Z[\x19Y`\xd2\x1b\x82\x84\x01R\x82Q\x80\x83\x03\x84\x01\x81R``\x83\x01\x90\x93R`\x00\x92\x90\x91a\tC\x91\x7ff\x7f\x9dp\xcaA\x1dp\xea\xd5\r\x8d\\\"\x07\r\xaf\xc3j\xd7_=\xcf^r7\xb2*\xde\x9a\xec\xc4\x91`\x80\x01a\x0e\x89V[`@\x80Q`\x1f\x19\x81\x84\x03\x01\x81R\x90\x82\x90Ra\t]\x91a\x0e\xbaV[`\x00`@Q\x80\x83\x03\x81`\x00\x86Z\xf1\x91PP=\x80`\x00\x81\x14a\t\x9aW`@Q\x91P`\x1f\x19`?=\x01\x16\x82\x01`@R=\x82R=`\x00` \x84\x01>a\t\x9fV[``\x91P[P\x91PP\x80\x80` \x01\x90Q\x81\x01\x90a\t\xb7\x91\x90a\x0e\xd6V[\x91PP[\x91\x90PV[`\x1bT`\xff\x16a\x07\xc1Wa\x07\xc1a\x0e V[```\x13\x80T\x80` \x02` \x01`@Q\x90\x81\x01`@R\x80\x92\x91\x90\x81\x81R` \x01\x82\x80T\x80\x15a\x01\xf6W` \x02\x82\x01\x91\x90`\x00R` `\x00 \x90\x81T`\x01`\x01`\xa0\x1b\x03\x16\x81R`\x01\x90\x91\x01\x90` \x01\x80\x83\x11a\x01\xd8WPPPPP\x90P\x90V[\x80\x82\x14a\x0bYW\x7fA0O\xac\xd92=u\xb1\x1b\xcd\xd6\t\xcb8\xef\xff\xfd\xb0W\x10\xf7\xca\xf0\xe9\xb1lm\x9dp\x9fP`@Qa\n\xa3\x90` \x80\x82R`\"\x90\x82\x01R\x7fError: a == b not satisfied [uin`@\x82\x01Rat]`\xf0\x1b``\x82\x01R`\x80\x01\x90V[`@Q\x80\x91\x03\x90\xa1`@\x80Q\x81\x81R`\n\x81\x83\x01Ri\x08\x08\x08\x08\x08\x08\x13\x19Y\x9d`\xb2\x1b``\x82\x01R` \x81\x01\x84\x90R\x90Q\x7f\xb2\xde/\xbe\x80\x1a\r\xf6\xc0\xcb\xdd\xfdD\x8b\xa3\xc4\x1dH\xa0@\xca5\xc5l\x81\x96\xef\x0f\xca\xe7!\xa8\x91\x81\x90\x03`\x80\x01\x90\xa1`@\x80Q\x81\x81R`\n\x81\x83\x01Ri\x08\x08\x08\x08\x08\x14\x9aY\xda\x1d`\xb2\x1b``\x82\x01R` \x81\x01\x83\x90R\x90Q\x7f\xb2\xde/\xbe\x80\x1a\r\xf6\xc0\xcb\xdd\xfdD\x8b\xa3\xc4\x1dH\xa0@\xca5\xc5l\x81\x96\xef\x0f\xca\xe7!\xa8\x91\x81\x90\x03`\x80\x01\x90\xa1a\x0bYa\x0b]V[PPV[sq\tp\x9e\xcf\xa9\x1a\x80bo\xf3\x98\x9dh\xf6\x7f[\x1d\xd1-;\x15a\fXW`@\x80Qsq\tp\x9e\xcf\xa9\x1a\x80bo\xf3\x98\x9dh\xf6\x7f[\x1d\xd1-` \x82\x01\x81\x90Re\x19\x98Z[\x19Y`\xd2\x1b\x92\x82\x01\x92\x90\x92R`\x01``\x82\x01R`\x00\x91\x90\x7fp\xca\x10\xbb\xd0\xdb\xfd\x90 \xa9\xf4\xb14\x02\xc1l\xb1 p^\r\x1c\n\xea\xb1\x0f\xa3S\xaeXo\xc4\x90`\x80\x01`@\x80Q`\x1f\x19\x81\x84\x03\x01\x81R\x90\x82\x90Ra\x0b\xf7\x92\x91` \x01a\x0e\x89V[`@\x80Q`\x1f\x19\x81\x84\x03\x01\x81R\x90\x82\x90Ra\f\x11\x91a\x0e\xbaV[`\x00`@Q\x80\x83\x03\x81`\x00\x86Z\xf1\x91PP=\x80`\x00\x81\x14a\fNW`@Q\x91P`\x1f\x19`?=\x01\x16\x82\x01`@R=\x82R=`\x00` \x84\x01>a\fSV[``\x91P[PPPP[`\x07\x80Ta\xff\x00\x19\x16a\x01\x00\x17\x90UV[a\x016\x80a\x0f\x00\x839\x01\x90V[` \x80\x82R\x82Q\x82\x82\x01\x81\x90R`\x00\x91\x90\x84\x82\x01\x90`@\x85\x01\x90\x84[\x81\x81\x10\x15a\f\xb7W\x83Q`\x01`\x01`\xa0\x1b\x03\x16\x83R\x92\x84\x01\x92\x91\x84\x01\x91`\x01\x01a\f\x92V[P\x90\x96\x95PPPPPPV[`\x00` \x80\x83\x01\x81\x84R\x80\x85Q\x80\x83R`@\x92P\x82\x86\x01\x91P\x82\x81`\x05\x1b\x87\x01\x01\x84\x88\x01`\x00\x80[\x84\x81\x10\x15a\rgW\x89\x84\x03`?\x19\x01\x86R\x82Q\x80Q`\x01`\x01`\xa0\x1b\x03\x16\x85R\x88\x01Q\x88\x85\x01\x88\x90R\x80Q\x88\x86\x01\x81\x90R\x90\x89\x01\x90\x83\x90``\x87\x01\x90[\x80\x83\x10\x15a\rRW\x83Q`\x01`\x01`\xe0\x1b\x03\x19\x16\x82R\x92\x8b\x01\x92`\x01\x92\x90\x92\x01\x91\x90\x8b\x01\x90a\r(V[P\x97\x8a\x01\x97\x95PPP\x91\x87\x01\x91`\x01\x01a\f\xebV[P\x91\x99\x98PPPPPPPPPV[`\x00[\x83\x81\x10\x15a\r\x91W\x81\x81\x01Q\x83\x82\x01R` \x01a\ryV[\x83\x81\x11\x15a\r\xa0W`\x00\x84\x84\x01R[PPPPV[`\x00` \x80\x83\x01\x81\x84R\x80\x85Q\x80\x83R`@\x86\x01\x91P`@\x81`\x05\x1b\x87\x01\x01\x92P\x83\x87\x01`\x00[\x82\x81\x10\x15a\x0e\x13W\x87\x85\x03`?\x19\x01\x84R\x81Q\x80Q\x80\x87Ra\r\xf4\x81\x89\x89\x01\x8a\x85\x01a\rvV[`\x1f\x01`\x1f\x19\x16\x95\x90\x95\x01\x86\x01\x94P\x92\x85\x01\x92\x90\x85\x01\x90`\x01\x01a\r\xcdV[P\x92\x97\x96PPPPPPPV[cNH{q`\xe0\x1b`\x00R`\x01`\x04R`$`\x00\xfd[`\x00` \x82\x84\x03\x12\x15a\x0eHW`\x00\x80\xfd[PQ\x91\x90PV[`\x01\x81\x81\x1c\x90\x82\x16\x80a\x0ecW`\x7f\x82\x16\x91P[` \x82\x10\x81\x03a\x0e\x83WcNH{q`\xe0\x1b`\x00R`\"`\x04R`$`\x00\xfd[P\x91\x90PV[`\x01`\x01`\xe0\x1b\x03\x19\x83\x16\x81R\x81Q`\x00\x90a\x0e\xac\x81`\x04\x85\x01` \x87\x01a\rvV[\x91\x90\x91\x01`\x04\x01\x93\x92PPPV[`\x00\x82Qa\x0e\xcc\x81\x84` \x87\x01a\rvV[\x91\x90\x91\x01\x92\x91PPV[`\x00` \x82\x84\x03\x12\x15a\x0e\xe8W`\x00\x80\xfd[\x81Q\x80\x15\x15\x81\x14a\x0e\xf8W`\x00\x80\xfd[\x93\x92PPPV\xfe`\x80`@R`\x05`\x00Ua\x01\x1e\x80a\x00\x18`\x009`\x00\xf3\xfe`\x80`@R`\x046\x10`0W`\x005`\xe0\x1c\x80c\x06f\x1a\xbd\x14`5W\x80c\x10\x03\xe2\xd2\x14`[W\x80c`\xfeG\xb1\x14`lW[`\x00\x80\xfd[4\x80\x15`@W`\x00\x80\xfd[P`I`\x00T\x81V[`@Q\x90\x81R` \x01`@Q\x80\x91\x03\x90\xf3[`j`f6`\x04`\xabV[`\x87V[\x00[4\x80\x15`wW`\x00\x80\xfd[P`j`\x836`\x04`\xabV[`\x99V[\x80`\x00T`\x93\x91\x90`\xc3V[`\x00UPV[`\x03`\x00T\x10\x15`\xa6WPV[`\x00UV[`\x00` \x82\x84\x03\x12\x15`\xbcW`\x00\x80\xfd[P5\x91\x90PV[`\x00\x82\x19\x82\x11\x15`\xe3WcNH{q`\xe0\x1b`\x00R`\x11`\x04R`$`\x00\xfd[P\x01\x90V\xfe\xa2dipfsX\"\x12 \xf8\x04c[5\xff\xfbg\xb1\x0e\xc7(\xb7\x97r\"H\x8d\xdb\xd9z\x01\x8c\xcecY\xa86\xbd\x0fa\xb9dsolcC\x00\x08\r\x003\xa2dipfsX\"\x12 \xd41=Go\xff\x8f\xa0\x17\xf8\xc9T\\\xb8\xf9\x0ed\x03]\xe5\xbeW7?\xb9\xea\x94\x9e\xec\x1c7YdsolcC\x00\x08\r\x003" )
                 </output>
                 <statusCode>
                   ( _STATUSCODE => EVMC_SUCCESS )
                 </statusCode>
                 <callStack>
                   .List
                 </callStack>
                 <interimStates>
                   .List
                 </interimStates>
                 <touchedAccounts>
                   ( .Set => ( SetItem ( 491460923342184218035706888008750043977755113263 ) SetItem ( 728815563385977040452943777879061427756277306518 ) ) )
                 </touchedAccounts>
                 <callState>
                   <id>
                     728815563385977040452943777879061427756277306518
                   </id>
                   <caller>
                     CALLER_ID:Int
                   </caller>
                   <callData>
                     CALLDATA_CELL:Bytes
                   </callData>
                   <callValue>
                     0
                   </callValue>
                   <wordStack>
                     .WordStack
                   </wordStack>
                   <localMem>
                     ( b"" => b"`\x80`@R4\x80\x15a\x00\x10W`\x00\x80\xfd[P`\x046\x10a\x00\xeaW`\x005`\xe0\x1c\x80c\x92\xdfO\xbd\x11a\x00\x8cW\x80c\xe0\x18\x0b\x0b\x11a\x00fW\x80c\xe0\x18\x0b\x0b\x14a\x01\x81W\x80c\xe2\f\x9fq\x14a\x01\x89W\x80c\xe9\x9bk1\x14a\x01\x81W\x80c\xfav&\xd4\x14a\x01\x91W`\x00\x80\xfd[\x80c\x92\xdfO\xbd\x14a\x01YW\x80c\xb5P\x8a\xa9\x14a\x01aW\x80c\xbaAO\xa6\x14a\x01iW`\x00\x80\xfd[\x80c?r\x86\xf4\x11a\x00\xc8W\x80c?r\x86\xf4\x14a\x01\x1fW\x80cf\xd9\xa9\xa0\x14a\x01'W\x80c\x85\"l\x81\x14a\x01<W\x80c\x91j\x17\xc6\x14a\x01QW`\x00\x80\xfd[\x80c\x1e\xd7\x83\x1c\x14a\x00\xefW\x80c'\\RV\x14a\x01\rW\x80c>^<#\x14a\x01\x17W[`\x00\x80\xfd[a\x00\xf7a\x01\x9eV[`@Qa\x01\x04\x91\x90a\fvV[`@Q\x80\x91\x03\x90\xf3[a\x01\x15a\x02\x00V[\x00[a\x00\xf7a\x04IV[a\x00\xf7a\x04\xa9V[a\x01/a\x05\tV[`@Qa\x01\x04\x91\x90a\f\xc3V[a\x01Da\x05\xf8V[`@Qa\x01\x04\x91\x90a\r\xa6V[a\x01/a\x06\xc8V[a\x01\x15a\x07\xaeV[a\x01Da\x07\xc3V[a\x01qa\x08\x93V[`@Q\x90\x15\x15\x81R` \x01a\x01\x04V[a\x01\x15a\t\xc0V[a\x00\xf7a\t\xd2V[`\x07Ta\x01q\x90`\xff\x16\x81V[```\x14\x80T\x80` \x02` \x01`@Q\x90\x81\x01`@R\x80\x92\x91\x90\x81\x81R` \x01\x82\x80T\x80\x15a\x01\xf6W` \x02\x82\x01\x91\x90`\x00R` `\x00 \x90[\x81T`\x01`\x01`\xa0\x1b\x03\x16\x81R`\x01\x90\x91\x01\x90` \x01\x80\x83\x11a\x01\xd8W[PPPPP\x90P\x90V[`\x1bT`\xff\x16a\x02\x12Wa\x02\x12a\x0e V[`\x00`@Qa\x02 \x90a\fiV[`@Q\x80\x91\x03\x90`\x00\xf0\x80\x15\x80\x15a\x02<W=`\x00\x80>=`\x00\xfd[P`@Qc`\xfeG\xb1`\xe0\x1b\x81Ra\x158`\x04\x82\x01R\x90\x91P`\x01`\x01`\xa0\x1b\x03\x82\x16\x90c`\xfeG\xb1\x90`$\x01`\x00`@Q\x80\x83\x03\x81`\x00\x87\x80;\x15\x80\x15a\x02\x83W`\x00\x80\xfd[PZ\xf1\x15\x80\x15a\x02\x97W=`\x00\x80>=`\x00\xfd[PP`\x1bT`@Qc\x08\x01\xf1i`\xe1\x1b\x81R`\x03`\x04\x82\x01Ra\x01\x00\x90\x91\x04`\x01`\x01`\xa0\x1b\x03\x16\x92Pc\x10\x03\xe2\xd2\x91P`$\x01`\x00`@Q\x80\x83\x03\x81`\x00\x87\x80;\x15\x80\x15a\x02\xe5W`\x00\x80\xfd[PZ\xf1\x15\x80\x15a\x02\xf9W=`\x00\x80>=`\x00\xfd[PPPPa\x03\x7f`\x1b`\x01\x90T\x90a\x01\x00\n\x90\x04`\x01`\x01`\xa0\x1b\x03\x16`\x01`\x01`\xa0\x1b\x03\x16c\x06f\x1a\xbd`@Q\x81c\xff\xff\xff\xff\x16`\xe0\x1b\x81R`\x04\x01` `@Q\x80\x83\x03\x81\x86Z\xfa\x15\x80\x15a\x03SW=`\x00\x80>=`\x00\xfd[PPPP`@Q=`\x1f\x19`\x1f\x82\x01\x16\x82\x01\x80`@RP\x81\x01\x90a\x03w\x91\x90a\x0e6V[a\x10\xe4a\n2V[`@Qc\x08\x01\xf1i`\xe1\x1b\x81R`\x05`\x04\x82\x01R`\x01`\x01`\xa0\x1b\x03\x82\x16\x90c\x10\x03\xe2\xd2\x90`$\x01`\x00`@Q\x80\x83\x03\x81`\x00\x87\x80;\x15\x80\x15a\x03\xc1W`\x00\x80\xfd[PZ\xf1\x15\x80\x15a\x03\xd5W=`\x00\x80>=`\x00\xfd[PPPPa\x04F\x81`\x01`\x01`\xa0\x1b\x03\x16c\x06f\x1a\xbd`@Q\x81c\xff\xff\xff\xff\x16`\xe0\x1b\x81R`\x04\x01` `@Q\x80\x83\x03\x81\x86Z\xfa\x15\x80\x15a\x04\x1aW=`\x00\x80>=`\x00\xfd[PPPP`@Q=`\x1f\x19`\x1f\x82\x01\x16\x82\x01\x80`@RP\x81\x01\x90a\x04>\x91\x90a\x0e6V[a\x15=a\n2V[PV[```\x16\x80T\x80` \x02` \x01`@Q\x90\x81\x01`@R\x80\x92\x91\x90\x81\x81R` \x01\x82\x80T\x80\x15a\x01\xf6W` \x02\x82\x01\x91\x90`\x00R` `\x00 \x90\x81T`\x01`\x01`\xa0\x1b\x03\x16\x81R`\x01\x90\x91\x01\x90` \x01\x80\x83\x11a\x01\xd8WPPPPP\x90P\x90V[```\x15\x80T\x80` \x02` \x01`@Q\x90\x81\x01`@R\x80\x92\x91\x90\x81\x81R` \x01\x82\x80T\x80\x15a\x01\xf6W` \x02\x82\x01\x91\x90`\x00R` `\x00 \x90\x81T`\x01`\x01`\xa0\x1b\x03\x16\x81R`\x01\x90\x91\x01\x90` \x01\x80\x83\x11a\x01\xd8WPPPPP\x90P\x90V[```\x19\x80T\x80` \x02` \x01`@Q\x90\x81\x01`@R\x80\x92\x91\x90\x81\x81R` \x01`\x00\x90[\x82\x82\x10\x15a\x05\xefW`\x00\x84\x81R` \x90\x81\x90 `@\x80Q\x80\x82\x01\x82R`\x02\x86\x02\x90\x92\x01\x80T`\x01`\x01`\xa0\x1b\x03\x16\x83R`\x01\x81\x01\x80T\x83Q\x81\x87\x02\x81\x01\x87\x01\x90\x94R\x80\x84R\x93\x94\x91\x93\x85\x83\x01\x93\x92\x83\x01\x82\x82\x80\x15a\x05\xd7W` \x02\x82\x01\x91\x90`\x00R` `\x00 \x90`\x00\x90[\x82\x82\x90T\x90a\x01\x00\n\x90\x04`\xe0\x1b`\x01`\x01`\xe0\x1b\x03\x19\x16\x81R` \x01\x90`\x04\x01\x90` \x82`\x03\x01\x04\x92\x83\x01\x92`\x01\x03\x82\x02\x91P\x80\x84\x11a\x05\x99W\x90P[PPPPP\x81RPP\x81R` \x01\x90`\x01\x01\x90a\x05-V[PPPP\x90P\x90V[```\x18\x80T\x80` \x02` \x01`@Q\x90\x81\x01`@R\x80\x92\x91\x90\x81\x81R` \x01`\x00\x90[\x82\x82\x10\x15a\x05\xefW\x83\x82\x90`\x00R` `\x00 \x01\x80Ta\x06;\x90a\x0eOV[\x80`\x1f\x01` \x80\x91\x04\x02` \x01`@Q\x90\x81\x01`@R\x80\x92\x91\x90\x81\x81R` \x01\x82\x80Ta\x06g\x90a\x0eOV[\x80\x15a\x06\xb4W\x80`\x1f\x10a\x06\x89Wa\x01\x00\x80\x83T\x04\x02\x83R\x91` \x01\x91a\x06\xb4V[\x82\x01\x91\x90`\x00R` `\x00 \x90[\x81T\x81R\x90`\x01\x01\x90` \x01\x80\x83\x11a\x06\x97W\x82\x90\x03`\x1f\x16\x82\x01\x91[PPPPP\x81R` \x01\x90`\x01\x01\x90a\x06\x1cV[```\x1a\x80T\x80` \x02` \x01`@Q\x90\x81\x01`@R\x80\x92\x91\x90\x81\x81R` \x01`\x00\x90[\x82\x82\x10\x15a\x05\xefW`\x00\x84\x81R` \x90\x81\x90 `@\x80Q\x80\x82\x01\x82R`\x02\x86\x02\x90\x92\x01\x80T`\x01`\x01`\xa0\x1b\x03\x16\x83R`\x01\x81\x01\x80T\x83Q\x81\x87\x02\x81\x01\x87\x01\x90\x94R\x80\x84R\x93\x94\x91\x93\x85\x83\x01\x93\x92\x83\x01\x82\x82\x80\x15a\x07\x96W` \x02\x82\x01\x91\x90`\x00R` `\x00 \x90`\x00\x90[\x82\x82\x90T\x90a\x01\x00\n\x90\x04`\xe0\x1b`\x01`\x01`\xe0\x1b\x03\x19\x16\x81R` \x01\x90`\x04\x01\x90` \x82`\x03\x01\x04\x92\x83\x01\x92`\x01\x03\x82\x02\x91P\x80\x84\x11a\x07XW\x90P[PPPPP\x81RPP\x81R` \x01\x90`\x01\x01\x90a\x06\xecV[`\x1bT`\xff\x16\x15a\x07\xc1Wa\x07\xc1a\x0e V[V[```\x17\x80T\x80` \x02` \x01`@Q\x90\x81\x01`@R\x80\x92\x91\x90\x81\x81R` \x01`\x00\x90[\x82\x82\x10\x15a\x05\xefW\x83\x82\x90`\x00R` `\x00 \x01\x80Ta\x08\x06\x90a\x0eOV[\x80`\x1f\x01` \x80\x91\x04\x02` \x01`@Q\x90\x81\x01`@R\x80\x92\x91\x90\x81\x81R` \x01\x82\x80Ta\x082\x90a\x0eOV[\x80\x15a\x08\x7fW\x80`\x1f\x10a\x08TWa\x01\x00\x80\x83T\x04\x02\x83R\x91` \x01\x91a\x08\x7fV[\x82\x01\x91\x90`\x00R` `\x00 \x90[\x81T\x81R\x90`\x01\x01\x90` \x01\x80\x83\x11a\x08bW\x82\x90\x03`\x1f\x16\x82\x01\x91[PPPPP\x81R` \x01\x90`\x01\x01\x90a\x07\xe7V[`\x07T`\x00\x90a\x01\x00\x90\x04`\xff\x16\x15a\x08\xb5WP`\x07Ta\x01\x00\x90\x04`\xff\x16\x90V[`\x00sq\tp\x9e\xcf\xa9\x1a\x80bo\xf3\x98\x9dh\xf6\x7f[\x1d\xd1-;\x15a\t\xbbW`@\x80Qsq\tp\x9e\xcf\xa9\x1a\x80bo\xf3\x98\x9dh\xf6\x7f[\x1d\xd1-` \x82\x01\x81\x90Re\x19\x98Z[\x19Y`\xd2\x1b\x82\x84\x01R\x82Q\x80\x83\x03\x84\x01\x81R``\x83\x01\x90\x93R`\x00\x92\x90\x91a\tC\x91\x7ff\x7f\x9dp\xcaA\x1dp\xea\xd5\r\x8d\\\"\x07\r\xaf\xc3j\xd7_=\xcf^r7\xb2*\xde\x9a\xec\xc4\x91`\x80\x01a\x0e\x89V[`@\x80Q`\x1f\x19\x81\x84\x03\x01\x81R\x90\x82\x90Ra\t]\x91a\x0e\xbaV[`\x00`@Q\x80\x83\x03\x81`\x00\x86Z\xf1\x91PP=\x80`\x00\x81\x14a\t\x9aW`@Q\x91P`\x1f\x19`?=\x01\x16\x82\x01`@R=\x82R=`\x00` \x84\x01>a\t\x9fV[``\x91P[P\x91PP\x80\x80` \x01\x90Q\x81\x01\x90a\t\xb7\x91\x90a\x0e\xd6V[\x91PP[\x91\x90PV[`\x1bT`\xff\x16a\x07\xc1Wa\x07\xc1a\x0e V[```\x13\x80T\x80` \x02` \x01`@Q\x90\x81\x01`@R\x80\x92\x91\x90\x81\x81R` \x01\x82\x80T\x80\x15a\x01\xf6W` \x02\x82\x01\x91\x90`\x00R` `\x00 \x90\x81T`\x01`\x01`\xa0\x1b\x03\x16\x81R`\x01\x90\x91\x01\x90` \x01\x80\x83\x11a\x01\xd8WPPPPP\x90P\x90V[\x80\x82\x14a\x0bYW\x7fA0O\xac\xd92=u\xb1\x1b\xcd\xd6\t\xcb8\xef\xff\xfd\xb0W\x10\xf7\xca\xf0\xe9\xb1lm\x9dp\x9fP`@Qa\n\xa3\x90` \x80\x82R`\"\x90\x82\x01R\x7fError: a == b not satisfied [uin`@\x82\x01Rat]`\xf0\x1b``\x82\x01R`\x80\x01\x90V[`@Q\x80\x91\x03\x90\xa1`@\x80Q\x81\x81R`\n\x81\x83\x01Ri\x08\x08\x08\x08\x08\x08\x13\x19Y\x9d`\xb2\x1b``\x82\x01R` \x81\x01\x84\x90R\x90Q\x7f\xb2\xde/\xbe\x80\x1a\r\xf6\xc0\xcb\xdd\xfdD\x8b\xa3\xc4\x1dH\xa0@\xca5\xc5l\x81\x96\xef\x0f\xca\xe7!\xa8\x91\x81\x90\x03`\x80\x01\x90\xa1`@\x80Q\x81\x81R`\n\x81\x83\x01Ri\x08\x08\x08\x08\x08\x14\x9aY\xda\x1d`\xb2\x1b``\x82\x01R` \x81\x01\x83\x90R\x90Q\x7f\xb2\xde/\xbe\x80\x1a\r\xf6\xc0\xcb\xdd\xfdD\x8b\xa3\xc4\x1dH\xa0@\xca5\xc5l\x81\x96\xef\x0f\xca\xe7!\xa8\x91\x81\x90\x03`\x80\x01\x90\xa1a\x0bYa\x0b]V[PPV[sq\tp\x9e\xcf\xa9\x1a\x80bo\xf3\x98\x9dh\xf6\x7f[\x1d\xd1-;\x15a\fXW`@\x80Qsq\tp\x9e\xcf\xa9\x1a\x80bo\xf3\x98\x9dh\xf6\x7f[\x1d\xd1-` \x82\x01\x81\x90Re\x19\x98Z[\x19Y`\xd2\x1b\x92\x82\x01\x92\x90\x92R`\x01``\x82\x01R`\x00\x91\x90\x7fp\xca\x10\xbb\xd0\xdb\xfd\x90 \xa9\xf4\xb14\x02\xc1l\xb1 p^\r\x1c\n\xea\xb1\x0f\xa3S\xaeXo\xc4\x90`\x80\x01`@\x80Q`\x1f\x19\x81\x84\x03\x01\x81R\x90\x82\x90Ra\x0b\xf7\x92\x91` \x01a\x0e\x89V[`@\x80Q`\x1f\x19\x81\x84\x03\x01\x81R\x90\x82\x90Ra\f\x11\x91a\x0e\xbaV[`\x00`@Q\x80\x83\x03\x81`\x00\x86Z\xf1\x91PP=\x80`\x00\x81\x14a\fNW`@Q\x91P`\x1f\x19`?=\x01\x16\x82\x01`@R=\x82R=`\x00` \x84\x01>a\fSV[``\x91P[PPPP[`\x07\x80Ta\xff\x00\x19\x16a\x01\x00\x17\x90UV[a\x016\x80a\x0f\x00\x839\x01\x90V[` \x80\x82R\x82Q\x82\x82\x01\x81\x90R`\x00\x91\x90\x84\x82\x01\x90`@\x85\x01\x90\x84[\x81\x81\x10\x15a\f\xb7W\x83Q`\x01`\x01`\xa0\x1b\x03\x16\x83R\x92\x84\x01\x92\x91\x84\x01\x91`\x01\x01a\f\x92V[P\x90\x96\x95PPPPPPV[`\x00` \x80\x83\x01\x81\x84R\x80\x85Q\x80\x83R`@\x92P\x82\x86\x01\x91P\x82\x81`\x05\x1b\x87\x01\x01\x84\x88\x01`\x00\x80[\x84\x81\x10\x15a\rgW\x89\x84\x03`?\x19\x01\x86R\x82Q\x80Q`\x01`\x01`\xa0\x1b\x03\x16\x85R\x88\x01Q\x88\x85\x01\x88\x90R\x80Q\x88\x86\x01\x81\x90R\x90\x89\x01\x90\x83\x90``\x87\x01\x90[\x80\x83\x10\x15a\rRW\x83Q`\x01`\x01`\xe0\x1b\x03\x19\x16\x82R\x92\x8b\x01\x92`\x01\x92\x90\x92\x01\x91\x90\x8b\x01\x90a\r(V[P\x97\x8a\x01\x97\x95PPP\x91\x87\x01\x91`\x01\x01a\f\xebV[P\x91\x99\x98PPPPPPPPPV[`\x00[\x83\x81\x10\x15a\r\x91W\x81\x81\x01Q\x83\x82\x01R` \x01a\ryV[\x83\x81\x11\x15a\r\xa0W`\x00\x84\x84\x01R[PPPPV[`\x00` \x80\x83\x01\x81\x84R\x80\x85Q\x80\x83R`@\x86\x01\x91P`@\x81`\x05\x1b\x87\x01\x01\x92P\x83\x87\x01`\x00[\x82\x81\x10\x15a\x0e\x13W\x87\x85\x03`?\x19\x01\x84R\x81Q\x80Q\x80\x87Ra\r\xf4\x81\x89\x89\x01\x8a\x85\x01a\rvV[`\x1f\x01`\x1f\x19\x16\x95\x90\x95\x01\x86\x01\x94P\x92\x85\x01\x92\x90\x85\x01\x90`\x01\x01a\r\xcdV[P\x92\x97\x96PPPPPPPV[cNH{q`\xe0\x1b`\x00R`\x01`\x04R`$`\x00\xfd[`\x00` \x82\x84\x03\x12\x15a\x0eHW`\x00\x80\xfd[PQ\x91\x90PV[`\x01\x81\x81\x1c\x90\x82\x16\x80a\x0ecW`\x7f\x82\x16\x91P[` \x82\x10\x81\x03a\x0e\x83WcNH{q`\xe0\x1b`\x00R`\"`\x04R`$`\x00\xfd[P\x91\x90PV[`\x01`\x01`\xe0\x1b\x03\x19\x83\x16\x81R\x81Q`\x00\x90a\x0e\xac\x81`\x04\x85\x01` \x87\x01a\rvV[\x91\x90\x91\x01`\x04\x01\x93\x92PPPV[`\x00\x82Qa\x0e\xcc\x81\x84` \x87\x01a\rvV[\x91\x90\x91\x01\x92\x91PPV[`\x00` \x82\x84\x03\x12\x15a\x0e\xe8W`\x00\x80\xfd[\x81Q\x80\x15\x15\x81\x14a\x0e\xf8W`\x00\x80\xfd[\x93\x92PPPV\xfe`\x80`@R`\x05`\x00Ua\x01\x1e\x80a\x00\x18`\x009`\x00\xf3\xfe`\x80`@R`\x046\x10`0W`\x005`\xe0\x1c\x80c\x06f\x1a\xbd\x14`5W\x80c\x10\x03\xe2\xd2\x14`[W\x80c`\xfeG\xb1\x14`lW[`\x00\x80\xfd[4\x80\x15`@W`\x00\x80\xfd[P`I`\x00T\x81V[`@Q\x90\x81R` \x01`@Q\x80\x91\x03\x90\xf3[`j`f6`\x04`\xabV[`\x87V[\x00[4\x80\x15`wW`\x00\x80\xfd[P`j`\x836`\x04`\xabV[`\x99V[\x80`\x00T`\x93\x91\x90`\xc3V[`\x00UPV[`\x03`\x00T\x10\x15`\xa6WPV[`\x00UV[`\x00` \x82\x84\x03\x12\x15`\xbcW`\x00\x80\xfd[P5\x91\x90PV[`\x00\x82\x19\x82\x11\x15`\xe3WcNH{q`\xe0\x1b`\x00R`\x11`\x04R`$`\x00\xfd[P\x01\x90V\xfe\xa2dipfsX\"\x12 \xf8\x04c[5\xff\xfbg\xb1\x0e\xc7(\xb7\x97r\"H\x8d\xdb\xd9z\x01\x8c\xcecY\xa86\xbd\x0fa\xb9dsolcC\x00\x08\r\x003\xa2dipfsX\"\x12 \xd41=Go\xff\x8f\xa0\x17\xf8\xc9T\\\xb8\xf9\x0ed\x03]\xe5\xbeW7?\xb9\xea\x94\x9e\xec\x1c7YdsolcC\x00\x08\r\x003" )
                   </localMem>
                   <memoryUsed>
                     0
                   </memoryUsed>
                   <callGas>
                     0
                   </callGas>
                   <static>
                     false
                   </static>
                   <callDepth>
                     0
                   </callDepth>
                   ...
                 </callState>
                 <substate>
                   <log>
                     .List
                   </log>
                   <refund>
                     0
                   </refund>
                   <accessedAccounts>
                     ( .Set => ( SetItem ( 491460923342184218035706888008750043977755113263 ) SetItem ( 728815563385977040452943777879061427756277306518 ) ) )
                   </accessedAccounts>
                   <accessedStorage>
                     .Map
                   </accessedStorage>
                   ...
                 </substate>
                 <origin>
                   ORIGIN_ID:Int
                 </origin>
                 <block>
                   <number>
                     NUMBER_CELL:Int
                   </number>
                   <timestamp>
                     TIMESTAMP_CELL:Int
                   </timestamp>
                   ...
                 </block>
                 ...
               </evm>
               <network>
                 <accounts>
                   ( <account>
                     <acctID>
                       ( 645326474426547203313410069153905908525362434349 => 491460923342184218035706888008750043977755113263 )
                     </acctID>
                     <balance>
                       0
                     </balance>
                     <storage>
                       ( .Map => ( 0 |-> 4321 ) )
                     </storage>
                     <origStorage>
                       .Map
                     </origStorage>
                     <nonce>
                       ( 0 => 1 )
                     </nonce>
                     ...
                   </account>
                   ( <account>
                     <acctID>
                       728815563385977040452943777879061427756277306518
                     </acctID>
                     <balance>
                       0
                     </balance>
                     <storage>
                       .Map
                     </storage>
                     <origStorage>
                       .Map
                     </origStorage>
                     <nonce>
                       1
                     </nonce>
                     ...
                   </account> => ( <account>
                     <acctID>
                       645326474426547203313410069153905908525362434349
                     </acctID>
                     <balance>
                       0
                     </balance>
                     <storage>
                       .Map
                     </storage>
                     <origStorage>
                       .Map
                     </origStorage>
                     <nonce>
                       0
                     </nonce>
                     ...
                   </account>
                   <account>
                     <acctID>
                       728815563385977040452943777879061427756277306518
                     </acctID>
                     <balance>
                       0
                     </balance>
                     <storage>
                       ( ( 11 |-> 1 )
                       ( ( 27 |-> 125813996375599159817140963330240011258305308995329 )
                       ( 7 |-> 1 ) ) )
                     </storage>
                     <origStorage>
                       .Map
                     </origStorage>
                     <nonce>
                       2
                     </nonce>
                     ...
                   </account> ) ) )
                 </accounts>
                 ...
               </network>
             </ethereum>
             ...
           </kevm>
           <cheatcodes>
             <prank>
               <active>
                 false
               </active>
               <singleCall>
                 false
               </singleCall>
               ...
             </prank>
             <expectedRevert>
               <isRevertExpected>
                 false
               </isRevertExpected>
               ...
             </expectedRevert>
             <expectedOpcode>
               <isOpcodeExpected>
                 false
               </isOpcodeExpected>
               ...
             </expectedOpcode>
             <expectEmit>
               <recordEvent>
                 false
               </recordEvent>
               <isEventExpected>
                 false
               </isEventExpected>
               ...
             </expectEmit>
             <whitelist>
               <isCallWhitelistActive>
                 false
               </isCallWhitelistActive>
               <isStorageWhitelistActive>
                 false
               </isStorageWhitelistActive>
               <addressSet>
                 .Set
               </addressSet>
               <storageSlotSet>
                 .Set
               </storageSlotSet>
             </whitelist>
             <mockCalls>
               .MockCallCellMap
             </mockCalls>
           </cheatcodes>
           <KEVMTracing>
             <activeTracing>
               false
             </activeTracing>
             <traceStorage>
               false
             </traceStorage>
             <traceWordStack>
               false
             </traceWordStack>
             <traceMemory>
               false
             </traceMemory>
             <recordedTrace>
               false
             </recordedTrace>
             <traceData>
               .List
             </traceData>
           </KEVMTracing>
         </foundry>
      requires ( 0 <=Int CALLER_ID:Int
       andBool ( 0 <=Int ORIGIN_ID:Int
       andBool ( 0 <=Int NUMBER_CELL:Int
       andBool ( 0 <=Int TIMESTAMP_CELL:Int
       andBool ( CALLER_ID:Int =/=Int 645326474426547203313410069153905908525362434349
       andBool ( ORIGIN_ID:Int =/=Int 645326474426547203313410069153905908525362434349
       andBool ( _CONTRACT_ID =/=Int 645326474426547203313410069153905908525362434349
       andBool ( CALLER_ID:Int <Int pow160
       andBool ( ORIGIN_ID:Int <Int pow160
       andBool ( NUMBER_CELL:Int <=Int maxSInt256
       andBool ( TIMESTAMP_CELL:Int <Int pow256
       andBool ( lengthBytes ( CALLDATA_CELL:Bytes ) <Int pow128
       andBool ( ( notBool #range ( 0 < CALLER_ID:Int <= 9 ) )
       andBool ( ( notBool #range ( 0 < ORIGIN_ID:Int <= 9 ) )
               ))))))))))))))
      [priority(20), label(BASIC-BLOCK-1-TO-5)]

endmodule