
┌─ 1 (root, init)
│   k: #execute ~> CONTINUATION:K
│   pc: 0
│   callDepth: 0
│   statusCode: STATUSCODE:StatusCode
│   src: test/nested/SimpleNested.t.sol:7:11
│   method: test%ContractFieldTest.setUp()
│
│  (2231 steps)
├─ 8 (terminal)
│   k: #halt ~> CONTINUATION:K
│   pc: 194
│   callDepth: 0
│   statusCode: EVMC_SUCCESS
│   src: lib/forge-std/src/StdInvariant.sol:69:71
│   method: test%ContractFieldTest.testEscrowToken()
│
┊  constraint: true
┊  subst: ...
└─ 7 (leaf, target, terminal)
    k: #halt ~> CONTINUATION:K
    pc: PC_CELL_5d410f2a:Int
    callDepth: CALLDEPTH_CELL_5d410f2a:Int
    statusCode: STATUSCODE_FINAL:StatusCode




module SUMMARY-TEST%CONTRACTFIELDTEST.TESTESCROWTOKEN():0
    
    
    rule [BASIC-BLOCK-1-TO-8]: <foundry>
           <kevm>
             <k>
               ( #execute => #halt )
               ~> _CONTINUATION
             </k>
             <mode>
               NORMAL
             </mode>
             <schedule>
               SHANGHAI
             </schedule>
             <useGas>
               false
             </useGas>
             <ethereum>
               <evm>
                 <output>
                   b""
                 </output>
                 <statusCode>
                   ( _STATUSCODE => EVMC_SUCCESS )
                 </statusCode>
                 <callStack>
                   .List
                 </callStack>
                 <interimStates>
                   .List
                 </interimStates>
                 <touchedAccounts>
                   ( .Set => ( SetItem ( 263400868551549723330807389252719309078400616203 ) ( SetItem ( 491460923342184218035706888008750043977755113263 ) SetItem ( 728815563385977040452943777879061427756277306518 ) ) ) )
                 </touchedAccounts>
                 <callState>
                   <id>
                     728815563385977040452943777879061427756277306518
                   </id>
                   <caller>
                     CALLER_ID:Int
                   </caller>
                   <callData>
                     ( b"\n\x92T\xe4" => b"51X\xa0" )
                   </callData>
                   <callValue>
                     0
                   </callValue>
                   <wordStack>
                     ( .WordStack => ( selector ( "testEscrowToken()" ) : .WordStack ) )
                   </wordStack>
                   <localMem>
                     ( b"" => b"\x00\x00\x00\x00\x00\x00\x00\x00\x00\x00\x00\x00\x00\x00\x00\x00\x00\x00\x00\x00\x00\x00\x00\x00\x00\x00\x00\x00\x00\x00\x00\x00\x00\x00\x00\x00\x00\x00\x00\x00\x00\x00\x00\x00\x00\x00\x00\x00\x00\x00\x00\x00\x00\x00\x00\x00\x00\x00\x00\x00\x00\x00\x00\x00\x00\x00\x00\x00\x00\x00\x00\x00\x00\x00\x00\x00\x00\x00\x00\x00\x00\x00\x00\x00\x00\x00\x00\x00\x00\x00\x00\x00\x00\x00\x00\xa0\x00\x00\x00\x00\x00\x00\x00\x00\x00\x00\x00\x00\x00\x00\x00\x00\x00\x00\x00\x00\x00\x00\x00\x00\x00\x00\x00\x00\x00\x00\x00\x00\x00\x00\x00\x00\x00\x00\x00\x00\x00\x00\x00\x00\x00\x00\x00\x00\x00\x00\x00\x00\x00\x00\x00\x00\x00\x00\x00\x00\x00\x0009" )
                   </localMem>
                   <memoryUsed>
                     0
                   </memoryUsed>
                   <callGas>
                     0
                   </callGas>
                   <static>
                     false
                   </static>
                   <callDepth>
                     0
                   </callDepth>
                   ...
                 </callState>
                 <substate>
                   <log>
                     .List
                   </log>
                   <refund>
                     0
                   </refund>
                   <accessedAccounts>
                     ( .Set => ( SetItem ( 263400868551549723330807389252719309078400616203 ) ( SetItem ( 491460923342184218035706888008750043977755113263 ) SetItem ( 728815563385977040452943777879061427756277306518 ) ) ) )
                   </accessedAccounts>
                   <accessedStorage>
                     .Map
                   </accessedStorage>
                   ...
                 </substate>
                 <origin>
                   ORIGIN_ID:Int
                 </origin>
                 <block>
                   <number>
                     NUMBER_CELL:Int
                   </number>
                   <timestamp>
                     TIMESTAMP_CELL:Int
                   </timestamp>
                   ...
                 </block>
                 ...
               </evm>
               <network>
                 <chainID>
                   1
                 </chainID>
                 <accounts>
                   ( <account>
                     <acctID>
                       ( 645326474426547203313410069153905908525362434349 => 263400868551549723330807389252719309078400616203 )
                     </acctID>
                     <balance>
                       0
                     </balance>
                     <storage>
                       ( .Map => ( 0 |-> 125813996375599159817140963330240011258305308995328 ) )
                     </storage>
                     <origStorage>
                       .Map
                     </origStorage>
                     <transientStorage>
                       .Map
                     </transientStorage>
                     <nonce>
                       ( 0 => 1 )
                     </nonce>
                     ...
                   </account>
                   ( <account>
                     <acctID>
                       728815563385977040452943777879061427756277306518
                     </acctID>
                     <balance>
                       0
                     </balance>
                     <storage>
                       ( ( 11 |-> 1 )
                       ( 7 |-> 1 ) )
                     </storage>
                     <origStorage>
                       .Map
                     </origStorage>
                     <transientStorage>
                       .Map
                     </transientStorage>
                     <nonce>
                       1
                     </nonce>
                     ...
                   </account> => ( <account>
                     <acctID>
                       491460923342184218035706888008750043977755113263
                     </acctID>
                     <balance>
                       0
                     </balance>
                     <storage>
                       ( 0 |-> 12300 )
                     </storage>
                     <origStorage>
                       .Map
                     </origStorage>
                     <transientStorage>
                       .Map
                     </transientStorage>
                     <nonce>
                       1
                     </nonce>
                     ...
                   </account>
                   ( <account>
                     <acctID>
                       645326474426547203313410069153905908525362434349
                     </acctID>
                     <balance>
                       0
                     </balance>
                     <storage>
                       .Map
                     </storage>
                     <origStorage>
                       .Map
                     </origStorage>
                     <transientStorage>
                       .Map
                     </transientStorage>
                     <nonce>
                       0
                     </nonce>
                     ...
                   </account>
                   <account>
                     <acctID>
                       728815563385977040452943777879061427756277306518
                     </acctID>
                     <balance>
                       0
                     </balance>
                     <storage>
                       ( ( 11 |-> 1 )
                       ( ( 27 |-> 491460923342184218035706888008750043977755113263 )
                       ( ( 28 |-> 263400868551549723330807389252719309078400616203 )
                       ( 7 |-> 1 ) ) ) )
                     </storage>
                     <origStorage>
                       .Map
                     </origStorage>
                     <transientStorage>
                       .Map
                     </transientStorage>
                     <nonce>
                       3
                     </nonce>
                     ...
                   </account> ) ) ) )
                 </accounts>
                 ...
               </network>
             </ethereum>
             ...
           </kevm>
           <stackChecks>
             true
           </stackChecks>
           <cheatcodes>
             <prank>
               <active>
                 false
               </active>
               <singleCall>
                 false
               </singleCall>
               ...
             </prank>
             <expectedRevert>
               <isRevertExpected>
                 false
               </isRevertExpected>
               ...
             </expectedRevert>
             <expectedOpcode>
               <isOpcodeExpected>
                 false
               </isOpcodeExpected>
               ...
             </expectedOpcode>
             <expectEmit>
               <recordEvent>
                 false
               </recordEvent>
               <isEventExpected>
                 false
               </isEventExpected>
               ...
             </expectEmit>
             <whitelist>
               <isCallWhitelistActive>
                 false
               </isCallWhitelistActive>
               <isStorageWhitelistActive>
                 false
               </isStorageWhitelistActive>
               <addressList>
                 .List
               </addressList>
               <storageSlotList>
                 .List
               </storageSlotList>
             </whitelist>
             <mockCalls>
               .MockCallCellMap
             </mockCalls>
             <mockFunctions>
               .MockFunctionCellMap
             </mockFunctions>
           </cheatcodes>
           <KEVMTracing>
             <activeTracing>
               false
             </activeTracing>
             <traceStorage>
               false
             </traceStorage>
             <traceWordStack>
               false
             </traceWordStack>
             <traceMemory>
               false
             </traceMemory>
             <recordedTrace>
               false
             </recordedTrace>
             <traceData>
               .List
             </traceData>
           </KEVMTracing>
         </foundry>
      requires ( 0 <=Int CALLER_ID:Int
       andBool ( 0 <=Int ORIGIN_ID:Int
       andBool ( pow24 <Int NUMBER_CELL:Int
       andBool ( NUMBER_CELL:Int <Int pow32
       andBool ( 1073741824 <Int TIMESTAMP_CELL:Int
       andBool ( TIMESTAMP_CELL:Int <Int 34359738368
       andBool ( CALLER_ID:Int =/=Int 645326474426547203313410069153905908525362434349
       andBool ( ORIGIN_ID:Int =/=Int 645326474426547203313410069153905908525362434349
       andBool ( CALLER_ID:Int <Int pow160
       andBool ( ORIGIN_ID:Int <Int pow160
       andBool ( ( notBool #range ( 0 < CALLER_ID:Int <= 9 ) )
       andBool ( ( notBool #range ( 0 < ORIGIN_ID:Int <= 9 ) )
               ))))))))))))
      [priority(20), label(BASIC-BLOCK-1-TO-8)]

endmodule