requires "foundry.md"

module S2KsrcZModduplicatesZMod2ZModDuplicateName-CONTRACT
    imports public FOUNDRY
    
    

endmodule

module S2KtestZModAccountParamsTest-CONTRACT
    imports public FOUNDRY
    
    

endmodule

module S2KtestZModAddrTest-CONTRACT
    imports public FOUNDRY
    
    

endmodule

module S2KtestZModAllowChangesTest-CONTRACT
    imports public FOUNDRY
    
    

endmodule

module S2KtestZModValueStore-CONTRACT
    imports public FOUNDRY
    
    

endmodule

module S2KtestZModAmbiguousTest-CONTRACT
    imports public FOUNDRY
    
    

endmodule

module S2KtestZModArithmeticTest-CONTRACT
    imports public FOUNDRY
    
    

endmodule

module S2KtestZModArithmeticCallTest-CONTRACT
    imports public FOUNDRY
    
    

endmodule

module S2KsrcZModArithmeticContract-CONTRACT
    imports public FOUNDRY
    
    

endmodule

module S2KtestZModAssumeTest-CONTRACT
    imports public FOUNDRY
    
    

endmodule

module S2KtestZModBMCBoundTest-CONTRACT
    imports public FOUNDRY
    
    

endmodule

module S2KtestZModBMCLoopsTest-CONTRACT
    imports public FOUNDRY
    
    

endmodule

module S2KlibZModforgeZSubstdZModsrcZModCommonBase-CONTRACT
    imports public FOUNDRY
    
    

endmodule

module S2KlibZModforgeZSubstdZModsrcZModScriptBase-CONTRACT
    imports public FOUNDRY
    
    

endmodule

module S2KlibZModforgeZSubstdZModsrcZModTestBase-CONTRACT
    imports public FOUNDRY
    
    

endmodule

module S2KsrcZModcseZModAdd-CONTRACT
    imports public FOUNDRY
    
    

endmodule

module S2KsrcZModcseZModMultiply-CONTRACT
    imports public FOUNDRY
    
    

endmodule

module S2KsrcZModcseZModSub-CONTRACT
    imports public FOUNDRY
    
    

endmodule

module S2KtestZModBlockParamsTest-CONTRACT
    imports public FOUNDRY
    
    

endmodule

module S2KtestZModChainIdTest-CONTRACT
    imports public FOUNDRY
    
    

endmodule

module S2KtestZModCoinBaseTest-CONTRACT
    imports public FOUNDRY
    
    

endmodule

module S2KtestZModFeeTest-CONTRACT
    imports public FOUNDRY
    
    

endmodule

module S2KtestZModRollTest-CONTRACT
    imports public FOUNDRY
    
    

endmodule

module S2KtestZModWarpTest-CONTRACT
    imports public FOUNDRY
    
    

endmodule

module S2KsrcZModBranches-CONTRACT
    imports public FOUNDRY
    
    

endmodule

module S2KtestZModBroadcastTest-CONTRACT
    imports public FOUNDRY
    
    

endmodule

module S2KtestZModCSETest-CONTRACT
    imports public FOUNDRY
    
    

endmodule

module S2KtestZModStaticCallContract-CONTRACT
    imports public FOUNDRY
    
    

endmodule

module S2KtestZModCallableStorageContract-CONTRACT
    imports public FOUNDRY
    
    

endmodule

module S2KtestZModCallableStorageTest-CONTRACT
    imports public FOUNDRY
    
    

endmodule

module S2KtestZModConstructorArgsTest-CONTRACT
    imports public FOUNDRY
    
    

endmodule

module S2KtestZModConstructorTest-CONTRACT
    imports public FOUNDRY
    
    

endmodule

module S2KtestZModImportedContract-CONTRACT
    imports public FOUNDRY
    
    

endmodule

module S2KtestZModContractTest-CONTRACT
    imports public FOUNDRY
    
    

endmodule

module S2KtestZModContractBTest-CONTRACT
    imports public FOUNDRY
    
    

endmodule

module S2KtestZModContractFieldTest-CONTRACT
    imports public FOUNDRY
    
    

endmodule

module S2KtestZModTEscrow-CONTRACT
    imports public FOUNDRY
    
    

endmodule

module S2KtestZModTGovernance-CONTRACT
    imports public FOUNDRY
    
    

endmodule

module S2KtestZModTToken-CONTRACT
    imports public FOUNDRY
    
    

endmodule

module S2KsrcZModCounter-CONTRACT
    imports public FOUNDRY
    
    

endmodule

module S2KsrcZModRecordedCounter-CONTRACT
    imports public FOUNDRY
    
    

endmodule

module S2KtestZModCopyStorageContract-CONTRACT
    imports public FOUNDRY
    
    

endmodule

module S2KtestZModCopyStorageTest-CONTRACT
    imports public FOUNDRY
    
    

endmodule

module S2KtestZModCounter-CONTRACT
    imports public FOUNDRY
    
    

endmodule

module S2KtestZModCounterTest-CONTRACT
    imports public FOUNDRY
    
    

endmodule

module S2KsrcZModduplicatesZMod1ZModDuplicateName-CONTRACT
    imports public FOUNDRY
    
    

endmodule

module S2KtestZModArrayStructContract-CONTRACT
    imports public FOUNDRY
    
    

endmodule

module S2KtestZModDynamicTypesTest-CONTRACT
    imports public FOUNDRY
    
    

endmodule

module S2KsrcZModExpectEmit-CONTRACT
    imports public FOUNDRY
    
    

endmodule

module S2KtestZModEmitContractTest-CONTRACT
    imports public FOUNDRY
    
    

endmodule

module S2KtestZModEnum-CONTRACT
    imports public FOUNDRY
    
    

endmodule

module S2KtestZModEnumContract-CONTRACT
    imports public FOUNDRY
    
    

endmodule

module S2KtestZModEnvTest-CONTRACT
    imports public FOUNDRY
    
    

endmodule

module S2KtestZModDummy-CONTRACT
    imports public FOUNDRY
    
    

endmodule

module S2KtestZModExpectCallTest-CONTRACT
    imports public FOUNDRY
    
    

endmodule

module S2KtestZModDepthReverter-CONTRACT
    imports public FOUNDRY
    
    

endmodule

module S2KtestZModExpectRevertTest-CONTRACT
    imports public FOUNDRY
    
    

endmodule

module S2KtestZModReverter-CONTRACT
    imports public FOUNDRY
    
    

endmodule

module S2KtestZModReverterWithReturn-CONTRACT
    imports public FOUNDRY
    
    

endmodule

module S2KtestZModExternalLibTest-CONTRACT
    imports public FOUNDRY
    
    

endmodule

module S2KtestZModSimpleMath-CONTRACT
    imports public FOUNDRY
    
    

endmodule

module S2KtestZModExternalNestedLibraryTest-CONTRACT
    imports public FOUNDRY
    
    

endmodule

module S2KtestZModLibraryEq-CONTRACT
    imports public FOUNDRY
    
    

endmodule

module S2KtestZModLibrarySum-CONTRACT
    imports public FOUNDRY
    
    

endmodule

module S2KtestZModFfiTest-CONTRACT
    imports public FOUNDRY
    
    

endmodule

module S2KtestZModFilesTest-CONTRACT
    imports public FOUNDRY
    
    

endmodule

module S2KtestZModForkTest-CONTRACT
    imports public FOUNDRY
    
    

endmodule

module S2KtestZModFreshBytesTest-CONTRACT
    imports public FOUNDRY
    
    

endmodule

module S2KtestZModFreshCheatcodes-CONTRACT
    imports public FOUNDRY
    
    

endmodule

module S2KtestZModGasTest-CONTRACT
    imports public FOUNDRY
    
    

endmodule

module S2KtestZModGetCodeTest-CONTRACT
    imports public FOUNDRY
    
    

endmodule

module S2KtestZModHevmTests-CONTRACT
    imports public FOUNDRY
    
    

endmodule

module S2KlibZModkontrolZSubcheatcodesZModsrcZModKontrolCheatsBase-CONTRACT
    imports public FOUNDRY
    
    

endmodule

module S2KlibZModforgeZSubstdZModsrcZModinterfacesZModIMulticall3-CONTRACT
    imports public FOUNDRY
    
    

endmodule

module S2KtestZModImmutableVarsContract-CONTRACT
    imports public FOUNDRY
    
    

endmodule

module S2KtestZModImmutableVarsTest-CONTRACT
    imports public FOUNDRY
    
    

endmodule

module S2KtestZModInitCodeTest-CONTRACT
    imports public FOUNDRY
    
    

endmodule

module S2KtestZModInitCodeBranchTest-CONTRACT
    imports public FOUNDRY
    
    

endmodule

module S2KtestZModERC20-CONTRACT
    imports public FOUNDRY
    
    

endmodule

module S2KtestZModIERC20-CONTRACT
    imports public FOUNDRY
    
    

endmodule

module S2KtestZModInterfaceContract-CONTRACT
    imports public FOUNDRY
    
    

endmodule

module S2KtestZModInterfaceTagTest-CONTRACT
    imports public FOUNDRY
    
    

endmodule

module S2KlibZModkontrolZSubcheatcodesZModsrcZModKontrolCheats-CONTRACT
    imports public FOUNDRY
    
    

endmodule

module S2KtestZModLabelTest-CONTRACT
    imports public FOUNDRY
    
    

endmodule

module S2KsrcZModLoadStateDiff-CONTRACT
    imports public FOUNDRY
    
    

endmodule

module S2KsrcZModLoadStateDiffCode-CONTRACT
    imports public FOUNDRY
    
    

endmodule

module S2KsrcZModLoadStateDump-CONTRACT
    imports public FOUNDRY
    
    

endmodule

module S2KsrcZModLoadStateDumpCode-CONTRACT
    imports public FOUNDRY
    
    

endmodule

module S2KtestZModLoopsTest-CONTRACT
    imports public FOUNDRY
    
    

endmodule

module S2KtestZModMergeTest-CONTRACT
    imports public FOUNDRY
    
    

endmodule

module S2KtestZModMergeKCFGTest-CONTRACT
    imports public FOUNDRY
    
    

endmodule

module S2KtestZModMethodDisambiguateTest-CONTRACT
    imports public FOUNDRY
    
    

endmodule

module S2KsrcZModMock-CONTRACT
    imports public FOUNDRY
    
    

endmodule

module S2KsrcZModNestedMock-CONTRACT
    imports public FOUNDRY
    
    

endmodule

module S2KtestZModMockCallRevertTest-CONTRACT
    imports public FOUNDRY
    
    

endmodule

module S2KtestZModMockCallTest-CONTRACT
    imports public FOUNDRY
    
    

endmodule

module S2KtestZModMockCallTestFoundry-CONTRACT
    imports public FOUNDRY
    
    

endmodule

module S2KtestZModMockFunctionContract-CONTRACT
    imports public FOUNDRY
    
    

endmodule

module S2KtestZModMockFunctionTest-CONTRACT
    imports public FOUNDRY
    
    

endmodule

module S2KtestZModModelMockFunctionContract-CONTRACT
    imports public FOUNDRY
    
    

endmodule

module S2KsrcZModMyIERC20-CONTRACT
    imports public FOUNDRY
    
    

endmodule

module S2KsrcZModMyToken-CONTRACT
    imports public FOUNDRY
    
    

endmodule

module S2KtestZModNestedStructArrayTest-CONTRACT
    imports public FOUNDRY
    
    

endmodule

module S2KtestZModProjectConfig-CONTRACT
    imports public FOUNDRY
    
    

endmodule

module S2KtestZModNestedStructsTest-CONTRACT
    imports public FOUNDRY
    
    

endmodule

module S2KtestZModNoImport-CONTRACT
    imports public FOUNDRY
    
    

endmodule

module S2KsrcZModcseZModUIntBinaryOp-CONTRACT
    imports public FOUNDRY
    
    

endmodule

module S2KsrcZModcseZModUIntUnaryOp-CONTRACT
    imports public FOUNDRY
    
    

endmodule

module S2KsrcZModOwnerUpOnly-CONTRACT
    imports public FOUNDRY
    
    

endmodule

module S2KtestZModOwnerUpOnlyTest-CONTRACT
    imports public FOUNDRY
    
    

endmodule

module S2KtestZModAdditionalToken-CONTRACT
    imports public FOUNDRY
    
    

endmodule

module S2KtestZModMyErc20-CONTRACT
    imports public FOUNDRY
    
    

endmodule

module S2KtestZModPlainPrankTest-CONTRACT
    imports public FOUNDRY
    
    

endmodule

module S2KsrcZModPortal-CONTRACT
    imports public FOUNDRY
    
    

endmodule

module S2KsrcZModTypes-CONTRACT
    imports public FOUNDRY
    
    

endmodule

module S2KtestZModPortalTest-CONTRACT
    imports public FOUNDRY
    
    

endmodule

module S2KsrcZModPrank-CONTRACT
    imports public FOUNDRY
    
    

endmodule

module S2KtestZModPrankTest-CONTRACT
    imports public FOUNDRY
    
    

endmodule

module S2KtestZModPrankTestMsgSender-CONTRACT
    imports public FOUNDRY
    
    

endmodule

module S2KtestZModPrankTestOrigin-CONTRACT
    imports public FOUNDRY
    
    

endmodule

module S2KtestZModStartPrankTestMsgSender-CONTRACT
    imports public FOUNDRY
    
    

endmodule

module S2KtestZModStartPrankTestOrigin-CONTRACT
    imports public FOUNDRY
    
    

endmodule

module S2KtestZModPreconditionsTest-CONTRACT
    imports public FOUNDRY
    
    

endmodule

module S2KtestZModRecordLogsTest-CONTRACT
    imports public FOUNDRY
    
    

endmodule

module S2KsrcZModSafe-CONTRACT
    imports public FOUNDRY
    
    

endmodule

module S2KtestZModSafeTest-CONTRACT
    imports public FOUNDRY
    
    

endmodule

module S2KtestZModSetup2Test-CONTRACT
    imports public FOUNDRY
    
    

endmodule

module S2KtestZModSetUpDeployTest-CONTRACT
    imports public FOUNDRY
    
    

endmodule

module S2KtestZModSetUpTest-CONTRACT
    imports public FOUNDRY
    
    

endmodule

module S2KtestZModSignTest-CONTRACT
    imports public FOUNDRY
    
    

endmodule

module S2KtestZModAssertTest-CONTRACT
    imports public FOUNDRY
    
    

endmodule

module S2KtestZModnestedZModAssertNestedTest-CONTRACT
    imports public FOUNDRY
    
    

endmodule

module S2KtestZModSnapshotTest-CONTRACT
    imports public FOUNDRY
    
    

endmodule

module S2KlibZModforgeZSubstdZModsrcZModStdAssertions-CONTRACT
    imports public FOUNDRY
    
    

endmodule

module S2KlibZModforgeZSubstdZModsrcZModStdChains-CONTRACT
    imports public FOUNDRY
    
    

endmodule

module S2KlibZModforgeZSubstdZModsrcZModStdCheats-CONTRACT
    imports public FOUNDRY
    
    

endmodule

module S2KlibZModforgeZSubstdZModsrcZModStdCheatsSafe-CONTRACT
    imports public FOUNDRY
    
    

endmodule

module S2KlibZModforgeZSubstdZModsrcZModstdError-CONTRACT
    imports public FOUNDRY
    
    

endmodule

module S2KlibZModforgeZSubstdZModsrcZModStdInvariant-CONTRACT
    imports public FOUNDRY
    
    

endmodule

module S2KlibZModforgeZSubstdZModsrcZModstdJson-CONTRACT
    imports public FOUNDRY
    
    

endmodule

module S2KlibZModforgeZSubstdZModsrcZModstdMath-CONTRACT
    imports public FOUNDRY
    
    

endmodule

module S2KlibZModforgeZSubstdZModsrcZModstdStorage-CONTRACT
    imports public FOUNDRY
    
    

endmodule

module S2KlibZModforgeZSubstdZModsrcZModstdStorageSafe-CONTRACT
    imports public FOUNDRY
    
    

endmodule

module S2KlibZModforgeZSubstdZModsrcZModStdStyle-CONTRACT
    imports public FOUNDRY
    
    

endmodule

module S2KlibZModforgeZSubstdZModsrcZModStdUtils-CONTRACT
    imports public FOUNDRY
    
    

endmodule

module S2KtestZModStore-CONTRACT
    imports public FOUNDRY
    
    

endmodule

module S2KtestZModStoreTest-CONTRACT
    imports public FOUNDRY
    
    

endmodule

module S2KtestZModSymbolicStorageTest-CONTRACT
    imports public FOUNDRY
    
    

endmodule

module S2KtestZModSymbolicStore-CONTRACT
    imports public FOUNDRY
    
    

endmodule

module S2KlibZModforgeZSubstdZModsrcZModTest-CONTRACT
    imports public FOUNDRY
    
    

endmodule

module S2KsrcZModTestNumber-CONTRACT
    imports public FOUNDRY
    
    

endmodule

module S2KtestZModToStringTest-CONTRACT
    imports public FOUNDRY
    
    

endmodule

module S2KsrcZModToken-CONTRACT
    imports public FOUNDRY
    
    

endmodule

module S2KtestZModBytesTypeTest-CONTRACT
    imports public FOUNDRY
    
    

endmodule

module S2KtestZModIntTypeTest-CONTRACT
    imports public FOUNDRY
    
    

endmodule

module S2KtestZModStructTypeTest-CONTRACT
    imports public FOUNDRY
    
    

endmodule

module S2KtestZModUintTypeTest-CONTRACT
    imports public FOUNDRY
    
    

endmodule

module S2KsrcZModcseZModAddConst-CONTRACT
    imports public FOUNDRY
    
    

endmodule

module S2KsrcZModcseZModIdentity-CONTRACT
    imports public FOUNDRY
    
    

endmodule

module S2KsrcZModcseZModIterate-CONTRACT
    imports public FOUNDRY
    
    

endmodule

module S2KlibZModforgeZSubstdZModsrcZModVm-CONTRACT
    imports public FOUNDRY
    
    

endmodule

module S2KlibZModforgeZSubstdZModsrcZModVmSafe-CONTRACT
    imports public FOUNDRY
    
    

endmodule

module S2KsrcZModcseZModWETH9-CONTRACT
    imports public FOUNDRY
    
    

endmodule

module S2KlibZModforgeZSubstdZModsrcZModconsole-CONTRACT
    imports public FOUNDRY
    
    

endmodule

module S2KlibZModforgeZSubstdZModsrcZModconsole2-CONTRACT
    imports public FOUNDRY
    
    

endmodule

module S2KlibZModforgeZSubstdZModsrcZModsafeconsole-CONTRACT
    imports public FOUNDRY
    
    

endmodule

module S2KlibZModforgeZSubstdZModlibZModdsZSubtestZModsrcZModDSTest-CONTRACT
    imports public FOUNDRY
    
    

endmodule
