
┌─ 1 (root, init)
│   k: #execute ~> CONTINUATION:K
│   pc: 0
│   callDepth: 0
│   statusCode: STATUSCODE:StatusCode
│   src: test/CSE.t.sol:9:34
│
│  (384 steps)
├─ 3
│   k: #halt ~> #codeDeposit 491460923342184218035706888008750043977755113263 ~> #pc [  ...
│   pc: 30
│   callDepth: 1
│   statusCode: EVMC_SUCCESS
│   src: test/CSE.t.sol:9:34
│
│  (333 steps)
├─ 4
│   k: #halt ~> #codeDeposit 263400868551549723330807389252719309078400616203 ~> #pc [  ...
│   pc: 29
│   callDepth: 1
│   statusCode: EVMC_SUCCESS
│   src: test/CSE.t.sol:9:34
│
│  (333 steps)
├─ 5
│   k: #halt ~> #codeDeposit 1405310203571408291950365054053061012934685786634 ~> #pc [ ...
│   pc: 30
│   callDepth: 1
│   statusCode: EVMC_SUCCESS
│   src: test/CSE.t.sol:9:34
│
│  (165 steps)
├─ 6 (terminal)
│   k: #halt ~> CONTINUATION:K
│   pc: 248
│   callDepth: 0
│   statusCode: EVMC_SUCCESS
│   src: lib/forge-std/lib/ds-test/src/test.sol:37:38
│
│  (1 step)
├─ 7
│   k: #execute ~> CONTINUATION:K
│   pc: 0
│   callDepth: 0
│   statusCode: STATUSCODE:StatusCode
│   src: test/CSE.t.sol:9:34
│
│  (391 steps)
├─ 9 (split)
│   k: JUMPI 726 bool2Word ( pow64 <=Int VV0_x_114b9705:Int ) ~> #pc [ JUMPI ] ~> #exec ...
│   pc: 717
│   callDepth: 0
│   statusCode: STATUSCODE:StatusCode
┃
┃ (branch)
┣━━┓ constraint: { true #Equals pow64 <=Int VV0_x_114b9705:Int }
┃  │
┃  ├─ 10
┃  │   k: JUMPI 726 bool2Word ( pow64 <=Int VV0_x_114b9705:Int ) ~> #pc [ JUMPI ] ~> #exec ...
┃  │   pc: 717
┃  │   callDepth: 0
┃  │   statusCode: STATUSCODE:StatusCode
┃  │
┃  │  (193 steps)
┃  └─ 12 (vacuous, leaf)
┃      k: #assume ( VV0_x_114b9705:Int <Int pow64 ) ~> #return_foundry 128 0 ~> #pc [ STAT ...
┃      pc: 785
┃      callDepth: 0
┃      statusCode: STATUSCODE:StatusCode
┃      src: lib/forge-std/src/StdInvariant.sol:104:105
┃
┗━━┓ constraint: { true #Equals ( notBool pow64 <=Int VV0_x_114b9705:Int ) }
   │
   ├─ 11
   │   k: JUMPI 726 bool2Word ( pow64 <=Int VV0_x_114b9705:Int ) ~> #pc [ JUMPI ] ~> #exec ...
   │   pc: 717
   │   callDepth: 0
   │   statusCode: STATUSCODE:StatusCode
   │
   │  (782 steps)
   ├─ 13
   │   k: #halt ~> #return 128 0 ~> #pc [ CALL ] ~> #execute ~> CONTINUATION:K
   │   pc: 105
   │   callDepth: 1
   │   statusCode: EVMC_SUCCESS
   │   src: test/CSE.t.sol:9:34
   │
   │  (546 steps)
   ├─ 14
   │   k: JUMPI 180 bool2Word ( VV1_y_114b9705:Int <=Int ( maxUInt256 -Int VV0_x_114b9705: ...
   │   pc: 158
   │   callDepth: 1
   │   statusCode: EVMC_SUCCESS
   │   src: lib/forge-std/src/StdInvariant.sol:79:82
   │
   │  (122 steps)
   ├─ 15
   │   k: #halt ~> #return 128 32 ~> #pc [ STATICCALL ] ~> #execute ~> CONTINUATION:K
   │   pc: 87
   │   callDepth: 1
   │   statusCode: EVMC_SUCCESS
   │   src: test/CSE.t.sol:9:34
   │
   │  (416 steps)
   ├─ 16 (terminal)
   │   k: #halt ~> CONTINUATION:K
   │   pc: 248
   │   callDepth: 0
   │   statusCode: EVMC_SUCCESS
   │   src: lib/forge-std/lib/ds-test/src/test.sol:37:38
   │
   ┊  constraint: true
   ┊  subst: OMITTED SUBST
   └─ 8 (leaf, target, terminal)
       k: #halt ~> CONTINUATION:K
       pc: PC_CELL_5d410f2a:Int
       callDepth: CALLDEPTH_CELL_5d410f2a:Int
       statusCode: STATUSCODE_FINAL:StatusCode




