
┌─ 1 (root, init)
│   k: #execute ~> CONTINUATION:K
│   pc: 0
│   callDepth: 0
│   statusCode: STATUSCODE:StatusCode
│   method: test%CSETest.setUp()
│
│  (1550 steps)
├─ 9 (split)
│   k: JUMPI 678 bool2Word ( pow64 <=Int VV0_x_114b9705:Int ) ~> #pc [ JUMPI ] ~> #exec ...
│   pc: 669
│   callDepth: 0
│   statusCode: STATUSCODE:StatusCode
│   method: test%CSETest.test_add_const(uint256,uint256)
┃
┃ (branch)
┣━━┓ constraint: pow64 <=Int VV0_x_114b9705:Int
┃  │
┃  ├─ 10
┃  │   k: JUMPI 678 bool2Word ( pow64 <=Int VV0_x_114b9705:Int ) ~> #pc [ JUMPI ] ~> #exec ...
┃  │   pc: 669
┃  │   callDepth: 0
┃  │   statusCode: STATUSCODE:StatusCode
┃  │   method: test%CSETest.test_add_const(uint256,uint256)
┃  │
┃  │  (193 steps)
┃  └─ 12 (vacuous, leaf)
┃      k: #assume ( VV0_x_114b9705:Int <Int pow64 ) ~> #cheatcode_return 128 0 ~> #pc [ ST ...
┃      pc: 737
┃      callDepth: 0
┃      statusCode: STATUSCODE:StatusCode
┃      method: test%CSETest.test_add_const(uint256,uint256)
┃
┗━━┓ constraint: VV0_x_114b9705:Int <Int pow64
   │
   ├─ 11
   │   k: JUMPI 678 bool2Word ( pow64 <=Int VV0_x_114b9705:Int ) ~> #pc [ JUMPI ] ~> #exec ...
   │   pc: 669
   │   callDepth: 0
   │   statusCode: STATUSCODE:StatusCode
   │   method: test%CSETest.test_add_const(uint256,uint256)
   │
   │  (1123 steps)
   ├─ 13 (terminal)
   │   k: #halt ~> CONTINUATION:K
   │   pc: 221
   │   callDepth: 0
   │   statusCode: EVMC_SUCCESS
   │   method: test%CSETest.test_add_const(uint256,uint256)
   │
   ┊  constraint: true
   ┊  subst: OMITTED SUBST
   └─ 8 (leaf, target, terminal)
       k: #halt ~> CONTINUATION:K
       pc: PC_CELL_5d410f2a:Int
       callDepth: CALLDEPTH_CELL_5d410f2a:Int
       statusCode: STATUSCODE_FINAL:StatusCode




module SUMMARY-TEST%CSETEST.TEST-ADD-CONST(UINT256,UINT256):0
    
    
    rule [BASIC-BLOCK-10-TO-12]: <foundry>
           <kevm>
             <k>
               ( JUMPI 678 bool2Word ( pow64 <=Int VV0_x_114b9705:Int )
               ~> #pc [ JUMPI ] => #assume ( VV0_x_114b9705:Int <Int pow64 )
               ~> #cheatcode_return 128 0
               ~> #pc [ STATICCALL ] )
               ~> #execute
               ~> _CONTINUATION
             </k>
             <mode>
               NORMAL
             </mode>
             <schedule>
               SHANGHAI
             </schedule>
             <useGas>
               false
             </useGas>
             <ethereum>
               <evm>
                 <output>
                   b""
                 </output>
                 <callStack>
                   .List
                 </callStack>
                 <interimStates>
                   .List
                 </interimStates>
                 <touchedAccounts>
                   .Set
                 </touchedAccounts>
                 <callState>
                   <id>
                     728815563385977040452943777879061427756277306518
                   </id>
                   <caller>
                     CALLER_ID:Int
                   </caller>
                   <callData>
                     b"\x0f\xee)\xd1" +Bytes #buf ( 32 , VV0_x_114b9705:Int ) +Bytes #buf ( 32 , VV1_y_114b9705:Int )
                   </callData>
                   <callValue>
                     0
                   </callValue>
                   <wordStack>
                     ( ( bool2Word ( VV0_x_114b9705:Int <Int pow64 ) => 164 ) : ( selector ( "assume(bool)" ) : ( 645326474426547203313410069153905908525362434349 : ( VV1_y_114b9705:Int : ( VV0_x_114b9705:Int : ( 220 : ( selector ( "test_add_const(uint256,uint256)" ) : .WordStack ) ) ) ) ) ) )
                   </wordStack>
                   <localMem>
                     ( b"\x00\x00\x00\x00\x00\x00\x00\x00\x00\x00\x00\x00\x00\x00\x00\x00\x00\x00\x00\x00\x00\x00\x00\x00\x00\x00\x00\x00\x00\x00\x00\x00\x00\x00\x00\x00\x00\x00\x00\x00\x00\x00\x00\x00\x00\x00\x00\x00\x00\x00\x00\x00\x00\x00\x00\x00\x00\x00\x00\x00\x00\x00\x00\x00\x00\x00\x00\x00\x00\x00\x00\x00\x00\x00\x00\x00\x00\x00\x00\x00\x00\x00\x00\x00\x00\x00\x00\x00\x00\x00\x00\x00\x00\x00\x00\x80" => b"\x00\x00\x00\x00\x00\x00\x00\x00\x00\x00\x00\x00\x00\x00\x00\x00\x00\x00\x00\x00\x00\x00\x00\x00\x00\x00\x00\x00\x00\x00\x00\x00\x00\x00\x00\x00\x00\x00\x00\x00\x00\x00\x00\x00\x00\x00\x00\x00\x00\x00\x00\x00\x00\x00\x00\x00\x00\x00\x00\x00\x00\x00\x00\x00\x00\x00\x00\x00\x00\x00\x00\x00\x00\x00\x00\x00\x00\x00\x00\x00\x00\x00\x00\x00\x00\x00\x00\x00\x00\x00\x00\x00\x00\x00\x00\x80\x00\x00\x00\x00\x00\x00\x00\x00\x00\x00\x00\x00\x00\x00\x00\x00\x00\x00\x00\x00\x00\x00\x00\x00\x00\x00\x00\x00\x00\x00\x00\x00Lc\xe5b" +Bytes #buf ( 32 , bool2Word ( VV0_x_114b9705:Int <Int pow64 ) ) )
                   </localMem>
                   <memoryUsed>
                     0
                   </memoryUsed>
                   <callGas>
                     0
                   </callGas>
                   <static>
                     false
                   </static>
                   <callDepth>
                     0
                   </callDepth>
                   ...
                 </callState>
                 <substate>
                   <log>
                     .List
                   </log>
                   <refund>
                     0
                   </refund>
                   <accessedAccounts>
                     ( .Set => SetItem ( 645326474426547203313410069153905908525362434349 ) )
                   </accessedAccounts>
                   <accessedStorage>
                     .Map
                   </accessedStorage>
                   ...
                 </substate>
                 <origin>
                   ORIGIN_ID:Int
                 </origin>
                 <block>
                   <number>
                     NUMBER_CELL:Int
                   </number>
                   <timestamp>
                     TIMESTAMP_CELL:Int
                   </timestamp>
                   ...
                 </block>
                 ...
               </evm>
               <network>
                 <accounts>
                   ( <account>
                     <acctID>
                       1405310203571408291950365054053061012934685786634
                     </acctID>
                     <balance>
                       0
                     </balance>
                     <storage>
                       .Map
                     </storage>
                     <origStorage>
                       .Map
                     </origStorage>
                     <transientStorage>
                       .Map
                     </transientStorage>
                     <nonce>
                       1
                     </nonce>
                     ...
                   </account>
                   ( <account>
                     <acctID>
                       263400868551549723330807389252719309078400616203
                     </acctID>
                     <balance>
                       0
                     </balance>
                     <storage>
                       .Map
                     </storage>
                     <origStorage>
                       .Map
                     </origStorage>
                     <transientStorage>
                       .Map
                     </transientStorage>
                     <nonce>
                       1
                     </nonce>
                     ...
                   </account>
                   ( <account>
                     <acctID>
                       491460923342184218035706888008750043977755113263
                     </acctID>
                     <balance>
                       0
                     </balance>
                     <storage>
                       .Map
                     </storage>
                     <origStorage>
                       .Map
                     </origStorage>
                     <transientStorage>
                       .Map
                     </transientStorage>
                     <nonce>
                       1
                     </nonce>
                     ...
                   </account>
                   ( <account>
                     <acctID>
                       645326474426547203313410069153905908525362434349
                     </acctID>
                     <balance>
                       0
                     </balance>
                     <storage>
                       .Map
                     </storage>
                     <origStorage>
                       .Map
                     </origStorage>
                     <transientStorage>
                       .Map
                     </transientStorage>
                     <nonce>
                       0
                     </nonce>
                     ...
                   </account>
                   <account>
                     <acctID>
                       728815563385977040452943777879061427756277306518
                     </acctID>
                     <balance>
                       0
                     </balance>
                     <storage>
                       ( ( 11 |-> 1 )
                       ( ( 27 |-> 491460923342184218035706888008750043977755113263 )
                       ( ( 28 |-> 263400868551549723330807389252719309078400616203 )
                       ( ( 29 |-> 1405310203571408291950365054053061012934685786634 )
                       ( 7 |-> 1 ) ) ) ) )
                     </storage>
                     <origStorage>
                       .Map
                     </origStorage>
                     <transientStorage>
                       .Map
                     </transientStorage>
                     <nonce>
                       4
                     </nonce>
                     ...
                   </account> ) ) ) )
                 </accounts>
                 ...
               </network>
             </ethereum>
             ...
           </kevm>
           <cheatcodes>
             <prank>
               <active>
                 false
               </active>
               <singleCall>
                 false
               </singleCall>
               ...
             </prank>
             <expectedRevert>
               <isRevertExpected>
                 false
               </isRevertExpected>
               ...
             </expectedRevert>
             <expectedOpcode>
               <isOpcodeExpected>
                 false
               </isOpcodeExpected>
               ...
             </expectedOpcode>
             <expectEmit>
               <recordEvent>
                 false
               </recordEvent>
               <isEventExpected>
                 false
               </isEventExpected>
               ...
             </expectEmit>
             <whitelist>
               <isCallWhitelistActive>
                 false
               </isCallWhitelistActive>
               <isStorageWhitelistActive>
                 false
               </isStorageWhitelistActive>
               <addressList>
                 .List
               </addressList>
               <storageSlotList>
                 .List
               </storageSlotList>
             </whitelist>
             <mockCalls>
               .MockCallCellMap
             </mockCalls>
             <mockFunctions>
               .MockFunctionCellMap
             </mockFunctions>
           </cheatcodes>
           <KEVMTracing>
             <activeTracing>
               false
             </activeTracing>
             <traceStorage>
               false
             </traceStorage>
             <traceWordStack>
               false
             </traceWordStack>
             <traceMemory>
               false
             </traceMemory>
             <recordedTrace>
               false
             </recordedTrace>
             <traceData>
               .List
             </traceData>
           </KEVMTracing>
         </foundry>
      requires ( 0 <=Int CALLER_ID:Int
       andBool ( 0 <=Int ORIGIN_ID:Int
       andBool ( 0 <=Int NUMBER_CELL:Int
       andBool ( 0 <=Int TIMESTAMP_CELL:Int
       andBool ( 0 <=Int VV0_x_114b9705:Int
       andBool ( 0 <=Int VV1_y_114b9705:Int
       andBool ( pow64 <=Int VV0_x_114b9705:Int
       andBool ( CALLER_ID:Int <Int pow160
       andBool ( ORIGIN_ID:Int <Int pow160
       andBool ( NUMBER_CELL:Int <=Int maxSInt256
       andBool ( TIMESTAMP_CELL:Int <Int pow256
       andBool ( VV0_x_114b9705:Int <Int pow256
       andBool ( VV1_y_114b9705:Int <Int pow256
       andBool ( CALLER_ID:Int =/=Int 645326474426547203313410069153905908525362434349
       andBool ( ORIGIN_ID:Int =/=Int 645326474426547203313410069153905908525362434349
       andBool ( ( notBool #range ( 0 < CALLER_ID:Int <= 9 ) )
       andBool ( ( notBool #range ( 0 < ORIGIN_ID:Int <= 9 ) )
               )))))))))))))))))
      [priority(20), label(BASIC-BLOCK-10-TO-12)]
    
    rule [BASIC-BLOCK-11-TO-13]: <foundry>
           <kevm>
             <k>
               ( JUMPI 678 bool2Word ( pow64 <=Int VV0_x_114b9705:Int )
               ~> #pc [ JUMPI ]
               ~> #execute => #halt ~> .K )
               ~> _CONTINUATION
             </k>
             <mode>
               NORMAL
             </mode>
             <schedule>
               SHANGHAI
             </schedule>
             <useGas>
               false
             </useGas>
             <ethereum>
               <evm>
                 <output>
                   b""
                 </output>
                 <statusCode>
                   ( _STATUSCODE => EVMC_SUCCESS )
                 </statusCode>
                 <callStack>
                   .List
                 </callStack>
                 <interimStates>
                   .List
                 </interimStates>
                 <touchedAccounts>
                   ( .Set => ( SetItem ( 263400868551549723330807389252719309078400616203 ) SetItem ( 728815563385977040452943777879061427756277306518 ) ) )
                 </touchedAccounts>
                 <callState>
                   <id>
                     728815563385977040452943777879061427756277306518
                   </id>
                   <caller>
                     CALLER_ID:Int
                   </caller>
                   <callData>
                     b"\x0f\xee)\xd1" +Bytes #buf ( 32 , VV0_x_114b9705:Int ) +Bytes #buf ( 32 , VV1_y_114b9705:Int )
                   </callData>
                   <callValue>
                     0
                   </callValue>
                   <wordStack>
                     ( ( bool2Word ( VV0_x_114b9705:Int <Int pow64 ) => selector ( "test_add_const(uint256,uint256)" ) ) : ( ( selector ( "assume(bool)" ) : ( 645326474426547203313410069153905908525362434349 : ( VV1_y_114b9705:Int : ( VV0_x_114b9705:Int : ( 220 : ( selector ( "test_add_const(uint256,uint256)" ) : .WordStack ) ) ) ) ) ) => .WordStack ) )
                   </wordStack>
                   <localMem>
                     ( b"\x00\x00\x00\x00\x00\x00\x00\x00\x00\x00\x00\x00\x00\x00\x00\x00\x00\x00\x00\x00\x00\x00\x00\x00\x00\x00\x00\x00\x00\x00\x00\x00\x00\x00\x00\x00\x00\x00\x00\x00\x00\x00\x00\x00\x00\x00\x00\x00\x00\x00\x00\x00\x00\x00\x00\x00\x00\x00\x00\x00\x00\x00\x00\x00\x00\x00\x00\x00\x00\x00\x00\x00\x00\x00\x00\x00\x00\x00\x00\x00\x00\x00\x00\x00\x00\x00\x00\x00\x00\x00\x00\x00\x00\x00\x00\x80" => b"\x00\x00\x00\x00\x00\x00\x00\x00\x00\x00\x00\x00\x00\x00\x00\x00\x00\x00\x00\x00\x00\x00\x00\x00\x00\x00\x00\x00\x00\x00\x00\x00\x00\x00\x00\x00\x00\x00\x00\x00\x00\x00\x00\x00\x00\x00\x00\x00\x00\x00\x00\x00\x00\x00\x00\x00\x00\x00\x00\x00\x00\x00\x00\x00\x00\x00\x00\x00\x00\x00\x00\x00\x00\x00\x00\x00\x00\x00\x00\x00\x00\x00\x00\x00\x00\x00\x00\x00\x00\x00\x00\x00\x00\x00\x00\xa0\x00\x00\x00\x00\x00\x00\x00\x00\x00\x00\x00\x00\x00\x00\x00\x00\x00\x00\x00\x00\x00\x00\x00\x00\x00\x00\x00\x00\x00\x00\x00\x00" +Bytes #buf ( 32 , ( VV1_y_114b9705:Int +Int VV0_x_114b9705:Int ) ) +Bytes #range ( #buf ( 32 , VV1_y_114b9705:Int ) , 28 , 4 ) )
                   </localMem>
                   <memoryUsed>
                     0
                   </memoryUsed>
                   <callGas>
                     0
                   </callGas>
                   <static>
                     false
                   </static>
                   <callDepth>
                     0
                   </callDepth>
                   ...
                 </callState>
                 <substate>
                   <log>
                     .List
                   </log>
                   <refund>
                     0
                   </refund>
                   <accessedAccounts>
                     ( .Set => ( SetItem ( 263400868551549723330807389252719309078400616203 ) ( SetItem ( 645326474426547203313410069153905908525362434349 ) SetItem ( 728815563385977040452943777879061427756277306518 ) ) ) )
                   </accessedAccounts>
                   <accessedStorage>
                     .Map
                   </accessedStorage>
                   ...
                 </substate>
                 <origin>
                   ORIGIN_ID:Int
                 </origin>
                 <block>
                   <number>
                     NUMBER_CELL:Int
                   </number>
                   <timestamp>
                     TIMESTAMP_CELL:Int
                   </timestamp>
                   ...
                 </block>
                 ...
               </evm>
               <network>
                 <accounts>
                   ( <account>
                     <acctID>
                       1405310203571408291950365054053061012934685786634
                     </acctID>
                     <balance>
                       0
                     </balance>
                     <storage>
                       .Map
                     </storage>
                     <origStorage>
                       .Map
                     </origStorage>
                     <transientStorage>
                       .Map
                     </transientStorage>
                     <nonce>
                       1
                     </nonce>
                     ...
                   </account>
                   ( <account>
                     <acctID>
                       263400868551549723330807389252719309078400616203
                     </acctID>
                     <balance>
                       0
                     </balance>
                     <storage>
                       ( .Map => ( 0 |-> VV0_x_114b9705:Int ) )
                     </storage>
                     <origStorage>
                       .Map
                     </origStorage>
                     <transientStorage>
                       .Map
                     </transientStorage>
                     <nonce>
                       1
                     </nonce>
                     ...
                   </account>
                   ( <account>
                     <acctID>
                       491460923342184218035706888008750043977755113263
                     </acctID>
                     <balance>
                       0
                     </balance>
                     <storage>
                       .Map
                     </storage>
                     <origStorage>
                       .Map
                     </origStorage>
                     <transientStorage>
                       .Map
                     </transientStorage>
                     <nonce>
                       1
                     </nonce>
                     ...
                   </account>
                   ( <account>
                     <acctID>
                       645326474426547203313410069153905908525362434349
                     </acctID>
                     <balance>
                       0
                     </balance>
                     <storage>
                       .Map
                     </storage>
                     <origStorage>
                       .Map
                     </origStorage>
                     <transientStorage>
                       .Map
                     </transientStorage>
                     <nonce>
                       0
                     </nonce>
                     ...
                   </account>
                   <account>
                     <acctID>
                       728815563385977040452943777879061427756277306518
                     </acctID>
                     <balance>
                       0
                     </balance>
                     <storage>
                       ( ( 11 |-> 1 )
                       ( ( 27 |-> 491460923342184218035706888008750043977755113263 )
                       ( ( 28 |-> 263400868551549723330807389252719309078400616203 )
                       ( ( 29 |-> 1405310203571408291950365054053061012934685786634 )
                       ( 7 |-> 1 ) ) ) ) )
                     </storage>
                     <origStorage>
                       .Map
                     </origStorage>
                     <transientStorage>
                       .Map
                     </transientStorage>
                     <nonce>
                       4
                     </nonce>
                     ...
                   </account> ) ) ) )
                 </accounts>
                 ...
               </network>
             </ethereum>
             ...
           </kevm>
           <cheatcodes>
             <prank>
               <active>
                 false
               </active>
               <singleCall>
                 false
               </singleCall>
               ...
             </prank>
             <expectedRevert>
               <isRevertExpected>
                 false
               </isRevertExpected>
               ...
             </expectedRevert>
             <expectedOpcode>
               <isOpcodeExpected>
                 false
               </isOpcodeExpected>
               ...
             </expectedOpcode>
             <expectEmit>
               <recordEvent>
                 false
               </recordEvent>
               <isEventExpected>
                 false
               </isEventExpected>
               ...
             </expectEmit>
             <whitelist>
               <isCallWhitelistActive>
                 false
               </isCallWhitelistActive>
               <isStorageWhitelistActive>
                 false
               </isStorageWhitelistActive>
               <addressList>
                 .List
               </addressList>
               <storageSlotList>
                 .List
               </storageSlotList>
             </whitelist>
             <mockCalls>
               .MockCallCellMap
             </mockCalls>
             <mockFunctions>
               .MockFunctionCellMap
             </mockFunctions>
           </cheatcodes>
           <KEVMTracing>
             <activeTracing>
               false
             </activeTracing>
             <traceStorage>
               false
             </traceStorage>
             <traceWordStack>
               false
             </traceWordStack>
             <traceMemory>
               false
             </traceMemory>
             <recordedTrace>
               false
             </recordedTrace>
             <traceData>
               .List
             </traceData>
           </KEVMTracing>
         </foundry>
      requires ( 0 <=Int CALLER_ID:Int
       andBool ( 0 <=Int ORIGIN_ID:Int
       andBool ( 0 <=Int NUMBER_CELL:Int
       andBool ( 0 <=Int TIMESTAMP_CELL:Int
       andBool ( 0 <=Int VV0_x_114b9705:Int
       andBool ( 0 <=Int VV1_y_114b9705:Int
       andBool ( VV0_x_114b9705:Int <Int pow64
       andBool ( CALLER_ID:Int <Int pow160
       andBool ( ORIGIN_ID:Int <Int pow160
       andBool ( NUMBER_CELL:Int <=Int maxSInt256
       andBool ( TIMESTAMP_CELL:Int <Int pow256
       andBool ( VV0_x_114b9705:Int <Int pow256
       andBool ( VV1_y_114b9705:Int <Int pow256
       andBool ( CALLER_ID:Int =/=Int 645326474426547203313410069153905908525362434349
       andBool ( ORIGIN_ID:Int =/=Int 645326474426547203313410069153905908525362434349
       andBool ( ( notBool #range ( 0 < CALLER_ID:Int <= 9 ) )
       andBool ( ( notBool #range ( 0 < ORIGIN_ID:Int <= 9 ) )
               )))))))))))))))))
       ensures ( VV1_y_114b9705:Int <Int pow64
       andBool ( VV1_y_114b9705:Int <=Int ( maxUInt256 -Int VV0_x_114b9705:Int )
               ))
      [priority(20), label(BASIC-BLOCK-11-TO-13)]
    
    rule [BASIC-BLOCK-1-TO-9]: <foundry>
           <kevm>
             <k>
               ( .K => JUMPI 678 bool2Word ( pow64 <=Int ?VV0_x_114b9705 )
               ~> #pc [ JUMPI ] )
               ~> #execute
               ~> _CONTINUATION
             </k>
             <mode>
               NORMAL
             </mode>
             <schedule>
               SHANGHAI
             </schedule>
             <useGas>
               false
             </useGas>
             <ethereum>
               <evm>
                 <output>
                   b""
                 </output>
                 <callStack>
                   .List
                 </callStack>
                 <interimStates>
                   .List
                 </interimStates>
                 <touchedAccounts>
                   .Set
                 </touchedAccounts>
                 <callState>
                   <id>
                     728815563385977040452943777879061427756277306518
                   </id>
                   <caller>
                     CALLER_ID:Int
                   </caller>
                   <callData>
                     ( b"\n\x92T\xe4" => b"\x0f\xee)\xd1" +Bytes #buf ( 32 , ?VV0_x_114b9705 ) +Bytes #buf ( 32 , ?VV1_y_114b9705 ) )
                   </callData>
                   <callValue>
                     0
                   </callValue>
                   <wordStack>
                     ( .WordStack => ( bool2Word ( ?VV0_x_114b9705 <Int pow64 ) : ( selector ( "assume(bool)" ) : ( 645326474426547203313410069153905908525362434349 : ( ?VV1_y_114b9705 : ( ?VV0_x_114b9705 : ( 220 : ( selector ( "test_add_const(uint256,uint256)" ) : .WordStack ) ) ) ) ) ) ) )
                   </wordStack>
                   <localMem>
                     ( b"" => b"\x00\x00\x00\x00\x00\x00\x00\x00\x00\x00\x00\x00\x00\x00\x00\x00\x00\x00\x00\x00\x00\x00\x00\x00\x00\x00\x00\x00\x00\x00\x00\x00\x00\x00\x00\x00\x00\x00\x00\x00\x00\x00\x00\x00\x00\x00\x00\x00\x00\x00\x00\x00\x00\x00\x00\x00\x00\x00\x00\x00\x00\x00\x00\x00\x00\x00\x00\x00\x00\x00\x00\x00\x00\x00\x00\x00\x00\x00\x00\x00\x00\x00\x00\x00\x00\x00\x00\x00\x00\x00\x00\x00\x00\x00\x00\x80" )
                   </localMem>
                   <memoryUsed>
                     0
                   </memoryUsed>
                   <callGas>
                     0
                   </callGas>
                   <static>
                     false
                   </static>
                   <callDepth>
                     0
                   </callDepth>
                   ...
                 </callState>
                 <substate>
                   <log>
                     .List
                   </log>
                   <refund>
                     0
                   </refund>
                   <accessedAccounts>
                     .Set
                   </accessedAccounts>
                   <accessedStorage>
                     .Map
                   </accessedStorage>
                   ...
                 </substate>
                 <origin>
                   ORIGIN_ID:Int
                 </origin>
                 <block>
                   <number>
                     NUMBER_CELL:Int
                   </number>
                   <timestamp>
                     TIMESTAMP_CELL:Int
                   </timestamp>
                   ...
                 </block>
                 ...
               </evm>
               <network>
                 <accounts>
                   ( <account>
                     <acctID>
                       ( 645326474426547203313410069153905908525362434349 => 1405310203571408291950365054053061012934685786634 )
                     </acctID>
                     <balance>
                       0
                     </balance>
                     <storage>
                       .Map
                     </storage>
                     <origStorage>
                       .Map
                     </origStorage>
                     <transientStorage>
                       .Map
                     </transientStorage>
                     <nonce>
                       ( 0 => 1 )
                     </nonce>
                     ...
                   </account>
                   ( <account>
                     <acctID>
                       728815563385977040452943777879061427756277306518
                     </acctID>
                     <balance>
                       0
                     </balance>
                     <storage>
                       ( ( 11 |-> 1 )
                       ( 7 |-> 1 ) )
                     </storage>
                     <origStorage>
                       .Map
                     </origStorage>
                     <transientStorage>
                       .Map
                     </transientStorage>
                     <nonce>
                       1
                     </nonce>
                     ...
                   </account> => ( <account>
                     <acctID>
                       263400868551549723330807389252719309078400616203
                     </acctID>
                     <balance>
                       0
                     </balance>
                     <storage>
                       .Map
                     </storage>
                     <origStorage>
                       .Map
                     </origStorage>
                     <transientStorage>
                       .Map
                     </transientStorage>
                     <nonce>
                       1
                     </nonce>
                     ...
                   </account>
                   ( <account>
                     <acctID>
                       491460923342184218035706888008750043977755113263
                     </acctID>
                     <balance>
                       0
                     </balance>
                     <storage>
                       .Map
                     </storage>
                     <origStorage>
                       .Map
                     </origStorage>
                     <transientStorage>
                       .Map
                     </transientStorage>
                     <nonce>
                       1
                     </nonce>
                     ...
                   </account>
                   ( <account>
                     <acctID>
                       645326474426547203313410069153905908525362434349
                     </acctID>
                     <balance>
                       0
                     </balance>
                     <storage>
                       .Map
                     </storage>
                     <origStorage>
                       .Map
                     </origStorage>
                     <transientStorage>
                       .Map
                     </transientStorage>
                     <nonce>
                       0
                     </nonce>
                     ...
                   </account>
                   <account>
                     <acctID>
                       728815563385977040452943777879061427756277306518
                     </acctID>
                     <balance>
                       0
                     </balance>
                     <storage>
                       ( ( 11 |-> 1 )
                       ( ( 27 |-> 491460923342184218035706888008750043977755113263 )
                       ( ( 28 |-> 263400868551549723330807389252719309078400616203 )
                       ( ( 29 |-> 1405310203571408291950365054053061012934685786634 )
                       ( 7 |-> 1 ) ) ) ) )
                     </storage>
                     <origStorage>
                       .Map
                     </origStorage>
                     <transientStorage>
                       .Map
                     </transientStorage>
                     <nonce>
                       4
                     </nonce>
                     ...
                   </account> ) ) ) ) )
                 </accounts>
                 ...
               </network>
             </ethereum>
             ...
           </kevm>
           <cheatcodes>
             <prank>
               <active>
                 false
               </active>
               <singleCall>
                 false
               </singleCall>
               ...
             </prank>
             <expectedRevert>
               <isRevertExpected>
                 false
               </isRevertExpected>
               ...
             </expectedRevert>
             <expectedOpcode>
               <isOpcodeExpected>
                 false
               </isOpcodeExpected>
               ...
             </expectedOpcode>
             <expectEmit>
               <recordEvent>
                 false
               </recordEvent>
               <isEventExpected>
                 false
               </isEventExpected>
               ...
             </expectEmit>
             <whitelist>
               <isCallWhitelistActive>
                 false
               </isCallWhitelistActive>
               <isStorageWhitelistActive>
                 false
               </isStorageWhitelistActive>
               <addressList>
                 .List
               </addressList>
               <storageSlotList>
                 .List
               </storageSlotList>
             </whitelist>
             <mockCalls>
               .MockCallCellMap
             </mockCalls>
             <mockFunctions>
               .MockFunctionCellMap
             </mockFunctions>
           </cheatcodes>
           <KEVMTracing>
             <activeTracing>
               false
             </activeTracing>
             <traceStorage>
               false
             </traceStorage>
             <traceWordStack>
               false
             </traceWordStack>
             <traceMemory>
               false
             </traceMemory>
             <recordedTrace>
               false
             </recordedTrace>
             <traceData>
               .List
             </traceData>
           </KEVMTracing>
         </foundry>
      requires ( 0 <=Int CALLER_ID:Int
       andBool ( 0 <=Int ORIGIN_ID:Int
       andBool ( 0 <=Int NUMBER_CELL:Int
       andBool ( 0 <=Int TIMESTAMP_CELL:Int
       andBool ( CALLER_ID:Int =/=Int 645326474426547203313410069153905908525362434349
       andBool ( ORIGIN_ID:Int =/=Int 645326474426547203313410069153905908525362434349
       andBool ( CALLER_ID:Int <Int pow160
       andBool ( ORIGIN_ID:Int <Int pow160
       andBool ( NUMBER_CELL:Int <=Int maxSInt256
       andBool ( TIMESTAMP_CELL:Int <Int pow256
       andBool ( ( notBool #range ( 0 < CALLER_ID:Int <= 9 ) )
       andBool ( ( notBool #range ( 0 < ORIGIN_ID:Int <= 9 ) )
               ))))))))))))
       ensures ( 0 <=Int ?VV0_x_114b9705
       andBool ( 0 <=Int ?VV1_y_114b9705
       andBool ( ?VV0_x_114b9705 <Int pow256
       andBool ( ?VV1_y_114b9705 <Int pow256
               ))))
      [priority(20), label(BASIC-BLOCK-1-TO-9)]

endmodule