
┌─ 1 (root, split, init)
│   k: #execute ~> CONTINUATION:K
│   pc: 0
│   callDepth: CALLDEPTH_CELL:Int
│   statusCode: STATUSCODE:StatusCode
┃
┃ (branch)
┣━━┓ constraint: CALLDEPTH_CELL:Int <Int 1024
┃  │
┃  ├─ 8
┃  │   k: #execute ~> CONTINUATION:K
┃  │   pc: 0
┃  │   callDepth: CALLDEPTH_CELL:Int
┃  │   statusCode: STATUSCODE:StatusCode
┃  │
┃  │  (1242 steps)
┃  ├─ 6 (terminal)
┃  │   k: #halt ~> CONTINUATION:K
┃  │   pc: 68
┃  │   callDepth: CALLDEPTH_CELL:Int
┃  │   statusCode: EVMC_SUCCESS
┃  │
┃  ┊  constraint: OMITTED CONSTRAINT
┃  ┊  subst: OMITTED SUBST
┃  └─ 2 (leaf, target, terminal)
┃      k: #halt ~> CONTINUATION:K
┃      pc: PC_CELL_5d410f2a:Int
┃      callDepth: CALLDEPTH_CELL_5d410f2a:Int
┃      statusCode: STATUSCODE_FINAL:StatusCode
┃
┗━━┓ constraint: 1024 <=Int CALLDEPTH_CELL:Int
   │
   ├─ 9
   │   k: #execute ~> CONTINUATION:K
   │   pc: 0
   │   callDepth: CALLDEPTH_CELL:Int
   │   statusCode: STATUSCODE:StatusCode
   │
   │  (348 steps)
   ├─ 7 (terminal)
   │   k: #halt ~> CONTINUATION:K
   │   pc: 161
   │   callDepth: CALLDEPTH_CELL:Int
   │   statusCode: EVMC_REVERT
   │
   ┊  constraint: OMITTED CONSTRAINT
   ┊  subst: OMITTED SUBST
   └─ 2 (leaf, target, terminal)
       k: #halt ~> CONTINUATION:K
       pc: PC_CELL_5d410f2a:Int
       callDepth: CALLDEPTH_CELL_5d410f2a:Int
       statusCode: STATUSCODE_FINAL:StatusCode




module SUMMARY-TEST%ENUM.ENUM-STORAGE-RANGE():0
    
    
    rule [BASIC-BLOCK-8-TO-6]: <foundry>
           <kevm>
             <k>
               ( #execute => #halt )
               ~> _CONTINUATION
             </k>
             <mode>
               NORMAL
             </mode>
             <schedule>
               SHANGHAI
             </schedule>
             <useGas>
               false
             </useGas>
             <ethereum>
               <evm>
                 <output>
                   ( _OUTPUT_CELL => b"" )
                 </output>
                 <statusCode>
                   ( _STATUSCODE => EVMC_SUCCESS )
                 </statusCode>
                 <touchedAccounts>
                   ( TOUCHEDACCOUNTS_CELL:Set => TOUCHEDACCOUNTS_CELL:Set |Set SetItem ( C_ENUM_ID:Int ) |Set SetItem ( C_ENUM_MEMBER_CONTRACT_ID:Int ) )
                 </touchedAccounts>
                 <callState>
                   <id>
                     C_ENUM_ID:Int
                   </id>
                   <caller>
                     CALLER_ID:Int
                   </caller>
                   <callData>
                     b"c6\xf6\x1e"
                   </callData>
                   <callValue>
                     0
                   </callValue>
                   <wordStack>
                     ( .WordStack => ( selector ( "enum_storage_range()" ) : .WordStack ) )
                   </wordStack>
                   <localMem>
                     ( b"" => b"\x00\x00\x00\x00\x00\x00\x00\x00\x00\x00\x00\x00\x00\x00\x00\x00\x00\x00\x00\x00\x00\x00\x00\x00\x00\x00\x00\x00\x00\x00\x00\x00\x00\x00\x00\x00\x00\x00\x00\x00\x00\x00\x00\x00\x00\x00\x00\x00\x00\x00\x00\x00\x00\x00\x00\x00\x00\x00\x00\x00\x00\x00\x00\x00\x00\x00\x00\x00\x00\x00\x00\x00\x00\x00\x00\x00\x00\x00\x00\x00\x00\x00\x00\x00\x00\x00\x00\x00\x00\x00\x00\x00\x00\x00\x00\xc0\x00\x00\x00\x00\x00\x00\x00\x00\x00\x00\x00\x00\x00\x00\x00\x00\x00\x00\x00\x00\x00\x00\x00\x00\x00\x00\x00\x00\x00\x00\x00\x00" +Bytes #buf ( 32 , #lookup ( C_ENUM_MEMBER_CONTRACT_STORAGE:Map , 1 ) ) +Bytes #buf ( 32 , #lookup ( C_ENUM_MEMBER_CONTRACT_STORAGE:Map , 1 ) ) )
                   </localMem>
                   <memoryUsed>
                     0
                   </memoryUsed>
                   <callGas>
                     0
                   </callGas>
                   <callDepth>
                     CALLDEPTH_CELL:Int
                   </callDepth>
                   ...
                 </callState>
                 <substate>
                   <refund>
                     0
                   </refund>
                   <accessedAccounts>
                     ( ACCESSEDACCOUNTS_CELL:Set => ACCESSEDACCOUNTS_CELL:Set |Set SetItem ( C_ENUM_MEMBER_CONTRACT_ID:Int ) |Set SetItem ( C_ENUM_ID:Int ) )
                   </accessedAccounts>
                   ...
                 </substate>
                 <origin>
                   ORIGIN_ID:Int
                 </origin>
                 <block>
                   <number>
                     NUMBER_CELL:Int
                   </number>
                   <timestamp>
                     TIMESTAMP_CELL:Int
                   </timestamp>
                   ...
                 </block>
                 ...
               </evm>
               <network>
                 <accounts>
                   ( <account>
                     <acctID>
                       C_ENUM_ID:Int
                     </acctID>
                     <balance>
                       C_ENUM_BAL:Int
                     </balance>
                     <storage>
                       ( ( 0 |-> C_ENUM_MEMBER_CONTRACT_ID:Int )
                       C_ENUM_STORAGE:Map )
                     </storage>
                     <nonce>
                       C_ENUM_NONCE:Int
                     </nonce>
                     ...
                   </account>
                   ( <account>
                     <acctID>
                       C_ENUM_MEMBER_CONTRACT_ID:Int
                     </acctID>
                     <balance>
                       C_ENUM_MEMBER_CONTRACT_BAL:Int
                     </balance>
                     <storage>
                       C_ENUM_MEMBER_CONTRACT_STORAGE:Map
                     </storage>
                     <nonce>
                       C_ENUM_MEMBER_CONTRACT_NONCE:Int
                     </nonce>
                     ...
                   </account>
                   ACCOUNTS_REST:AccountCellMap ) )
                 </accounts>
                 ...
               </network>
             </ethereum>
             ...
           </kevm>
           <cheatcodes>
             <expectedOpcode>
               <isOpcodeExpected>
                 false
               </isOpcodeExpected>
               ...
             </expectedOpcode>
             <whitelist>
               <isCallWhitelistActive>
                 false
               </isCallWhitelistActive>
               <isStorageWhitelistActive>
                 false
               </isStorageWhitelistActive>
               <addressSet>
                 .Set
               </addressSet>
               <storageSlotSet>
                 .Set
               </storageSlotSet>
             </whitelist>
             <mockCalls>
               .MockCallCellMap
             </mockCalls>
             <mockFunctions>
               .MockFunctionCellMap
             </mockFunctions>
             ...
           </cheatcodes>
           <KEVMTracing>
             <activeTracing>
               false
             </activeTracing>
             <traceStorage>
               false
             </traceStorage>
             <traceWordStack>
               false
             </traceWordStack>
             <traceMemory>
               false
             </traceMemory>
             <recordedTrace>
               false
             </recordedTrace>
             <traceData>
               .List
             </traceData>
           </KEVMTracing>
         </foundry>
      requires ( 0 <=Int CALLER_ID:Int
       andBool ( 0 <=Int C_ENUM_ID:Int
       andBool ( 0 <=Int ORIGIN_ID:Int
       andBool ( 0 <=Int C_ENUM_BAL:Int
       andBool ( 0 <=Int NUMBER_CELL:Int
       andBool ( 0 <=Int C_ENUM_NONCE:Int
       andBool ( 0 <=Int TIMESTAMP_CELL:Int
       andBool ( CALLDEPTH_CELL:Int <Int 1024
       andBool ( C_ENUM_ID:Int =/=Int C_ENUM_MEMBER_CONTRACT_ID:Int
       andBool ( 0 <=Int C_ENUM_MEMBER_CONTRACT_ID:Int
       andBool ( 0 <=Int C_ENUM_MEMBER_CONTRACT_BAL:Int
       andBool ( 0 <=Int C_ENUM_MEMBER_CONTRACT_NONCE:Int
       andBool ( C_ENUM_NONCE:Int <Int maxUInt64
       andBool ( CALLER_ID:Int =/=Int 645326474426547203313410069153905908525362434349
       andBool ( C_ENUM_ID:Int =/=Int 645326474426547203313410069153905908525362434349
       andBool ( ORIGIN_ID:Int =/=Int 645326474426547203313410069153905908525362434349
       andBool ( ( notBool 0 in_keys ( C_ENUM_STORAGE:Map ) )
       andBool ( C_ENUM_MEMBER_CONTRACT_NONCE:Int <Int maxUInt64
       andBool ( C_ENUM_MEMBER_CONTRACT_ID:Int =/=Int 645326474426547203313410069153905908525362434349
       andBool ( CALLER_ID:Int <Int pow160
       andBool ( C_ENUM_ID:Int <Int pow160
       andBool ( ORIGIN_ID:Int <Int pow160
       andBool ( C_ENUM_MEMBER_CONTRACT_ID:Int <Int pow160
       andBool ( C_ENUM_BAL:Int <Int pow256
       andBool ( NUMBER_CELL:Int <=Int maxSInt256
       andBool ( TIMESTAMP_CELL:Int <Int pow256
       andBool ( C_ENUM_MEMBER_CONTRACT_BAL:Int <Int pow256
       andBool ( ( notBool <acctID>
          C_ENUM_ID:Int
        </acctID> in_keys ( ACCOUNTS_REST:AccountCellMap ) )
       andBool ( ( notBool <acctID>
          C_ENUM_MEMBER_CONTRACT_ID:Int
        </acctID> in_keys ( ACCOUNTS_REST:AccountCellMap ) )
       andBool ( #lookup ( C_ENUM_MEMBER_CONTRACT_STORAGE:Map , 1 ) <Int 6
       andBool ( ( notBool #range ( 0 < CALLER_ID:Int <= 9 ) )
       andBool ( ( notBool #range ( 0 < C_ENUM_ID:Int <= 9 ) )
       andBool ( ( notBool #range ( 0 < ORIGIN_ID:Int <= 9 ) )
       andBool ( ( notBool #range ( 0 < C_ENUM_MEMBER_CONTRACT_ID:Int <= 9 ) )
               ))))))))))))))))))))))))))))))))))
      [priority(20), label(BASIC-BLOCK-8-TO-6)]
    
    rule [BASIC-BLOCK-9-TO-7]: <foundry>
           <kevm>
             <k>
               ( #execute => #halt )
               ~> _CONTINUATION
             </k>
             <mode>
               NORMAL
             </mode>
             <schedule>
               SHANGHAI
             </schedule>
             <useGas>
               false
             </useGas>
             <ethereum>
               <evm>
                 <output>
                   ( _OUTPUT_CELL => b"" )
                 </output>
                 <statusCode>
                   ( _STATUSCODE => EVMC_REVERT )
                 </statusCode>
                 <callState>
                   <id>
                     C_ENUM_ID:Int
                   </id>
                   <caller>
                     CALLER_ID:Int
                   </caller>
                   <callData>
                     b"c6\xf6\x1e"
                   </callData>
                   <callValue>
                     0
                   </callValue>
                   <wordStack>
                     ( .WordStack => ( 1 : ( 132 : ( selector ( "letter()" ) : ( C_ENUM_MEMBER_CONTRACT_ID:Int : ( 5 : ( 67 : ( selector ( "enum_storage_range()" ) : .WordStack ) ) ) ) ) ) ) )
                   </wordStack>
                   <localMem>
                     ( b"" => b"\x00\x00\x00\x00\x00\x00\x00\x00\x00\x00\x00\x00\x00\x00\x00\x00\x00\x00\x00\x00\x00\x00\x00\x00\x00\x00\x00\x00\x00\x00\x00\x00\x00\x00\x00\x00\x00\x00\x00\x00\x00\x00\x00\x00\x00\x00\x00\x00\x00\x00\x00\x00\x00\x00\x00\x00\x00\x00\x00\x00\x00\x00\x00\x00\x00\x00\x00\x00\x00\x00\x00\x00\x00\x00\x00\x00\x00\x00\x00\x00\x00\x00\x00\x00\x00\x00\x00\x00\x00\x00\x00\x00\x00\x00\x00\x80\x00\x00\x00\x00\x00\x00\x00\x00\x00\x00\x00\x00\x00\x00\x00\x00\x00\x00\x00\x00\x00\x00\x00\x00\x00\x00\x00\x00\x00\x00\x00\x00h\xaf7\xdf\x00\x00\x00\x00\x00\x00\x00\x00\x00\x00\x00\x00\x00\x00\x00\x00\x00\x00\x00\x00\x00\x00\x00\x00\x00\x00\x00\x00" )
                   </localMem>
                   <memoryUsed>
                     0
                   </memoryUsed>
                   <callGas>
                     0
                   </callGas>
                   <callDepth>
                     CALLDEPTH_CELL:Int
                   </callDepth>
                   ...
                 </callState>
                 <substate>
                   <refund>
                     0
                   </refund>
                   <accessedAccounts>
                     ( ACCESSEDACCOUNTS_CELL:Set => ACCESSEDACCOUNTS_CELL:Set |Set SetItem ( C_ENUM_MEMBER_CONTRACT_ID:Int ) )
                   </accessedAccounts>
                   ...
                 </substate>
                 <origin>
                   ORIGIN_ID:Int
                 </origin>
                 <block>
                   <number>
                     NUMBER_CELL:Int
                   </number>
                   <timestamp>
                     TIMESTAMP_CELL:Int
                   </timestamp>
                   ...
                 </block>
                 ...
               </evm>
               <network>
                 <accounts>
                   ( <account>
                     <acctID>
                       C_ENUM_ID:Int
                     </acctID>
                     <balance>
                       C_ENUM_BAL:Int
                     </balance>
                     <storage>
                       ( ( 0 |-> C_ENUM_MEMBER_CONTRACT_ID:Int )
                       C_ENUM_STORAGE:Map )
                     </storage>
                     <nonce>
                       C_ENUM_NONCE:Int
                     </nonce>
                     ...
                   </account>
                   ( <account>
                     <acctID>
                       C_ENUM_MEMBER_CONTRACT_ID:Int
                     </acctID>
                     <balance>
                       C_ENUM_MEMBER_CONTRACT_BAL:Int
                     </balance>
                     <storage>
                       C_ENUM_MEMBER_CONTRACT_STORAGE:Map
                     </storage>
                     <nonce>
                       C_ENUM_MEMBER_CONTRACT_NONCE:Int
                     </nonce>
                     ...
                   </account>
                   ACCOUNTS_REST:AccountCellMap ) )
                 </accounts>
                 ...
               </network>
             </ethereum>
             ...
           </kevm>
           <cheatcodes>
             <expectedOpcode>
               <isOpcodeExpected>
                 false
               </isOpcodeExpected>
               ...
             </expectedOpcode>
             <whitelist>
               <isCallWhitelistActive>
                 false
               </isCallWhitelistActive>
               <isStorageWhitelistActive>
                 false
               </isStorageWhitelistActive>
               <addressSet>
                 .Set
               </addressSet>
               <storageSlotSet>
                 .Set
               </storageSlotSet>
             </whitelist>
             <mockCalls>
               .MockCallCellMap
             </mockCalls>
             <mockFunctions>
               .MockFunctionCellMap
             </mockFunctions>
             ...
           </cheatcodes>
           <KEVMTracing>
             <activeTracing>
               false
             </activeTracing>
             <traceStorage>
               false
             </traceStorage>
             <traceWordStack>
               false
             </traceWordStack>
             <traceMemory>
               false
             </traceMemory>
             <recordedTrace>
               false
             </recordedTrace>
             <traceData>
               .List
             </traceData>
           </KEVMTracing>
         </foundry>
      requires ( 0 <=Int CALLER_ID:Int
       andBool ( 0 <=Int C_ENUM_ID:Int
       andBool ( 0 <=Int ORIGIN_ID:Int
       andBool ( 0 <=Int C_ENUM_BAL:Int
       andBool ( 0 <=Int NUMBER_CELL:Int
       andBool ( 0 <=Int C_ENUM_NONCE:Int
       andBool ( 0 <=Int TIMESTAMP_CELL:Int
       andBool ( C_ENUM_ID:Int =/=Int C_ENUM_MEMBER_CONTRACT_ID:Int
       andBool ( 1024 <=Int CALLDEPTH_CELL:Int
       andBool ( 0 <=Int C_ENUM_MEMBER_CONTRACT_ID:Int
       andBool ( 0 <=Int C_ENUM_MEMBER_CONTRACT_BAL:Int
       andBool ( 0 <=Int C_ENUM_MEMBER_CONTRACT_NONCE:Int
       andBool ( C_ENUM_NONCE:Int <Int maxUInt64
       andBool ( CALLER_ID:Int =/=Int 645326474426547203313410069153905908525362434349
       andBool ( C_ENUM_ID:Int =/=Int 645326474426547203313410069153905908525362434349
       andBool ( ORIGIN_ID:Int =/=Int 645326474426547203313410069153905908525362434349
       andBool ( ( notBool 0 in_keys ( C_ENUM_STORAGE:Map ) )
       andBool ( C_ENUM_MEMBER_CONTRACT_NONCE:Int <Int maxUInt64
       andBool ( C_ENUM_MEMBER_CONTRACT_ID:Int =/=Int 645326474426547203313410069153905908525362434349
       andBool ( CALLER_ID:Int <Int pow160
       andBool ( C_ENUM_ID:Int <Int pow160
       andBool ( ORIGIN_ID:Int <Int pow160
       andBool ( C_ENUM_MEMBER_CONTRACT_ID:Int <Int pow160
       andBool ( C_ENUM_BAL:Int <Int pow256
       andBool ( NUMBER_CELL:Int <=Int maxSInt256
       andBool ( TIMESTAMP_CELL:Int <Int pow256
       andBool ( C_ENUM_MEMBER_CONTRACT_BAL:Int <Int pow256
       andBool ( ( notBool <acctID>
          C_ENUM_ID:Int
        </acctID> in_keys ( ACCOUNTS_REST:AccountCellMap ) )
       andBool ( ( notBool <acctID>
          C_ENUM_MEMBER_CONTRACT_ID:Int
        </acctID> in_keys ( ACCOUNTS_REST:AccountCellMap ) )
       andBool ( #lookup ( C_ENUM_MEMBER_CONTRACT_STORAGE:Map , 1 ) <Int 6
       andBool ( ( notBool #range ( 0 < CALLER_ID:Int <= 9 ) )
       andBool ( ( notBool #range ( 0 < C_ENUM_ID:Int <= 9 ) )
       andBool ( ( notBool #range ( 0 < ORIGIN_ID:Int <= 9 ) )
       andBool ( ( notBool #range ( 0 < C_ENUM_MEMBER_CONTRACT_ID:Int <= 9 ) )
               ))))))))))))))))))))))))))))))))))
      [priority(20), label(BASIC-BLOCK-9-TO-7)]

endmodule