requires "contracts.k"
requires "requires/lemmas.k"
requires "requires/cse-lemmas.k"
requires "requires/pausability-lemmas.k"
requires "requires/symbolic-bytes-lemmas.k"
requires "requires/keccak.md"

module FOUNDRY-MAIN
    imports public S2KsrcZModduplicatesZMod2ZModDuplicateName-VERIFICATION
    imports public S2KtestZModAccountParamsTest-VERIFICATION
    imports public S2KtestZModAddrTest-VERIFICATION
    imports public S2KtestZModAllowChangesTest-VERIFICATION
    imports public S2KtestZModValueStore-VERIFICATION
    imports public S2KtestZModAmbiguousTest-VERIFICATION
    imports public S2KtestZModArithmeticTest-VERIFICATION
    imports public S2KtestZModArithmeticCallTest-VERIFICATION
    imports public S2KsrcZModArithmeticContract-VERIFICATION
    imports public S2KtestZModAssumeTest-VERIFICATION
    imports public S2KtestZModBMCLoopsTest-VERIFICATION
    imports public S2KlibZModforgeZSubstdZModsrcZModCommonBase-VERIFICATION
    imports public S2KlibZModforgeZSubstdZModsrcZModScriptBase-VERIFICATION
    imports public S2KlibZModforgeZSubstdZModsrcZModTestBase-VERIFICATION
    imports public S2KsrcZModcseZModAdd-VERIFICATION
    imports public S2KsrcZModcseZModMultiply-VERIFICATION
    imports public S2KsrcZModcseZModSub-VERIFICATION
    imports public S2KtestZModBlockParamsTest-VERIFICATION
    imports public S2KtestZModChainIdTest-VERIFICATION
    imports public S2KtestZModCoinBaseTest-VERIFICATION
    imports public S2KtestZModFeeTest-VERIFICATION
    imports public S2KtestZModRollTest-VERIFICATION
    imports public S2KtestZModWarpTest-VERIFICATION
    imports public S2KtestZModBroadcastTest-VERIFICATION
    imports public S2KtestZModCSETest-VERIFICATION
    imports public S2KtestZModStaticCallContract-VERIFICATION
    imports public S2KtestZModCallableStorageContract-VERIFICATION
    imports public S2KtestZModCallableStorageTest-VERIFICATION
    imports public S2KtestZModConstructorArgsTest-VERIFICATION
    imports public S2KtestZModConstructorTest-VERIFICATION
    imports public S2KtestZModImportedContract-VERIFICATION
    imports public S2KtestZModContractTest-VERIFICATION
    imports public S2KtestZModContractBTest-VERIFICATION
    imports public S2KtestZModContractFieldTest-VERIFICATION
    imports public S2KtestZModTEscrow-VERIFICATION
    imports public S2KtestZModTGovernance-VERIFICATION
    imports public S2KtestZModTToken-VERIFICATION
    imports public S2KsrcZModCounter-VERIFICATION
    imports public S2KsrcZModRecordedCounter-VERIFICATION
    imports public S2KtestZModCopyStorageContract-VERIFICATION
    imports public S2KtestZModCopyStorageTest-VERIFICATION
    imports public S2KtestZModCounter-VERIFICATION
    imports public S2KtestZModCounterTest-VERIFICATION
    imports public S2KsrcZModduplicatesZMod1ZModDuplicateName-VERIFICATION
    imports public S2KtestZModDynamicTypesTest-VERIFICATION
    imports public S2KsrcZModExpectEmit-VERIFICATION
    imports public S2KtestZModEmitContractTest-VERIFICATION
    imports public S2KtestZModEnum-VERIFICATION
    imports public S2KtestZModEnumContract-VERIFICATION
    imports public S2KtestZModEnvTest-VERIFICATION
    imports public S2KtestZModDummy-VERIFICATION
    imports public S2KtestZModExpectCallTest-VERIFICATION
    imports public S2KtestZModDepthReverter-VERIFICATION
    imports public S2KtestZModExpectRevertTest-VERIFICATION
    imports public S2KtestZModReverter-VERIFICATION
    imports public S2KtestZModReverterWithReturn-VERIFICATION
    imports public S2KtestZModFfiTest-VERIFICATION
    imports public S2KtestZModFilesTest-VERIFICATION
    imports public S2KtestZModForkTest-VERIFICATION
    imports public S2KtestZModFreshBytesTest-VERIFICATION
    imports public S2KtestZModFreshCheatcodes-VERIFICATION
    imports public S2KtestZModGasTest-VERIFICATION
    imports public S2KtestZModGetCodeTest-VERIFICATION
    imports public S2KtestZModHevmTests-VERIFICATION
    imports public S2KlibZModkontrolZSubcheatcodesZModsrcZModKontrolCheatsBase-VERIFICATION
    imports public S2KlibZModforgeZSubstdZModsrcZModinterfacesZModIMulticall3-VERIFICATION
    imports public S2KtestZModImmutableVarsContract-VERIFICATION
    imports public S2KtestZModImmutableVarsTest-VERIFICATION
    imports public S2KtestZModInitCodeTest-VERIFICATION
    imports public S2KtestZModInitCodeBranchTest-VERIFICATION
    imports public S2KtestZModERC20-VERIFICATION
    imports public S2KtestZModIERC20-VERIFICATION
    imports public S2KtestZModInterfaceContract-VERIFICATION
    imports public S2KtestZModInterfaceTagTest-VERIFICATION
    imports public S2KlibZModkontrolZSubcheatcodesZModsrcZModKontrolCheats-VERIFICATION
    imports public S2KtestZModLabelTest-VERIFICATION
    imports public S2KsrcZModLoadStateDiff-VERIFICATION
    imports public S2KsrcZModLoadStateDiffCode-VERIFICATION
    imports public S2KsrcZModLoadStateDump-VERIFICATION
    imports public S2KsrcZModLoadStateDumpCode-VERIFICATION
    imports public S2KtestZModLoopsTest-VERIFICATION
    imports public S2KtestZModMergeTest-VERIFICATION
    imports public S2KtestZModMethodDisambiguateTest-VERIFICATION
    imports public S2KsrcZModMock-VERIFICATION
    imports public S2KsrcZModNestedMock-VERIFICATION
    imports public S2KtestZModMockCallRevertTest-VERIFICATION
    imports public S2KtestZModMockCallTest-VERIFICATION
    imports public S2KtestZModMockCallTestFoundry-VERIFICATION
    imports public S2KtestZModMockFunctionContract-VERIFICATION
    imports public S2KtestZModMockFunctionTest-VERIFICATION
    imports public S2KtestZModModelMockFunctionContract-VERIFICATION
    imports public S2KsrcZModMyIERC20-VERIFICATION
    imports public S2KsrcZModMyToken-VERIFICATION
    imports public S2KtestZModNoImport-VERIFICATION
    imports public S2KsrcZModcseZModUIntBinaryOp-VERIFICATION
    imports public S2KsrcZModcseZModUIntUnaryOp-VERIFICATION
    imports public S2KsrcZModOwnerUpOnly-VERIFICATION
    imports public S2KtestZModOwnerUpOnlyTest-VERIFICATION
    imports public S2KtestZModAdditionalToken-VERIFICATION
    imports public S2KtestZModMyErc20-VERIFICATION
    imports public S2KtestZModPlainPrankTest-VERIFICATION
    imports public S2KsrcZModPortal-VERIFICATION
    imports public S2KsrcZModTypes-VERIFICATION
    imports public S2KtestZModPortalTest-VERIFICATION
    imports public S2KsrcZModPrank-VERIFICATION
    imports public S2KtestZModPrankTest-VERIFICATION
    imports public S2KtestZModPrankTestMsgSender-VERIFICATION
    imports public S2KtestZModPrankTestOrigin-VERIFICATION
    imports public S2KtestZModStartPrankTestMsgSender-VERIFICATION
    imports public S2KtestZModStartPrankTestOrigin-VERIFICATION
    imports public S2KtestZModPreconditionsTest-VERIFICATION
    imports public S2KtestZModRecordLogsTest-VERIFICATION
    imports public S2KsrcZModSafe-VERIFICATION
    imports public S2KtestZModSafeTest-VERIFICATION
    imports public S2KtestZModSetup2Test-VERIFICATION
    imports public S2KtestZModSetUpDeployTest-VERIFICATION
    imports public S2KtestZModSetUpTest-VERIFICATION
    imports public S2KtestZModSignTest-VERIFICATION
    imports public S2KtestZModAssertTest-VERIFICATION
    imports public S2KtestZModnestedZModAssertNestedTest-VERIFICATION
    imports public S2KtestZModSnapshotTest-VERIFICATION
    imports public S2KlibZModforgeZSubstdZModsrcZModStdAssertions-VERIFICATION
    imports public S2KlibZModforgeZSubstdZModsrcZModStdChains-VERIFICATION
    imports public S2KlibZModforgeZSubstdZModsrcZModStdCheats-VERIFICATION
    imports public S2KlibZModforgeZSubstdZModsrcZModStdCheatsSafe-VERIFICATION
    imports public S2KlibZModforgeZSubstdZModsrcZModstdError-VERIFICATION
    imports public S2KlibZModforgeZSubstdZModsrcZModStdInvariant-VERIFICATION
    imports public S2KlibZModforgeZSubstdZModsrcZModstdJson-VERIFICATION
    imports public S2KlibZModforgeZSubstdZModsrcZModstdMath-VERIFICATION
    imports public S2KlibZModforgeZSubstdZModsrcZModstdStorage-VERIFICATION
    imports public S2KlibZModforgeZSubstdZModsrcZModstdStorageSafe-VERIFICATION
    imports public S2KlibZModforgeZSubstdZModsrcZModStdStyle-VERIFICATION
    imports public S2KlibZModforgeZSubstdZModsrcZModStdUtils-VERIFICATION
    imports public S2KtestZModStore-VERIFICATION
    imports public S2KtestZModStoreTest-VERIFICATION
    imports public S2KtestZModSymbolicStorageTest-VERIFICATION
    imports public S2KtestZModSymbolicStore-VERIFICATION
    imports public S2KlibZModforgeZSubstdZModsrcZModTest-VERIFICATION
    imports public S2KsrcZModTestNumber-VERIFICATION
    imports public S2KtestZModToStringTest-VERIFICATION
    imports public S2KsrcZModToken-VERIFICATION
    imports public S2KtestZModBytesTypeTest-VERIFICATION
    imports public S2KtestZModIntTypeTest-VERIFICATION
    imports public S2KtestZModStructTypeTest-VERIFICATION
    imports public S2KtestZModUintTypeTest-VERIFICATION
    imports public S2KsrcZModcseZModAddConst-VERIFICATION
    imports public S2KsrcZModcseZModIdentity-VERIFICATION
    imports public S2KsrcZModcseZModIterate-VERIFICATION
    imports public S2KlibZModforgeZSubstdZModsrcZModVm-VERIFICATION
    imports public S2KlibZModforgeZSubstdZModsrcZModVmSafe-VERIFICATION
    imports public S2KsrcZModcseZModWETH9-VERIFICATION
    imports public S2KlibZModforgeZSubstdZModsrcZModconsole-VERIFICATION
    imports public S2KlibZModforgeZSubstdZModsrcZModconsole2-VERIFICATION
    imports public S2KlibZModforgeZSubstdZModsrcZModsafeconsole-VERIFICATION
    imports public S2KlibZModforgeZSubstdZModlibZModdsZSubtestZModsrcZModDSTest-VERIFICATION
    imports public KECCAK-LEMMAS
    
    

endmodule

module S2KsrcZModduplicatesZMod2ZModDuplicateName-VERIFICATION
    imports public S2KsrcZModduplicatesZMod2ZModDuplicateName-CONTRACT
    
    

endmodule

module S2KtestZModAccountParamsTest-VERIFICATION
    imports public S2KtestZModAccountParamsTest-CONTRACT
    
    

endmodule

module S2KtestZModAddrTest-VERIFICATION
    imports public S2KtestZModAddrTest-CONTRACT
    
    

endmodule

module S2KtestZModAllowChangesTest-VERIFICATION
    imports public S2KtestZModAllowChangesTest-CONTRACT
    
    

endmodule

module S2KtestZModValueStore-VERIFICATION
    imports public S2KtestZModValueStore-CONTRACT
    
    

endmodule

module S2KtestZModAmbiguousTest-VERIFICATION
    imports public S2KtestZModAmbiguousTest-CONTRACT
    
    

endmodule

module S2KtestZModArithmeticTest-VERIFICATION
    imports public S2KtestZModArithmeticTest-CONTRACT
    
    

endmodule

module S2KtestZModArithmeticCallTest-VERIFICATION
    imports public S2KtestZModArithmeticCallTest-CONTRACT
    imports public CSE-LEMMAS
    
    

endmodule

module S2KsrcZModArithmeticContract-VERIFICATION
    imports public S2KsrcZModArithmeticContract-CONTRACT
    
    

endmodule

module S2KtestZModAssumeTest-VERIFICATION
    imports public S2KtestZModAssumeTest-CONTRACT
    
    

endmodule

module S2KtestZModBMCLoopsTest-VERIFICATION
    imports public S2KtestZModBMCLoopsTest-CONTRACT
    
    

endmodule

module S2KlibZModforgeZSubstdZModsrcZModCommonBase-VERIFICATION
    imports public S2KlibZModforgeZSubstdZModsrcZModCommonBase-CONTRACT
    
    

endmodule

module S2KlibZModforgeZSubstdZModsrcZModScriptBase-VERIFICATION
    imports public S2KlibZModforgeZSubstdZModsrcZModScriptBase-CONTRACT
    
    

endmodule

module S2KlibZModforgeZSubstdZModsrcZModTestBase-VERIFICATION
    imports public S2KlibZModforgeZSubstdZModsrcZModTestBase-CONTRACT
    
    

endmodule

module S2KsrcZModcseZModAdd-VERIFICATION
    imports public S2KsrcZModcseZModAdd-CONTRACT
    
    

endmodule

module S2KsrcZModcseZModMultiply-VERIFICATION
    imports public S2KsrcZModcseZModMultiply-CONTRACT
    
    

endmodule

module S2KsrcZModcseZModSub-VERIFICATION
    imports public S2KsrcZModcseZModSub-CONTRACT
    
    

endmodule

module S2KtestZModBlockParamsTest-VERIFICATION
    imports public S2KtestZModBlockParamsTest-CONTRACT
    
    

endmodule

module S2KtestZModChainIdTest-VERIFICATION
    imports public S2KtestZModChainIdTest-CONTRACT
    
    

endmodule

module S2KtestZModCoinBaseTest-VERIFICATION
    imports public S2KtestZModCoinBaseTest-CONTRACT
    
    

endmodule

module S2KtestZModFeeTest-VERIFICATION
    imports public S2KtestZModFeeTest-CONTRACT
    
    

endmodule

module S2KtestZModRollTest-VERIFICATION
    imports public S2KtestZModRollTest-CONTRACT
    
    

endmodule

module S2KtestZModWarpTest-VERIFICATION
    imports public S2KtestZModWarpTest-CONTRACT
    
    

endmodule

module S2KtestZModBroadcastTest-VERIFICATION
    imports public S2KtestZModBroadcastTest-CONTRACT
    
    

endmodule

module S2KtestZModCSETest-VERIFICATION
    imports public S2KtestZModCSETest-CONTRACT
    imports public CSE-LEMMAS
    
    

endmodule

module S2KtestZModStaticCallContract-VERIFICATION
    imports public S2KtestZModStaticCallContract-CONTRACT
    
    

endmodule

module S2KtestZModCallableStorageContract-VERIFICATION
    imports public S2KtestZModCallableStorageContract-CONTRACT
    
    

endmodule

module S2KtestZModCallableStorageTest-VERIFICATION
    imports public S2KtestZModCallableStorageTest-CONTRACT
    
    

endmodule

module S2KtestZModConstructorArgsTest-VERIFICATION
    imports public S2KtestZModConstructorArgsTest-CONTRACT
    
    

endmodule

module S2KtestZModConstructorTest-VERIFICATION
    imports public S2KtestZModConstructorTest-CONTRACT
    
    

endmodule

module S2KtestZModImportedContract-VERIFICATION
    imports public S2KtestZModImportedContract-CONTRACT
    
    

endmodule

module S2KtestZModContractTest-VERIFICATION
    imports public S2KtestZModContractTest-CONTRACT
    
    

endmodule

module S2KtestZModContractBTest-VERIFICATION
    imports public S2KtestZModContractBTest-CONTRACT
    
    

endmodule

module S2KtestZModContractFieldTest-VERIFICATION
    imports public S2KtestZModContractFieldTest-CONTRACT
    
    

endmodule

module S2KtestZModTEscrow-VERIFICATION
    imports public S2KtestZModTEscrow-CONTRACT
    
    

endmodule

module S2KtestZModTGovernance-VERIFICATION
    imports public S2KtestZModTGovernance-CONTRACT
    
    

endmodule

module S2KtestZModTToken-VERIFICATION
    imports public S2KtestZModTToken-CONTRACT
    
    

endmodule

module S2KsrcZModCounter-VERIFICATION
    imports public S2KsrcZModCounter-CONTRACT
    
    

endmodule

module S2KsrcZModRecordedCounter-VERIFICATION
    imports public S2KsrcZModRecordedCounter-CONTRACT
    
    

endmodule

module S2KtestZModCopyStorageContract-VERIFICATION
    imports public S2KtestZModCopyStorageContract-CONTRACT
    
    

endmodule

module S2KtestZModCopyStorageTest-VERIFICATION
    imports public S2KtestZModCopyStorageTest-CONTRACT
    
    

endmodule

module S2KtestZModCounter-VERIFICATION
    imports public S2KtestZModCounter-CONTRACT
    
    

endmodule

module S2KtestZModCounterTest-VERIFICATION
    imports public S2KtestZModCounterTest-CONTRACT
    
    

endmodule

module S2KsrcZModduplicatesZMod1ZModDuplicateName-VERIFICATION
    imports public S2KsrcZModduplicatesZMod1ZModDuplicateName-CONTRACT
    
    

endmodule

module S2KtestZModDynamicTypesTest-VERIFICATION
    imports public S2KtestZModDynamicTypesTest-CONTRACT
    
    

endmodule

module S2KsrcZModExpectEmit-VERIFICATION
    imports public S2KsrcZModExpectEmit-CONTRACT
    
    

endmodule

module S2KtestZModEmitContractTest-VERIFICATION
    imports public S2KtestZModEmitContractTest-CONTRACT
    
    

endmodule

module S2KtestZModEnum-VERIFICATION
    imports public S2KtestZModEnum-CONTRACT
    
    

endmodule

module S2KtestZModEnumContract-VERIFICATION
    imports public S2KtestZModEnumContract-CONTRACT
    
    

endmodule

module S2KtestZModEnvTest-VERIFICATION
    imports public S2KtestZModEnvTest-CONTRACT
    
    

endmodule

module S2KtestZModDummy-VERIFICATION
    imports public S2KtestZModDummy-CONTRACT
    
    

endmodule

module S2KtestZModExpectCallTest-VERIFICATION
    imports public S2KtestZModExpectCallTest-CONTRACT
    
    

endmodule

module S2KtestZModDepthReverter-VERIFICATION
    imports public S2KtestZModDepthReverter-CONTRACT
    
    

endmodule

module S2KtestZModExpectRevertTest-VERIFICATION
    imports public S2KtestZModExpectRevertTest-CONTRACT
    
    

endmodule

module S2KtestZModReverter-VERIFICATION
    imports public S2KtestZModReverter-CONTRACT
    
    

endmodule

module S2KtestZModReverterWithReturn-VERIFICATION
    imports public S2KtestZModReverterWithReturn-CONTRACT
    
    

endmodule

module S2KtestZModFfiTest-VERIFICATION
    imports public S2KtestZModFfiTest-CONTRACT
    
    

endmodule

module S2KtestZModFilesTest-VERIFICATION
    imports public S2KtestZModFilesTest-CONTRACT
    
    

endmodule

module S2KtestZModForkTest-VERIFICATION
    imports public S2KtestZModForkTest-CONTRACT
    
    

endmodule

module S2KtestZModFreshBytesTest-VERIFICATION
    imports public S2KtestZModFreshBytesTest-CONTRACT
    
    

endmodule

module S2KtestZModFreshCheatcodes-VERIFICATION
    imports public S2KtestZModFreshCheatcodes-CONTRACT
    
    

endmodule

module S2KtestZModGasTest-VERIFICATION
    imports public S2KtestZModGasTest-CONTRACT
    
    

endmodule

module S2KtestZModGetCodeTest-VERIFICATION
    imports public S2KtestZModGetCodeTest-CONTRACT
    
    

endmodule

module S2KtestZModHevmTests-VERIFICATION
    imports public S2KtestZModHevmTests-CONTRACT
    
    

endmodule

module S2KlibZModkontrolZSubcheatcodesZModsrcZModKontrolCheatsBase-VERIFICATION
    imports public S2KlibZModkontrolZSubcheatcodesZModsrcZModKontrolCheatsBase-CONTRACT
    
    

endmodule

module S2KlibZModforgeZSubstdZModsrcZModinterfacesZModIMulticall3-VERIFICATION
    imports public S2KlibZModforgeZSubstdZModsrcZModinterfacesZModIMulticall3-CONTRACT
    
    

endmodule

module S2KtestZModImmutableVarsContract-VERIFICATION
    imports public S2KtestZModImmutableVarsContract-CONTRACT
    
    

endmodule

module S2KtestZModImmutableVarsTest-VERIFICATION
    imports public S2KtestZModImmutableVarsTest-CONTRACT
    imports public SYMBOLIC-BYTES-LEMMAS
    
    

endmodule

module S2KtestZModInitCodeTest-VERIFICATION
    imports public S2KtestZModInitCodeTest-CONTRACT
    
    

endmodule

module S2KtestZModInitCodeBranchTest-VERIFICATION
    imports public S2KtestZModInitCodeBranchTest-CONTRACT
    
    

endmodule

module S2KtestZModERC20-VERIFICATION
    imports public S2KtestZModERC20-CONTRACT
    
    

endmodule

module S2KtestZModIERC20-VERIFICATION
    imports public S2KtestZModIERC20-CONTRACT
    
    

endmodule

module S2KtestZModInterfaceContract-VERIFICATION
    imports public S2KtestZModInterfaceContract-CONTRACT
    
    

endmodule

module S2KtestZModInterfaceTagTest-VERIFICATION
    imports public S2KtestZModInterfaceTagTest-CONTRACT
    
    

endmodule

module S2KlibZModkontrolZSubcheatcodesZModsrcZModKontrolCheats-VERIFICATION
    imports public S2KlibZModkontrolZSubcheatcodesZModsrcZModKontrolCheats-CONTRACT
    
    

endmodule

module S2KtestZModLabelTest-VERIFICATION
    imports public S2KtestZModLabelTest-CONTRACT
    
    

endmodule

module S2KsrcZModLoadStateDiff-VERIFICATION
    imports public S2KsrcZModLoadStateDiff-CONTRACT
    
    

endmodule

module S2KsrcZModLoadStateDiffCode-VERIFICATION
    imports public S2KsrcZModLoadStateDiffCode-CONTRACT
    
    

endmodule

module S2KsrcZModLoadStateDump-VERIFICATION
    imports public S2KsrcZModLoadStateDump-CONTRACT
    
    

endmodule

module S2KsrcZModLoadStateDumpCode-VERIFICATION
    imports public S2KsrcZModLoadStateDumpCode-CONTRACT
    
    

endmodule

module S2KtestZModLoopsTest-VERIFICATION
    imports public S2KtestZModLoopsTest-CONTRACT
    imports public SUM-TO-N-INVARIANT
    
    

endmodule

module S2KtestZModMergeTest-VERIFICATION
    imports public S2KtestZModMergeTest-CONTRACT
    
    

endmodule

module S2KtestZModMethodDisambiguateTest-VERIFICATION
    imports public S2KtestZModMethodDisambiguateTest-CONTRACT
    
    

endmodule

module S2KsrcZModMock-VERIFICATION
    imports public S2KsrcZModMock-CONTRACT
    
    

endmodule

module S2KsrcZModNestedMock-VERIFICATION
    imports public S2KsrcZModNestedMock-CONTRACT
    
    

endmodule

module S2KtestZModMockCallRevertTest-VERIFICATION
    imports public S2KtestZModMockCallRevertTest-CONTRACT
    
    

endmodule

module S2KtestZModMockCallTest-VERIFICATION
    imports public S2KtestZModMockCallTest-CONTRACT
    
    

endmodule

module S2KtestZModMockCallTestFoundry-VERIFICATION
    imports public S2KtestZModMockCallTestFoundry-CONTRACT
    
    

endmodule

module S2KtestZModMockFunctionContract-VERIFICATION
    imports public S2KtestZModMockFunctionContract-CONTRACT
    
    

endmodule

module S2KtestZModMockFunctionTest-VERIFICATION
    imports public S2KtestZModMockFunctionTest-CONTRACT
    
    

endmodule

module S2KtestZModModelMockFunctionContract-VERIFICATION
    imports public S2KtestZModModelMockFunctionContract-CONTRACT
    
    

endmodule

module S2KsrcZModMyIERC20-VERIFICATION
    imports public S2KsrcZModMyIERC20-CONTRACT
    
    

endmodule

module S2KsrcZModMyToken-VERIFICATION
    imports public S2KsrcZModMyToken-CONTRACT
    
    

endmodule

module S2KtestZModNoImport-VERIFICATION
    imports public S2KtestZModNoImport-CONTRACT
    
    

endmodule

module S2KsrcZModcseZModUIntBinaryOp-VERIFICATION
    imports public S2KsrcZModcseZModUIntBinaryOp-CONTRACT
    
    

endmodule

module S2KsrcZModcseZModUIntUnaryOp-VERIFICATION
    imports public S2KsrcZModcseZModUIntUnaryOp-CONTRACT
    
    

endmodule

module S2KsrcZModOwnerUpOnly-VERIFICATION
    imports public S2KsrcZModOwnerUpOnly-CONTRACT
    
    

endmodule

module S2KtestZModOwnerUpOnlyTest-VERIFICATION
    imports public S2KtestZModOwnerUpOnlyTest-CONTRACT
    
    

endmodule

module S2KtestZModAdditionalToken-VERIFICATION
    imports public S2KtestZModAdditionalToken-CONTRACT
    
    

endmodule

module S2KtestZModMyErc20-VERIFICATION
    imports public S2KtestZModMyErc20-CONTRACT
    
    

endmodule

module S2KtestZModPlainPrankTest-VERIFICATION
    imports public S2KtestZModPlainPrankTest-CONTRACT
    
    

endmodule

module S2KsrcZModPortal-VERIFICATION
    imports public S2KsrcZModPortal-CONTRACT
    
    

endmodule

module S2KsrcZModTypes-VERIFICATION
    imports public S2KsrcZModTypes-CONTRACT
    
    

endmodule

module S2KtestZModPortalTest-VERIFICATION
    imports public S2KtestZModPortalTest-CONTRACT
    imports public PAUSABILITY-LEMMAS
    
    

endmodule

module S2KsrcZModPrank-VERIFICATION
    imports public S2KsrcZModPrank-CONTRACT
    
    

endmodule

module S2KtestZModPrankTest-VERIFICATION
    imports public S2KtestZModPrankTest-CONTRACT
    
    

endmodule

module S2KtestZModPrankTestMsgSender-VERIFICATION
    imports public S2KtestZModPrankTestMsgSender-CONTRACT
    
    

endmodule

module S2KtestZModPrankTestOrigin-VERIFICATION
    imports public S2KtestZModPrankTestOrigin-CONTRACT
    
    

endmodule

module S2KtestZModStartPrankTestMsgSender-VERIFICATION
    imports public S2KtestZModStartPrankTestMsgSender-CONTRACT
    
    

endmodule

module S2KtestZModStartPrankTestOrigin-VERIFICATION
    imports public S2KtestZModStartPrankTestOrigin-CONTRACT
    
    

endmodule

module S2KtestZModPreconditionsTest-VERIFICATION
    imports public S2KtestZModPreconditionsTest-CONTRACT
    
    

endmodule

module S2KtestZModRecordLogsTest-VERIFICATION
    imports public S2KtestZModRecordLogsTest-CONTRACT
    
    

endmodule

module S2KsrcZModSafe-VERIFICATION
    imports public S2KsrcZModSafe-CONTRACT
    
    

endmodule

module S2KtestZModSafeTest-VERIFICATION
    imports public S2KtestZModSafeTest-CONTRACT
    
    

endmodule

module S2KtestZModSetup2Test-VERIFICATION
    imports public S2KtestZModSetup2Test-CONTRACT
    
    

endmodule

module S2KtestZModSetUpDeployTest-VERIFICATION
    imports public S2KtestZModSetUpDeployTest-CONTRACT
    
    

endmodule

module S2KtestZModSetUpTest-VERIFICATION
    imports public S2KtestZModSetUpTest-CONTRACT
    
    

endmodule

module S2KtestZModSignTest-VERIFICATION
    imports public S2KtestZModSignTest-CONTRACT
    
    

endmodule

module S2KtestZModAssertTest-VERIFICATION
    imports public S2KtestZModAssertTest-CONTRACT
    
    

endmodule

module S2KtestZModnestedZModAssertNestedTest-VERIFICATION
    imports public S2KtestZModnestedZModAssertNestedTest-CONTRACT
    
    

endmodule

module S2KtestZModSnapshotTest-VERIFICATION
    imports public S2KtestZModSnapshotTest-CONTRACT
    
    

endmodule

module S2KlibZModforgeZSubstdZModsrcZModStdAssertions-VERIFICATION
    imports public S2KlibZModforgeZSubstdZModsrcZModStdAssertions-CONTRACT
    
    

endmodule

module S2KlibZModforgeZSubstdZModsrcZModStdChains-VERIFICATION
    imports public S2KlibZModforgeZSubstdZModsrcZModStdChains-CONTRACT
    
    

endmodule

module S2KlibZModforgeZSubstdZModsrcZModStdCheats-VERIFICATION
    imports public S2KlibZModforgeZSubstdZModsrcZModStdCheats-CONTRACT
    
    

endmodule

module S2KlibZModforgeZSubstdZModsrcZModStdCheatsSafe-VERIFICATION
    imports public S2KlibZModforgeZSubstdZModsrcZModStdCheatsSafe-CONTRACT
    
    

endmodule

module S2KlibZModforgeZSubstdZModsrcZModstdError-VERIFICATION
    imports public S2KlibZModforgeZSubstdZModsrcZModstdError-CONTRACT
    
    

endmodule

module S2KlibZModforgeZSubstdZModsrcZModStdInvariant-VERIFICATION
    imports public S2KlibZModforgeZSubstdZModsrcZModStdInvariant-CONTRACT
    
    

endmodule

module S2KlibZModforgeZSubstdZModsrcZModstdJson-VERIFICATION
    imports public S2KlibZModforgeZSubstdZModsrcZModstdJson-CONTRACT
    
    

endmodule

module S2KlibZModforgeZSubstdZModsrcZModstdMath-VERIFICATION
    imports public S2KlibZModforgeZSubstdZModsrcZModstdMath-CONTRACT
    
    

endmodule

module S2KlibZModforgeZSubstdZModsrcZModstdStorage-VERIFICATION
    imports public S2KlibZModforgeZSubstdZModsrcZModstdStorage-CONTRACT
    
    

endmodule

module S2KlibZModforgeZSubstdZModsrcZModstdStorageSafe-VERIFICATION
    imports public S2KlibZModforgeZSubstdZModsrcZModstdStorageSafe-CONTRACT
    
    

endmodule

module S2KlibZModforgeZSubstdZModsrcZModStdStyle-VERIFICATION
    imports public S2KlibZModforgeZSubstdZModsrcZModStdStyle-CONTRACT
    
    

endmodule

module S2KlibZModforgeZSubstdZModsrcZModStdUtils-VERIFICATION
    imports public S2KlibZModforgeZSubstdZModsrcZModStdUtils-CONTRACT
    
    

endmodule

module S2KtestZModStore-VERIFICATION
    imports public S2KtestZModStore-CONTRACT
    
    

endmodule

module S2KtestZModStoreTest-VERIFICATION
    imports public S2KtestZModStoreTest-CONTRACT
    
    

endmodule

module S2KtestZModSymbolicStorageTest-VERIFICATION
    imports public S2KtestZModSymbolicStorageTest-CONTRACT
    
    

endmodule

module S2KtestZModSymbolicStore-VERIFICATION
    imports public S2KtestZModSymbolicStore-CONTRACT
    
    

endmodule

module S2KlibZModforgeZSubstdZModsrcZModTest-VERIFICATION
    imports public S2KlibZModforgeZSubstdZModsrcZModTest-CONTRACT
    
    

endmodule

module S2KsrcZModTestNumber-VERIFICATION
    imports public S2KsrcZModTestNumber-CONTRACT
    
    

endmodule

module S2KtestZModToStringTest-VERIFICATION
    imports public S2KtestZModToStringTest-CONTRACT
    
    

endmodule

module S2KsrcZModToken-VERIFICATION
    imports public S2KsrcZModToken-CONTRACT
    
    

endmodule

module S2KtestZModBytesTypeTest-VERIFICATION
    imports public S2KtestZModBytesTypeTest-CONTRACT
    
    

endmodule

module S2KtestZModIntTypeTest-VERIFICATION
    imports public S2KtestZModIntTypeTest-CONTRACT
    
    

endmodule

module S2KtestZModStructTypeTest-VERIFICATION
    imports public S2KtestZModStructTypeTest-CONTRACT
    
    

endmodule

module S2KtestZModUintTypeTest-VERIFICATION
    imports public S2KtestZModUintTypeTest-CONTRACT
    
    

endmodule

module S2KsrcZModcseZModAddConst-VERIFICATION
    imports public S2KsrcZModcseZModAddConst-CONTRACT
    
    

endmodule

module S2KsrcZModcseZModIdentity-VERIFICATION
    imports public S2KsrcZModcseZModIdentity-CONTRACT
    
    

endmodule

module S2KsrcZModcseZModIterate-VERIFICATION
    imports public S2KsrcZModcseZModIterate-CONTRACT
    
    

endmodule

module S2KlibZModforgeZSubstdZModsrcZModVm-VERIFICATION
    imports public S2KlibZModforgeZSubstdZModsrcZModVm-CONTRACT
    
    

endmodule

module S2KlibZModforgeZSubstdZModsrcZModVmSafe-VERIFICATION
    imports public S2KlibZModforgeZSubstdZModsrcZModVmSafe-CONTRACT
    
    

endmodule

module S2KsrcZModcseZModWETH9-VERIFICATION
    imports public S2KsrcZModcseZModWETH9-CONTRACT
    
    

endmodule

module S2KlibZModforgeZSubstdZModsrcZModconsole-VERIFICATION
    imports public S2KlibZModforgeZSubstdZModsrcZModconsole-CONTRACT
    
    

endmodule

module S2KlibZModforgeZSubstdZModsrcZModconsole2-VERIFICATION
    imports public S2KlibZModforgeZSubstdZModsrcZModconsole2-CONTRACT
    
    

endmodule

module S2KlibZModforgeZSubstdZModsrcZModsafeconsole-VERIFICATION
    imports public S2KlibZModforgeZSubstdZModsrcZModsafeconsole-CONTRACT
    
    

endmodule

module S2KlibZModforgeZSubstdZModlibZModdsZSubtestZModsrcZModDSTest-VERIFICATION
    imports public S2KlibZModforgeZSubstdZModlibZModdsZSubtestZModsrcZModDSTest-CONTRACT
    
    

endmodule
