
┌─ 1 (root, init)
│   k: #execute ~> CONTINUATION:K
│   pc: 0
│   callDepth: 0
│   statusCode: STATUSCODE:StatusCode
│
│  (686 steps)
└─ 3 (leaf, terminal)
    k: #halt ~> CONTINUATION:K
    pc: 2698
    callDepth: 0
    statusCode: EVMC_REVERT


┌─ 2 (root, leaf, target, terminal)
│   k: #halt ~> CONTINUATION:K
│   pc: PC_CELL_5d410f2a:Int
│   callDepth: CALLDEPTH_CELL_5d410f2a:Int
│   statusCode: STATUSCODE_FINAL:StatusCode


Node 3:

( <generatedTop>
  <foundry>
    <kevm>
      <k>
        #halt
        ~> CONTINUATION:K
      </k>
      <exit-code>
        EXITCODE_CELL:Int
      </exit-code>
      <mode>
        NORMAL
      </mode>
      <schedule>
        SHANGHAI
      </schedule>
      <useGas>
        true
      </useGas>
      <ethereum>
        <evm>
          <output>
            b"NH{q\x00\x00\x00\x00\x00\x00\x00\x00\x00\x00\x00\x00\x00\x00\x00\x00\x00\x00\x00\x00\x00\x00\x00\x00\x00\x00\x00\x00\x00\x00\x00\x01"
          </output>
          <statusCode>
            EVMC_REVERT
          </statusCode>
          <callStack>
            .List
          </callStack>
          <interimStates>
            .List
          </interimStates>
          <touchedAccounts>
            .Set
          </touchedAccounts>
          <callState>
            ...
            ...
            <id>
              728815563385977040452943777879061427756277306518
            </id>
            <caller>
              CALLER_ID:Int
            </caller>
            <callData>
              b"c\xfe\xc36"
            </callData>
            <callValue>
              0
            </callValue>
            <wordStack>
              ( 778 : ( ( VGAS:Int +Int -298 ) : ( 583 : ( 928 : ( 345 : ( ( VGAS:Int +Int -207 ) : ( 266 : ( selector ( "testInfiniteGas()" ) : .WordStack ) ) ) ) ) ) ) )
            </wordStack>
            <localMem>
              b"NH{q\x00\x00\x00\x00\x00\x00\x00\x00\x00\x00\x00\x00\x00\x00\x00\x00\x00\x00\x00\x00\x00\x00\x00\x00\x00\x00\x00\x00\x00\x00\x00\x01\x00\x00\x00\x00\x00\x00\x00\x00\x00\x00\x00\x00\x00\x00\x00\x00\x00\x00\x00\x00\x00\x00\x00\x00\x00\x00\x00\x00\x00\x00\x00\x00\x00\x00\x00\x00\x00\x00\x00\x00\x00\x00\x00\x00\x00\x00\x00\x00\x00\x00\x00\x00\x00\x00\x00\x00\x00\x00\x00\x80"
            </localMem>
            ...
            ...
            <memoryUsed>
              3
            </memoryUsed>
            <callGas>
              CALLGAS_CELL:Gas
            </callGas>
            <static>
              false
            </static>
            <callDepth>
              0
            </callDepth>
          </callState>
          <substate>
            <selfDestruct>
              SELFDESTRUCT_CELL:Set
            </selfDestruct>
            <log>
              .List
            </log>
            <refund>
              REFUND_CELL:Int
            </refund>
            <accessedAccounts>
              .Set
            </accessedAccounts>
            <accessedStorage>
              .Map
            </accessedStorage>
          </substate>
          <gasPrice>
            GASPRICE_CELL:Int
          </gasPrice>
          <origin>
            ORIGIN_ID:Int
          </origin>
          <blockhashes>
            BLOCKHASHES_CELL:List
          </blockhashes>
          <block>
            <previousHash>
              PREVIOUSHASH_CELL:Int
            </previousHash>
            <ommersHash>
              OMMERSHASH_CELL:Int
            </ommersHash>
            <coinbase>
              COINBASE_CELL:Int
            </coinbase>
            <stateRoot>
              STATEROOT_CELL:Int
            </stateRoot>
            <transactionsRoot>
              TRANSACTIONSROOT_CELL:Int
            </transactionsRoot>
            <receiptsRoot>
              RECEIPTSROOT_CELL:Int
            </receiptsRoot>
            <logsBloom>
              LOGSBLOOM_CELL:Bytes
            </logsBloom>
            <difficulty>
              DIFFICULTY_CELL:Int
            </difficulty>
            <number>
              NUMBER_CELL:Int
            </number>
            <gasLimit>
              GASLIMIT_CELL:Int
            </gasLimit>
            <gasUsed>
              GASUSED_CELL:Gas
            </gasUsed>
            <timestamp>
              TIMESTAMP_CELL:Int
            </timestamp>
            <extraData>
              EXTRADATA_CELL:Bytes
            </extraData>
            <mixHash>
              MIXHASH_CELL:Int
            </mixHash>
            <blockNonce>
              BLOCKNONCE_CELL:Int
            </blockNonce>
            <baseFee>
              BASEFEE_CELL:Int
            </baseFee>
            <withdrawalsRoot>
              WITHDRAWALSROOT_CELL:Int
            </withdrawalsRoot>
            <ommerBlockHeaders>
              OMMERBLOCKHEADERS_CELL:JSON
            </ommerBlockHeaders>
          </block>
        </evm>
        <network>
          <chainID>
            CHAINID_CELL:Int
          </chainID>
          <accounts>
            ( <account>
              <acctID>
                645326474426547203313410069153905908525362434349
              </acctID>
              <balance>
                0
              </balance>
              ...
              <storage>
                .Map
              </storage>
              <origStorage>
                .Map
              </origStorage>
              <nonce>
                0
              </nonce>
            </account>
            <account>
              <acctID>
                728815563385977040452943777879061427756277306518
              </acctID>
              <balance>
                0
              </balance>
              ...
              <storage>
                .Map
              </storage>
              <origStorage>
                .Map
              </origStorage>
              <nonce>
                1
              </nonce>
            </account> )
          </accounts>
          <txOrder>
            TXORDER_CELL:List
          </txOrder>
          <txPending>
            TXPENDING_CELL:List
          </txPending>
          <messages>
            MESSAGES_CELL:MessageCellMap
          </messages>
        </network>
      </ethereum>
    </kevm>
    <cheatcodes>
      <prank>
        <prevCaller>
          PREVCALLER_CELL:Account
        </prevCaller>
        <prevOrigin>
          PREVORIGIN_CELL:Account
        </prevOrigin>
        <newCaller>
          NEWCALLER_CELL:Account
        </newCaller>
        <newOrigin>
          NEWORIGIN_CELL:Account
        </newOrigin>
        <active>
          false
        </active>
        <depth>
          DEPTH_CELL:Int
        </depth>
        <singleCall>
          false
        </singleCall>
      </prank>
      <expectedRevert>
        <isRevertExpected>
          false
        </isRevertExpected>
        <expectedReason>
          EXPECTEDREASON_CELL:Bytes
        </expectedReason>
        <expectedDepth>
          EXPECTEDDEPTH_CELL:Int
        </expectedDepth>
      </expectedRevert>
      <expectedOpcode>
        <isOpcodeExpected>
          false
        </isOpcodeExpected>
        <expectedAddress>
          EXPECTEDADDRESS_CELL:Account
        </expectedAddress>
        <expectedValue>
          EXPECTEDVALUE_CELL:Int
        </expectedValue>
        <expectedData>
          EXPECTEDDATA_CELL:Bytes
        </expectedData>
        <opcodeType>
          OPCODETYPE_CELL:OpcodeType
        </opcodeType>
      </expectedOpcode>
      <expectEmit>
        <recordEvent>
          false
        </recordEvent>
        <isEventExpected>
          false
        </isEventExpected>
        <checkedTopics>
          CHECKEDTOPICS_CELL:List
        </checkedTopics>
        <checkedData>
          CHECKEDDATA_CELL:Bool
        </checkedData>
        <expectedEventAddress>
          EXPECTEDEVENTADDRESS_CELL:Account
        </expectedEventAddress>
      </expectEmit>
      <whitelist>
        <isCallWhitelistActive>
          false
        </isCallWhitelistActive>
        <isStorageWhitelistActive>
          false
        </isStorageWhitelistActive>
        <addressSet>
          .Set
        </addressSet>
        <storageSlotSet>
          .Set
        </storageSlotSet>
      </whitelist>
      <mockCalls>
        .MockCallCellMap
      </mockCalls>
    </cheatcodes>
  </foundry>
  <generatedCounter>
    GENERATEDCOUNTER_CELL:Int
  </generatedCounter>
</generatedTop>
#And ( { true #Equals 0 <=Int CALLER_ID:Int }
#And ( { true #Equals 0 <=Int ORIGIN_ID:Int }
#And ( { true #Equals 0 <=Int NUMBER_CELL:Int }
#And ( { true #Equals 0 <=Int TIMESTAMP_CELL:Int }
#And ( { true #Equals CALLER_ID:Int <Int pow160 }
#And ( { true #Equals ORIGIN_ID:Int <Int pow160 }
#And ( { true #Equals CALLER_ID:Int =/=Int 645326474426547203313410069153905908525362434349 }
#And ( { true #Equals ORIGIN_ID:Int =/=Int 645326474426547203313410069153905908525362434349 }
#And ( { true #Equals CONTRACT_ID:Int =/=Int 645326474426547203313410069153905908525362434349 }
#And ( { true #Equals NUMBER_CELL:Int <=Int maxSInt256 }
#And ( { true #Equals TIMESTAMP_CELL:Int <Int pow256 }
#And ( { true #Equals ( notBool ( 0 <Int CALLER_ID:Int andBool CALLER_ID:Int <=Int 9 ) ) }
#And { true #Equals ( notBool ( 0 <Int ORIGIN_ID:Int andBool ORIGIN_ID:Int <=Int 9 ) ) } ) ) ) ) ) ) ) ) ) ) ) ) )



module SUMMARY-TEST%GASTEST.TESTINFINITEGAS():0
    
    
    rule [BASIC-BLOCK-1-TO-3]: <foundry>
           <kevm>
             <k>
               ( #execute => #halt )
               ~> _CONTINUATION
             </k>
             <mode>
               NORMAL
             </mode>
             <schedule>
               SHANGHAI
             </schedule>
             <useGas>
               true
             </useGas>
             <ethereum>
               <evm>
                 <output>
                   ( b"" => b"NH{q\x00\x00\x00\x00\x00\x00\x00\x00\x00\x00\x00\x00\x00\x00\x00\x00\x00\x00\x00\x00\x00\x00\x00\x00\x00\x00\x00\x00\x00\x00\x00\x01" )
                 </output>
                 <statusCode>
                   ( _STATUSCODE => EVMC_REVERT )
                 </statusCode>
                 <callStack>
                   .List
                 </callStack>
                 <interimStates>
                   .List
                 </interimStates>
                 <touchedAccounts>
                   .Set
                 </touchedAccounts>
                 <callState>
                   <id>
                     728815563385977040452943777879061427756277306518
                   </id>
                   <caller>
                     CALLER_ID:Int
                   </caller>
                   <callData>
                     b"c\xfe\xc36"
                   </callData>
                   <callValue>
                     0
                   </callValue>
                   <wordStack>
                     ( .WordStack => ( 778 : ( ( VGAS:Int +Int -298 ) : ( 583 : ( 928 : ( 345 : ( ( VGAS:Int +Int -207 ) : ( 266 : ( selector ( "testInfiniteGas()" ) : .WordStack ) ) ) ) ) ) ) ) )
                   </wordStack>
                   <localMem>
                     ( b"" => b"NH{q\x00\x00\x00\x00\x00\x00\x00\x00\x00\x00\x00\x00\x00\x00\x00\x00\x00\x00\x00\x00\x00\x00\x00\x00\x00\x00\x00\x00\x00\x00\x00\x01\x00\x00\x00\x00\x00\x00\x00\x00\x00\x00\x00\x00\x00\x00\x00\x00\x00\x00\x00\x00\x00\x00\x00\x00\x00\x00\x00\x00\x00\x00\x00\x00\x00\x00\x00\x00\x00\x00\x00\x00\x00\x00\x00\x00\x00\x00\x00\x00\x00\x00\x00\x00\x00\x00\x00\x00\x00\x00\x00\x80" )
                   </localMem>
                   <memoryUsed>
                     ( 0 => 3 )
                   </memoryUsed>
                   <static>
                     false
                   </static>
                   <callDepth>
                     0
                   </callDepth>
                   ...
                 </callState>
                 <substate>
                   <log>
                     .List
                   </log>
                   <accessedAccounts>
                     .Set
                   </accessedAccounts>
                   <accessedStorage>
                     .Map
                   </accessedStorage>
                   ...
                 </substate>
                 <origin>
                   ORIGIN_ID:Int
                 </origin>
                 <block>
                   <number>
                     NUMBER_CELL:Int
                   </number>
                   <timestamp>
                     TIMESTAMP_CELL:Int
                   </timestamp>
                   ...
                 </block>
                 ...
               </evm>
               <network>
                 <accounts>
                   ( <account>
                     <acctID>
                       645326474426547203313410069153905908525362434349
                     </acctID>
                     <balance>
                       0
                     </balance>
                     <storage>
                       .Map
                     </storage>
                     <origStorage>
                       .Map
                     </origStorage>
                     <nonce>
                       0
                     </nonce>
                     ...
                   </account>
                   <account>
                     <acctID>
                       728815563385977040452943777879061427756277306518
                     </acctID>
                     <balance>
                       0
                     </balance>
                     <storage>
                       .Map
                     </storage>
                     <origStorage>
                       .Map
                     </origStorage>
                     <nonce>
                       1
                     </nonce>
                     ...
                   </account> )
                 </accounts>
                 ...
               </network>
             </ethereum>
             ...
           </kevm>
           <cheatcodes>
             <prank>
               <active>
                 false
               </active>
               <singleCall>
                 false
               </singleCall>
               ...
             </prank>
             <expectedRevert>
               <isRevertExpected>
                 false
               </isRevertExpected>
               ...
             </expectedRevert>
             <expectedOpcode>
               <isOpcodeExpected>
                 false
               </isOpcodeExpected>
               ...
             </expectedOpcode>
             <expectEmit>
               <recordEvent>
                 false
               </recordEvent>
               <isEventExpected>
                 false
               </isEventExpected>
               ...
             </expectEmit>
             <whitelist>
               <isCallWhitelistActive>
                 false
               </isCallWhitelistActive>
               <isStorageWhitelistActive>
                 false
               </isStorageWhitelistActive>
               <addressSet>
                 .Set
               </addressSet>
               <storageSlotSet>
                 .Set
               </storageSlotSet>
             </whitelist>
             <mockCalls>
               .MockCallCellMap
             </mockCalls>
           </cheatcodes>
         </foundry>
      requires ( 0 <=Int CALLER_ID:Int
       andBool ( 0 <=Int ORIGIN_ID:Int
       andBool ( 0 <=Int NUMBER_CELL:Int
       andBool ( 0 <=Int TIMESTAMP_CELL:Int
       andBool ( CALLER_ID:Int =/=K 645326474426547203313410069153905908525362434349
       andBool ( ORIGIN_ID:Int =/=K 645326474426547203313410069153905908525362434349
       andBool ( CONTRACT_ID:Int =/=K 645326474426547203313410069153905908525362434349
       andBool ( CALLER_ID:Int <Int pow160
       andBool ( ORIGIN_ID:Int <Int pow160
       andBool ( NUMBER_CELL:Int <=Int maxSInt256
       andBool ( TIMESTAMP_CELL:Int <Int pow256
       andBool ( ( notBool ( 0 <Int CALLER_ID:Int andBool CALLER_ID:Int <=Int 9 ) )
       andBool ( ( notBool ( 0 <Int ORIGIN_ID:Int andBool ORIGIN_ID:Int <=Int 9 ) )
               )))))))))))))
       ensures ( CALLER_ID:Int =/=Int 645326474426547203313410069153905908525362434349
       andBool ( ORIGIN_ID:Int =/=Int 645326474426547203313410069153905908525362434349
       andBool ( CONTRACT_ID:Int =/=Int 645326474426547203313410069153905908525362434349
       andBool ( ( notBool ( 0 <Int CALLER_ID:Int andBool CALLER_ID:Int <=Int 9 ) )
       andBool ( ( notBool ( 0 <Int ORIGIN_ID:Int andBool ORIGIN_ID:Int <=Int 9 ) )
               )))))
      [priority(20), label(BASIC-BLOCK-1-TO-3)]

endmodule
1 Failure nodes. (0 pending and 1 failing)

Failing nodes:

  Node id: 3
  Failure reason:
    Matching failed.
    The remaining implication is:
    { true #Equals 0 <=Int CALLER_ID:Int }
    #And { true #Equals 0 <=Int ORIGIN_ID:Int }
    #And { true #Equals 0 <=Int NUMBER_CELL:Int }
    #And { true #Equals 0 <=Int TIMESTAMP_CELL:Int }
    #And #Not ( { CALLER_ID:Int #Equals 645326474426547203313410069153905908525362434349 } )
    #And #Not ( { ORIGIN_ID:Int #Equals 645326474426547203313410069153905908525362434349 } )
    #And #Not ( { CONTRACT_ID:Int #Equals 645326474426547203313410069153905908525362434349 } )
    #And { true #Equals CALLER_ID:Int <Int pow160 }
    #And { true #Equals ORIGIN_ID:Int <Int pow160 }
    #And { true #Equals NUMBER_CELL:Int <=Int maxSInt256 }
    #And { true #Equals TIMESTAMP_CELL:Int <Int pow256 }
    #And { false #Equals 0 <Int CALLER_ID:Int andBool CALLER_ID:Int <=Int 9 }
    #And { false #Equals 0 <Int ORIGIN_ID:Int andBool ORIGIN_ID:Int <=Int 9 } #Implies { true #Equals foundry_success ( ... statusCode: EVMC_REVERT , failed: #lookup ( .Map , 46308022326495007027972728677917914892729792999299745830475596687180801507328 ) , revertExpected: false , opcodeExpected: false , recordEventExpected: false , eventExpected: false ) }
  Path condition:
    #Top

Join the Runtime Verification Discord server for support: https://discord.com/invite/CurfmXNtbN

See `foundry_success` predicate for more information:
https://github.com/runtimeverification/kontrol/blob/master/src/kontrol/kdist/foundry.md#foundry-success-predicate

Access documentation for Kontrol at https://docs.runtimeverification.com/kontrol