
┌─ 1 (root, init)
│   k: #execute ~> CONTINUATION:K
│   pc: 0
│   callDepth: CALLDEPTH_CELL:Int
│   statusCode: STATUSCODE:StatusCode
│   src: src/cse/Unary.sol:6:16
│
│  (367 steps)
├─ 3 (split)
│   k: #checkDepthExceeded ~> #call CONTRACT_ID:Int CONTRACT_ID:Int CONTRACT_ID:Int 0 0 ...
│   pc: 148
│   callDepth: CALLDEPTH_CELL:Int
│   statusCode: STATUSCODE:StatusCode
│   src: src/cse/Unary.sol:12:15
┃
┃ (branch)
┣━━┓ constraint: { true #Equals CALLDEPTH_CELL:Int <Int 1024 }
┃  │
┃  ├─ 4
┃  │   k: #checkDepthExceeded ~> #call CONTRACT_ID:Int CONTRACT_ID:Int CONTRACT_ID:Int 0 0 ...
┃  │   pc: 148
┃  │   callDepth: CALLDEPTH_CELL:Int
┃  │   statusCode: STATUSCODE:StatusCode
┃  │   src: src/cse/Unary.sol:12:15
┃  │
┃  │  (345 steps)
┃  ├─ 6 (terminal)
┃  │   k: #halt ~> CONTINUATION:K
┃  │   pc: 87
┃  │   callDepth: CALLDEPTH_CELL:Int
┃  │   statusCode: EVMC_SUCCESS
┃  │   src: src/cse/Unary.sol:13:14
┃  │
┃  ┊  constraint: OMITTED CONSTRAINT
┃  ┊  subst: OMITTED SUBST
┃  └─ 2 (leaf, target, terminal)
┃      k: #halt ~> CONTINUATION:K
┃      pc: PC_CELL_5d410f2a:Int
┃      callDepth: CALLDEPTH_CELL_5d410f2a:Int
┃      statusCode: STATUSCODE_FINAL:StatusCode
┃
┗━━┓ constraint: { true #Equals 1024 <=Int CALLDEPTH_CELL:Int }
   │
   ├─ 5
   │   k: #checkDepthExceeded ~> #call CONTRACT_ID:Int CONTRACT_ID:Int CONTRACT_ID:Int 0 0 ...
   │   pc: 148
   │   callDepth: CALLDEPTH_CELL:Int
   │   statusCode: STATUSCODE:StatusCode
   │   src: src/cse/Unary.sol:12:15
   │
   │  (76 steps)
   ├─ 7 (terminal)
   │   k: #halt ~> CONTINUATION:K
   │   pc: 163
   │   callDepth: CALLDEPTH_CELL:Int
   │   statusCode: EVMC_REVERT
   │
   ┊  constraint: OMITTED CONSTRAINT
   ┊  subst: OMITTED SUBST
   └─ 2 (leaf, target, terminal)
       k: #halt ~> CONTINUATION:K
       pc: PC_CELL_5d410f2a:Int
       callDepth: CALLDEPTH_CELL_5d410f2a:Int
       statusCode: STATUSCODE_FINAL:StatusCode




