
┌─ 1 (root, init)
│   k: #execute ~> CONTINUATION:K
│   pc: 0
│   callDepth: CALLDEPTH_CELL:Int
│   statusCode: STATUSCODE:StatusCode
│
│  (48 steps)
├─ 3 (terminal)
│   k: #halt ~> CONTINUATION:K
│   pc: 21
│   callDepth: CALLDEPTH_CELL:Int
│   statusCode: EVMC_SUCCESS
│
┊  constraint: OMITTED CONSTRAINT
┊  subst: OMITTED SUBST
└─ 2 (leaf, target, terminal)
    k: #halt ~> CONTINUATION:K
    pc: PC_CELL_5d410f2a:Int
    callDepth: CALLDEPTH_CELL_5d410f2a:Int
    statusCode: STATUSCODE_FINAL:StatusCode




module SUMMARY-TEST%IMPORTEDCONTRACT.INIT:0
    
    
    rule [BASIC-BLOCK-1-TO-3]: <foundry>
           <kevm>
             <k>
               ( #execute => #halt )
               ~> _CONTINUATION
             </k>
             <mode>
               NORMAL
             </mode>
             <schedule>
               SHANGHAI
             </schedule>
             <useGas>
               false
             </useGas>
             <ethereum>
               <evm>
                 <output>
                   ( _OUTPUT_CELL => b"`\x80`@R`\x046\x10`0W`\x005`\xe0\x1c\x80c\x06f\x1a\xbd\x14`5W\x80c\x10\x03\xe2\xd2\x14`[W\x80c`\xfeG\xb1\x14`lW[`\x00\x80\xfd[4\x80\x15`@W`\x00\x80\xfd[P`I`\x00T\x81V[`@Q\x90\x81R` \x01`@Q\x80\x91\x03\x90\xf3[`j`f6`\x04`\xabV[`\x87V[\x00[4\x80\x15`wW`\x00\x80\xfd[P`j`\x836`\x04`\xabV[`\x99V[\x80`\x00T`\x93\x91\x90`\xc3V[`\x00UPV[`\x03`\x00T\x10\x15`\xa6WPV[`\x00UV[`\x00` \x82\x84\x03\x12\x15`\xbcW`\x00\x80\xfd[P5\x91\x90PV[`\x00\x82\x19\x82\x11\x15`\xe3WcNH{q`\xe0\x1b`\x00R`\x11`\x04R`$`\x00\xfd[P\x01\x90V\xfe\xa1dsolcC\x00\x08\r\x00\n" )
                 </output>
                 <statusCode>
                   ( _STATUSCODE => EVMC_SUCCESS )
                 </statusCode>
                 <callState>
                   <id>
                     C_IMPORTEDCONTRACT_ID:Int
                   </id>
                   <caller>
                     CALLER_ID:Int
                   </caller>
                   <callData>
                     CALLDATA_CELL:Bytes
                   </callData>
                   <callValue>
                     CALLVALUE_79cb2bc6:Int
                   </callValue>
                   <wordStack>
                     .WordStack
                   </wordStack>
                   <localMem>
                     ( b"" => b"`\x80`@R`\x046\x10`0W`\x005`\xe0\x1c\x80c\x06f\x1a\xbd\x14`5W\x80c\x10\x03\xe2\xd2\x14`[W\x80c`\xfeG\xb1\x14`lW[`\x00\x80\xfd[4\x80\x15`@W`\x00\x80\xfd[P`I`\x00T\x81V[`@Q\x90\x81R` \x01`@Q\x80\x91\x03\x90\xf3[`j`f6`\x04`\xabV[`\x87V[\x00[4\x80\x15`wW`\x00\x80\xfd[P`j`\x836`\x04`\xabV[`\x99V[\x80`\x00T`\x93\x91\x90`\xc3V[`\x00UPV[`\x03`\x00T\x10\x15`\xa6WPV[`\x00UV[`\x00` \x82\x84\x03\x12\x15`\xbcW`\x00\x80\xfd[P5\x91\x90PV[`\x00\x82\x19\x82\x11\x15`\xe3WcNH{q`\xe0\x1b`\x00R`\x11`\x04R`$`\x00\xfd[P\x01\x90V\xfe\xa1dsolcC\x00\x08\r\x00\n" )
                   </localMem>
                   <memoryUsed>
                     0
                   </memoryUsed>
                   <callGas>
                     0
                   </callGas>
                   <static>
                     false
                   </static>
                   ...
                 </callState>
                 <substate>
                   <refund>
                     0
                   </refund>
                   ...
                 </substate>
                 <origin>
                   ORIGIN_ID:Int
                 </origin>
                 <block>
                   <number>
                     NUMBER_CELL:Int
                   </number>
                   <timestamp>
                     TIMESTAMP_CELL:Int
                   </timestamp>
                   ...
                 </block>
                 ...
               </evm>
               <network>
                 <chainID>
                   1
                 </chainID>
                 <accounts>
                   ( <account>
                     <acctID>
                       C_IMPORTEDCONTRACT_ID:Int
                     </acctID>
                     <balance>
                       C_IMPORTEDCONTRACT_BAL:Int
                     </balance>
                     <storage>
                       ( C_IMPORTEDCONTRACT_STORAGE:Map => C_IMPORTEDCONTRACT_STORAGE:Map [ 0 <- 5 ] )
                     </storage>
                     <nonce>
                       C_IMPORTEDCONTRACT_NONCE:Int
                     </nonce>
                     ...
                   </account>
                   ACCOUNTS_REST:AccountCellMap )
                 </accounts>
                 ...
               </network>
             </ethereum>
             ...
           </kevm>
           <cheatcodes>
             <expectedOpcode>
               <isOpcodeExpected>
                 false
               </isOpcodeExpected>
               ...
             </expectedOpcode>
             <whitelist>
               <isCallWhitelistActive>
                 false
               </isCallWhitelistActive>
               <isStorageWhitelistActive>
                 false
               </isStorageWhitelistActive>
               <addressList>
                 .List
               </addressList>
               <storageSlotList>
                 .List
               </storageSlotList>
             </whitelist>
             <mockCalls>
               .MockCallCellMap
             </mockCalls>
             <mockFunctions>
               .MockFunctionCellMap
             </mockFunctions>
             ...
           </cheatcodes>
           <KEVMTracing>
             <activeTracing>
               false
             </activeTracing>
             <traceStorage>
               false
             </traceStorage>
             <traceWordStack>
               false
             </traceWordStack>
             <traceMemory>
               false
             </traceMemory>
             <recordedTrace>
               false
             </recordedTrace>
             <traceData>
               .List
             </traceData>
           </KEVMTracing>
         </foundry>
      requires ( 0 <=Int CALLER_ID:Int
       andBool ( 0 <=Int ORIGIN_ID:Int
       andBool ( pow24 <Int NUMBER_CELL:Int
       andBool ( 0 <=Int CALLVALUE_79cb2bc6:Int
       andBool ( NUMBER_CELL:Int <Int pow32
       andBool ( 0 <=Int C_IMPORTEDCONTRACT_ID:Int
       andBool ( 0 <=Int C_IMPORTEDCONTRACT_BAL:Int
       andBool ( 1073741824 <Int TIMESTAMP_CELL:Int
       andBool ( TIMESTAMP_CELL:Int <Int 34359738368
       andBool ( 0 <=Int C_IMPORTEDCONTRACT_NONCE:Int
       andBool ( CALLER_ID:Int =/=Int 645326474426547203313410069153905908525362434349
       andBool ( ORIGIN_ID:Int =/=Int 645326474426547203313410069153905908525362434349
       andBool ( C_IMPORTEDCONTRACT_NONCE:Int <Int maxUInt64
       andBool ( C_IMPORTEDCONTRACT_ID:Int =/=Int 645326474426547203313410069153905908525362434349
       andBool ( CALLER_ID:Int <Int pow160
       andBool ( ORIGIN_ID:Int <Int pow160
       andBool ( C_IMPORTEDCONTRACT_ID:Int <Int pow160
       andBool ( CALLVALUE_79cb2bc6:Int <Int pow256
       andBool ( C_IMPORTEDCONTRACT_BAL:Int <Int pow256
       andBool ( ( notBool <acctID>
          C_IMPORTEDCONTRACT_ID:Int
        </acctID> in_keys ( ACCOUNTS_REST:AccountCellMap ) )
       andBool ( lengthBytes ( CALLDATA_CELL:Bytes ) <Int pow128
       andBool ( ( notBool #range ( 0 < CALLER_ID:Int <= 9 ) )
       andBool ( ( notBool #range ( 0 < ORIGIN_ID:Int <= 9 ) )
       andBool ( ( notBool #range ( 0 < C_IMPORTEDCONTRACT_ID:Int <= 9 ) )
               ))))))))))))))))))))))))
      [priority(20), label(BASIC-BLOCK-1-TO-3)]

endmodule