
┌─ 1 (root, init)
│   k: #execute ~> CONTINUATION:K
│   pc: 0
│   callDepth: 0
│   statusCode: STATUSCODE:StatusCode
│   src: test/Precondition.t.sol:12:44
│   method: test%PreconditionTest.setUp()
│
│  (536 steps)
├─ 3 (terminal)
│   k: #halt ~> CONTINUATION:K
│   pc: 275
│   callDepth: 0
│   statusCode: EVMC_SUCCESS
│   src: test/Precondition.t.sol:15:17
│   method: test%PreconditionTest.setUp()
│
│  (1 step)
├─ 4
│   k: #execute ~> CONTINUATION:K
│   pc: 0
│   callDepth: 0
│   statusCode: STATUSCODE:StatusCode
│   src: test/Precondition.t.sol:12:44
│   method: test%PreconditionTest.testPrecondition_storage()
│
│  (233 steps)
├─ 6 (terminal)
│   k: #halt ~> CONTINUATION:K
│   pc: 275
│   callDepth: 0
│   statusCode: EVMC_SUCCESS
│   src: test/Precondition.t.sol:15:17
│   method: test%PreconditionTest.testPrecondition_storage()
│
┊  constraint: true
┊  subst: ...
└─ 5 (leaf, target, terminal)
    k: #halt ~> CONTINUATION:K
    pc: PC_CELL_5d410f2a:Int
    callDepth: CALLDEPTH_CELL_5d410f2a:Int
    statusCode: STATUSCODE_FINAL:StatusCode




module SUMMARY-TEST%PRECONDITIONTEST.TESTPRECONDITION-STORAGE():0
    
    
    rule [BASIC-BLOCK-1-TO-3]: <foundry>
           <kevm>
             <k>
               ( #execute => #halt )
               ~> _CONTINUATION:K
             </k>
             <mode>
               NORMAL
             </mode>
             <schedule>
               CANCUN
             </schedule>
             <useGas>
               false
             </useGas>
             <ethereum>
               <evm>
                 <output>
                   b""
                 </output>
                 <statusCode>
                   ( _STATUSCODE:StatusCode => EVMC_SUCCESS )
                 </statusCode>
                 <callStack>
                   .List
                 </callStack>
                 <interimStates>
                   .List
                 </interimStates>
                 <touchedAccounts>
                   .Set
                 </touchedAccounts>
                 <callState>
                   <id>
                     #address ( FoundryTest )
                   </id>
                   <caller>
                     137122462167341575662000267002353578582749290296
                   </caller>
                   <callData>
                     b"\n\x92T\xe4"
                   </callData>
                   <callValue>
                     0
                   </callValue>
                   <wordStack>
                     ( .WordStack => ( 177362148 : .WordStack ) )
                   </wordStack>
                   <localMem>
                     ( b"" => b"\x00\x00\x00\x00\x00\x00\x00\x00\x00\x00\x00\x00\x00\x00\x00\x00\x00\x00\x00\x00\x00\x00\x00\x00\x00\x00\x00\x00\x00\x00\x00\x00\x00\x00\x00\x00\x00\x00\x00\x00\x00\x00\x00\x00\x00\x00\x00\x00\x00\x00\x00\x00\x00\x00\x00\x00\x00\x00\x00\x00\x00\x00\x00\x00\x00\x00\x00\x00\x00\x00\x00\x00\x00\x00\x00\x00\x00\x00\x00\x00\x00\x00\x00\x00\x00\x00\x00\x00\x00\x00\x00\x00\x00\x00\x00\xa0\x00\x00\x00\x00\x00\x00\x00\x00\x00\x00\x00\x00\x00\x00\x00\x00\x00\x00\x00\x00\x00\x00\x00\x00\x00\x00\x00\x00\x00\x00\x00\x00" +Bytes #buf ( 32 , ??WORD:Int ) )
                   </localMem>
                   <memoryUsed>
                     0
                   </memoryUsed>
                   <callGas>
                     0
                   </callGas>
                   <static>
                     false
                   </static>
                   <callDepth>
                     0
                   </callDepth>
                   <codeAddr>
                     #address ( FoundryTest )
                   </codeAddr>
                   ...
                 </callState>
                 <substate>
                   <log>
                     .List
                   </log>
                   <refund>
                     0
                   </refund>
                   <accessedAccounts>
                     ( .Set => SetItem ( #address ( FoundryCheat ) ) )
                   </accessedAccounts>
                   <accessedStorage>
                     .Map
                   </accessedStorage>
                   <createdAccounts>
                     .Set
                   </createdAccounts>
                   ...
                 </substate>
                 <origin>
                   137122462167341575662000267002353578582749290296
                 </origin>
                 <block>
                   <number>
                     NUMBER_CELL:Int
                   </number>
                   <timestamp>
                     TIMESTAMP_CELL:Int
                   </timestamp>
                   ...
                 </block>
                 ...
               </evm>
               <network>
                 <chainID>
                   1
                 </chainID>
                 <accounts>
                   ( <account>
                     <acctID>
                       #address ( FoundryCheat )
                     </acctID>
                     <balance>
                       0
                     </balance>
                     <storage>
                       .Map
                     </storage>
                     <origStorage>
                       .Map
                     </origStorage>
                     <transientStorage>
                       .Map
                     </transientStorage>
                     <nonce>
                       0
                     </nonce>
                     ...
                   </account>
                   <account>
                     <acctID>
                       #address ( FoundryTest )
                     </acctID>
                     <balance>
                       maxUInt96
                     </balance>
                     <storage>
                       ( .Map => ( 32 |-> ??WORD:Int ) )
                     </storage>
                     <origStorage>
                       .Map
                     </origStorage>
                     <transientStorage>
                       .Map
                     </transientStorage>
                     <nonce>
                       1
                     </nonce>
                     ...
                   </account> )
                 </accounts>
                 ...
               </network>
             </ethereum>
             ...
           </kevm>
           <stackChecks>
             false
           </stackChecks>
           <cheatcodes>
             <prank>
               <active>
                 false
               </active>
               <depth>
                 0
               </depth>
               <singleCall>
                 false
               </singleCall>
               ...
             </prank>
             <expectedRevert>
               <isRevertExpected>
                 false
               </isRevertExpected>
               <expectedDepth>
                 0
               </expectedDepth>
               ...
             </expectedRevert>
             <expectedOpcode>
               <isOpcodeExpected>
                 false
               </isOpcodeExpected>
               ...
             </expectedOpcode>
             <expectEmit>
               <recordEvent>
                 false
               </recordEvent>
               <isEventExpected>
                 false
               </isEventExpected>
               ...
             </expectEmit>
             <whitelist>
               <isCallWhitelistActive>
                 false
               </isCallWhitelistActive>
               <allowedCallsList>
                 .List
               </allowedCallsList>
               <isStorageWhitelistActive>
                 false
               </isStorageWhitelistActive>
               <storageSlotList>
                 .List
               </storageSlotList>
             </whitelist>
             <mockCalls>
               .MockCallCellMap
             </mockCalls>
             <mockFunctions>
               .MockFunctionCellMap
             </mockFunctions>
           </cheatcodes>
         </foundry>
      requires ( pow24 <Int NUMBER_CELL:Int
       andBool ( NUMBER_CELL:Int <Int pow32
       andBool ( 1073741824 <Int TIMESTAMP_CELL:Int
       andBool ( TIMESTAMP_CELL:Int <Int 34359738368
               ))))
       ensures ( 0 <=Int ??WORD:Int
       andBool ( ??WORD:Int <Int pow256
               ))
      [priority(20), label(BASIC-BLOCK-1-TO-3)]
    
    rule [BASIC-BLOCK-3-TO-4]: <foundry>
           <kevm>
             <k>
               ( #halt => #execute )
               ~> _CONTINUATION:K
             </k>
             <mode>
               NORMAL
             </mode>
             <schedule>
               CANCUN
             </schedule>
             <useGas>
               false
             </useGas>
             <ethereum>
               <evm>
                 <output>
                   b""
                 </output>
                 <statusCode>
                   ( EVMC_SUCCESS => ?_STATUSCODE:StatusCode )
                 </statusCode>
                 <callStack>
                   .List
                 </callStack>
                 <interimStates>
                   .List
                 </interimStates>
                 <touchedAccounts>
                   .Set
                 </touchedAccounts>
                 <callState>
                   <id>
                     #address ( FoundryTest )
                   </id>
                   <caller>
                     137122462167341575662000267002353578582749290296
                   </caller>
                   <callData>
                     ( b"\n\x92T\xe4" => b"\xca\xe5\xc6\x11" )
                   </callData>
                   <callValue>
                     0
                   </callValue>
                   <wordStack>
                     ( ( 177362148 : .WordStack ) => .WordStack )
                   </wordStack>
                   <localMem>
                     ( b"\x00\x00\x00\x00\x00\x00\x00\x00\x00\x00\x00\x00\x00\x00\x00\x00\x00\x00\x00\x00\x00\x00\x00\x00\x00\x00\x00\x00\x00\x00\x00\x00\x00\x00\x00\x00\x00\x00\x00\x00\x00\x00\x00\x00\x00\x00\x00\x00\x00\x00\x00\x00\x00\x00\x00\x00\x00\x00\x00\x00\x00\x00\x00\x00\x00\x00\x00\x00\x00\x00\x00\x00\x00\x00\x00\x00\x00\x00\x00\x00\x00\x00\x00\x00\x00\x00\x00\x00\x00\x00\x00\x00\x00\x00\x00\xa0\x00\x00\x00\x00\x00\x00\x00\x00\x00\x00\x00\x00\x00\x00\x00\x00\x00\x00\x00\x00\x00\x00\x00\x00\x00\x00\x00\x00\x00\x00\x00\x00" +Bytes #buf ( 32 , ?WORD:Int ) => b"" )
                   </localMem>
                   <memoryUsed>
                     0
                   </memoryUsed>
                   <callGas>
                     0
                   </callGas>
                   <static>
                     false
                   </static>
                   <callDepth>
                     0
                   </callDepth>
                   <codeAddr>
                     #address ( FoundryTest )
                   </codeAddr>
                   ...
                 </callState>
                 <substate>
                   <log>
                     .List
                   </log>
                   <refund>
                     0
                   </refund>
                   <accessedAccounts>
                     ( SetItem ( #address ( FoundryCheat ) ) => .Set )
                   </accessedAccounts>
                   <accessedStorage>
                     .Map
                   </accessedStorage>
                   <createdAccounts>
                     .Set
                   </createdAccounts>
                   ...
                 </substate>
                 <origin>
                   137122462167341575662000267002353578582749290296
                 </origin>
                 <block>
                   <number>
                     NUMBER_CELL:Int
                   </number>
                   <timestamp>
                     TIMESTAMP_CELL:Int
                   </timestamp>
                   ...
                 </block>
                 ...
               </evm>
               <network>
                 <chainID>
                   1
                 </chainID>
                 <accounts>
                   ( <account>
                     <acctID>
                       #address ( FoundryCheat )
                     </acctID>
                     <balance>
                       0
                     </balance>
                     <storage>
                       .Map
                     </storage>
                     <origStorage>
                       .Map
                     </origStorage>
                     <transientStorage>
                       .Map
                     </transientStorage>
                     <nonce>
                       0
                     </nonce>
                     ...
                   </account>
                   <account>
                     <acctID>
                       #address ( FoundryTest )
                     </acctID>
                     <balance>
                       maxUInt96
                     </balance>
                     <storage>
                       ( 32 |-> ( ?WORD:Int => 6000000000000000000 ) )
                     </storage>
                     <origStorage>
                       .Map
                     </origStorage>
                     <transientStorage>
                       .Map
                     </transientStorage>
                     <nonce>
                       1
                     </nonce>
                     ...
                   </account> )
                 </accounts>
                 ...
               </network>
             </ethereum>
             ...
           </kevm>
           <stackChecks>
             false
           </stackChecks>
           <cheatcodes>
             <prank>
               <active>
                 false
               </active>
               <depth>
                 0
               </depth>
               <singleCall>
                 false
               </singleCall>
               ...
             </prank>
             <expectedRevert>
               <isRevertExpected>
                 false
               </isRevertExpected>
               <expectedDepth>
                 0
               </expectedDepth>
               ...
             </expectedRevert>
             <expectedOpcode>
               <isOpcodeExpected>
                 false
               </isOpcodeExpected>
               ...
             </expectedOpcode>
             <expectEmit>
               <recordEvent>
                 false
               </recordEvent>
               <isEventExpected>
                 false
               </isEventExpected>
               ...
             </expectEmit>
             <whitelist>
               <isCallWhitelistActive>
                 false
               </isCallWhitelistActive>
               <allowedCallsList>
                 .List
               </allowedCallsList>
               <isStorageWhitelistActive>
                 false
               </isStorageWhitelistActive>
               <storageSlotList>
                 .List
               </storageSlotList>
             </whitelist>
             <mockCalls>
               .MockCallCellMap
             </mockCalls>
             <mockFunctions>
               .MockFunctionCellMap
             </mockFunctions>
           </cheatcodes>
         </foundry>
      requires ( 0 <=Int ?WORD:Int
       andBool ( pow24 <Int NUMBER_CELL:Int
       andBool ( NUMBER_CELL:Int <Int pow32
       andBool ( 1073741824 <Int TIMESTAMP_CELL:Int
       andBool ( TIMESTAMP_CELL:Int <Int 34359738368
       andBool ( ?WORD:Int <Int pow256
               ))))))
       ensures ?WORD:Int ==Int 6000000000000000000
      [priority(20), label(BASIC-BLOCK-3-TO-4)]
    
    rule [BASIC-BLOCK-4-TO-6]: <foundry>
           <kevm>
             <k>
               ( #execute => #halt )
               ~> _CONTINUATION:K
             </k>
             <mode>
               NORMAL
             </mode>
             <schedule>
               CANCUN
             </schedule>
             <useGas>
               false
             </useGas>
             <ethereum>
               <evm>
                 <output>
                   b""
                 </output>
                 <statusCode>
                   ( _STATUSCODE:StatusCode => EVMC_SUCCESS )
                 </statusCode>
                 <callStack>
                   .List
                 </callStack>
                 <interimStates>
                   .List
                 </interimStates>
                 <touchedAccounts>
                   .Set
                 </touchedAccounts>
                 <callState>
                   <id>
                     #address ( FoundryTest )
                   </id>
                   <caller>
                     137122462167341575662000267002353578582749290296
                   </caller>
                   <callData>
                     b"\xca\xe5\xc6\x11"
                   </callData>
                   <callValue>
                     0
                   </callValue>
                   <wordStack>
                     ( .WordStack => ( 3404056081 : .WordStack ) )
                   </wordStack>
                   <localMem>
                     ( b"" => b"\x00\x00\x00\x00\x00\x00\x00\x00\x00\x00\x00\x00\x00\x00\x00\x00\x00\x00\x00\x00\x00\x00\x00\x00\x00\x00\x00\x00\x00\x00\x00\x00\x00\x00\x00\x00\x00\x00\x00\x00\x00\x00\x00\x00\x00\x00\x00\x00\x00\x00\x00\x00\x00\x00\x00\x00\x00\x00\x00\x00\x00\x00\x00\x00\x00\x00\x00\x00\x00\x00\x00\x00\x00\x00\x00\x00\x00\x00\x00\x00\x00\x00\x00\x00\x00\x00\x00\x00\x00\x00\x00\x00\x00\x00\x00\x80" )
                   </localMem>
                   <memoryUsed>
                     0
                   </memoryUsed>
                   <callGas>
                     0
                   </callGas>
                   <static>
                     false
                   </static>
                   <callDepth>
                     0
                   </callDepth>
                   <codeAddr>
                     #address ( FoundryTest )
                   </codeAddr>
                   ...
                 </callState>
                 <substate>
                   <log>
                     .List
                   </log>
                   <refund>
                     0
                   </refund>
                   <accessedAccounts>
                     .Set
                   </accessedAccounts>
                   <accessedStorage>
                     .Map
                   </accessedStorage>
                   <createdAccounts>
                     .Set
                   </createdAccounts>
                   ...
                 </substate>
                 <origin>
                   137122462167341575662000267002353578582749290296
                 </origin>
                 <block>
                   <number>
                     NUMBER_CELL:Int
                   </number>
                   <timestamp>
                     TIMESTAMP_CELL:Int
                   </timestamp>
                   ...
                 </block>
                 ...
               </evm>
               <network>
                 <chainID>
                   1
                 </chainID>
                 <accounts>
                   ( <account>
                     <acctID>
                       #address ( FoundryCheat )
                     </acctID>
                     <balance>
                       0
                     </balance>
                     <storage>
                       .Map
                     </storage>
                     <origStorage>
                       .Map
                     </origStorage>
                     <transientStorage>
                       .Map
                     </transientStorage>
                     <nonce>
                       0
                     </nonce>
                     ...
                   </account>
                   <account>
                     <acctID>
                       #address ( FoundryTest )
                     </acctID>
                     <balance>
                       maxUInt96
                     </balance>
                     <storage>
                       ( 32 |-> 6000000000000000000 )
                     </storage>
                     <origStorage>
                       .Map
                     </origStorage>
                     <transientStorage>
                       .Map
                     </transientStorage>
                     <nonce>
                       1
                     </nonce>
                     ...
                   </account> )
                 </accounts>
                 ...
               </network>
             </ethereum>
             ...
           </kevm>
           <stackChecks>
             false
           </stackChecks>
           <cheatcodes>
             <prank>
               <active>
                 false
               </active>
               <depth>
                 0
               </depth>
               <singleCall>
                 false
               </singleCall>
               ...
             </prank>
             <expectedRevert>
               <isRevertExpected>
                 false
               </isRevertExpected>
               <expectedDepth>
                 0
               </expectedDepth>
               ...
             </expectedRevert>
             <expectedOpcode>
               <isOpcodeExpected>
                 false
               </isOpcodeExpected>
               ...
             </expectedOpcode>
             <expectEmit>
               <recordEvent>
                 false
               </recordEvent>
               <isEventExpected>
                 false
               </isEventExpected>
               ...
             </expectEmit>
             <whitelist>
               <isCallWhitelistActive>
                 false
               </isCallWhitelistActive>
               <allowedCallsList>
                 .List
               </allowedCallsList>
               <isStorageWhitelistActive>
                 false
               </isStorageWhitelistActive>
               <storageSlotList>
                 .List
               </storageSlotList>
             </whitelist>
             <mockCalls>
               .MockCallCellMap
             </mockCalls>
             <mockFunctions>
               .MockFunctionCellMap
             </mockFunctions>
           </cheatcodes>
         </foundry>
      requires ( _?WORD:Int ==Int 6000000000000000000
       andBool ( pow24 <Int NUMBER_CELL:Int
       andBool ( NUMBER_CELL:Int <Int pow32
       andBool ( 1073741824 <Int TIMESTAMP_CELL:Int
       andBool ( TIMESTAMP_CELL:Int <Int 34359738368
               )))))
      [priority(20), label(BASIC-BLOCK-4-TO-6)]

endmodule
0 Failure nodes. (0 pending and 0 failing)

Join the Runtime Verification Discord server (https://discord.com/invite/CurfmXNtbN) or Telegram group (https://t.me/rv_kontrol) for support.

Access documentation for Kontrol at https://docs.runtimeverification.com/kontrol