pragma solidity 0.8.26;

library SimpleStorageStorageConstants {
    uint256 public constant STORAGE_TOTALSUPPLY_SLOT = 0;
    uint256 public constant STORAGE_TOTALSUPPLY_OFFSET = 0;
    uint256 public constant STORAGE_TOTALSUPPLY_SIZE = 32;
    uint256 public constant STORAGE_OWNER_SLOT = 1;
    uint256 public constant STORAGE_OWNER_OFFSET = 0;
    uint256 public constant STORAGE_OWNER_SIZE = 20;
    uint256 public constant STORAGE_BALANCES_SLOT = 2;
    uint256 public constant STORAGE_BALANCES_OFFSET = 0;
    uint256 public constant STORAGE_BALANCES_SIZE = 32;
    uint256 public constant STORAGE_CURRENTUSER_ID_SLOT = 3;
    uint256 public constant STORAGE_CURRENTUSER_ID_OFFSET = 0;
    uint256 public constant STORAGE_CURRENTUSER_ID_SIZE = 32;
    uint256 public constant STORAGE_CURRENTUSER_WALLET_SLOT = 4;
    uint256 public constant STORAGE_CURRENTUSER_WALLET_OFFSET = 0;
    uint256 public constant STORAGE_CURRENTUSER_WALLET_SIZE = 20;
    uint256 public constant STORAGE_CURRENTUSER_ISACTIVE_SLOT = 4;
    uint256 public constant STORAGE_CURRENTUSER_ISACTIVE_OFFSET = 20;
    uint256 public constant STORAGE_CURRENTUSER_ISACTIVE_SIZE = 1;
    uint256 public constant STRUCT_SIMPLESTORAGE_USER_ID_SLOT = 0;
    uint256 public constant STRUCT_SIMPLESTORAGE_USER_ID_OFFSET = 0;
    uint256 public constant STRUCT_SIMPLESTORAGE_USER_ID_SIZE = 32;
    uint256 public constant STRUCT_SIMPLESTORAGE_USER_WALLET_SLOT = 1;
    uint256 public constant STRUCT_SIMPLESTORAGE_USER_WALLET_OFFSET = 0;
    uint256 public constant STRUCT_SIMPLESTORAGE_USER_WALLET_SIZE = 20;
    uint256 public constant STRUCT_SIMPLESTORAGE_USER_ISACTIVE_SLOT = 1;
    uint256 public constant STRUCT_SIMPLESTORAGE_USER_ISACTIVE_OFFSET = 20;
    uint256 public constant STRUCT_SIMPLESTORAGE_USER_ISACTIVE_SIZE = 1;
}